# serializer version: 1
# name: test_milestones_ur[False-is-paper-no-complete-check-vollstaendigkeitspruefung-complete-False-Sekretariat der Gemeindebaubeh\xf6rde]
  dict({
    'sections': list([
      dict({
        'fields': list([
          dict({
            'label': 'Dossier eingereicht',
            'slug': 'instance-submitted',
            'value': '2023-01-01T19:00:00Z',
          }),
          dict({
            'label': 'Nachforderung Gemeinde',
            'slug': 'additional-demand',
            'value': list([
            ]),
          }),
          dict({
            'label': 'Vollständigkeitsprüfung abgeschlossen',
            'slug': 'check-completed',
            'value': list([
              '2023-01-01T19:00:00Z',
            ]),
          }),
          dict({
            'label': 'Dossier vollständig',
            'slug': 'instance-complete',
            'value': '2023-01-01T19:00:00Z',
          }),
          dict({
            'label': 'Publikationsdatum',
            'slug': 'publication-date',
            'value': '2023-12-31T00:00:00Z',
          }),
          dict({
            'label': 'Eingang Einsprachen',
            'slug': 'einsprache',
            'value': list([
            ]),
          }),
          dict({
            'label': 'Start Zirkulation',
            'slug': 'start-circulation-new',
            'value': list([
            ]),
          }),
          dict({
            'label': 'Weiterleitung an KOOR',
            'slug': '',
            'value': list([
              '2023-12-31T00:00:00Z',
            ]),
          }),
          dict({
            'label': 'Zirkulation beendet',
            'slug': 'distribution-completed',
            'value': list([
            ]),
          }),
          dict({
            'label': 'Versand Stellungnahme Vorentscheid',
            'slug': 'statement-preliminary-decision',
            'value': '2023-01-01T19:00:00Z',
          }),
          dict({
            'label': 'Versand Bau- und Einspracheentscheid',
            'slug': 'building-decision',
            'value': None,
          }),
          dict({
            'label': 'Empfangsbestätigung Stellungnahme Vorentscheid',
            'slug': 'receipt-confirmation-of-preliminary-decision',
            'value': '2023-12-31T00:00:00Z',
          }),
          dict({
            'label': 'Empfangsbestätigung Bau- und Einspracheentscheid',
            'slug': 'receipt-confirmation-of-decision-documents',
            'value': None,
          }),
          dict({
            'label': 'Baubewilligung gültig bis',
            'slug': 'baubewilligung-gueltig-bis',
            'value': list([
            ]),
          }),
          dict({
            'label': 'Prüfung durch Gemeinde (migriert)',
            'slug': 'review-building-commission',
            'value': list([
            ]),
          }),
          dict({
            'label': 'Eingang Post (migriert)',
            'slug': 'paper-submission',
            'value': list([
            ]),
          }),
          dict({
            'label': 'Einsprachefrist (migriert)',
            'slug': 'objection-deadline',
            'value': '2023-12-31T23:00:00Z',
          }),
          dict({
            'label': 'Weiterleitung an KOOR (migriert)',
            'slug': 'submission-to-koor',
            'value': '2023-12-31T23:00:00Z',
          }),
          dict({
            'label': 'Start Zirkulation (migriert)',
            'slug': 'start-circulation',
            'value': '2024-01-01T19:00:00Z',
          }),
          dict({
            'label': 'Bau- und Einspracheentscheid (migriert)',
            'slug': 'building-decision-migrated',
            'value': '2023-12-31T23:00:00Z',
          }),
          dict({
            'label': 'Versand Stellungnahme Vorentscheid per Post (migriert)',
            'slug': 'dispatch-statement-preliminary-decision-by-post',
            'value': '2023-12-31T23:00:00Z',
          }),
          dict({
            'label': 'Versand / Stellungnahme - Vorentscheid per Mail (migriert)',
            'slug': 'dispatch-statement-preliminary-decision-by-email',
            'value': '2023-12-31T23:00:00Z',
          }),
          dict({
            'label': 'Versand Entscheiddokumente per Post (migriert)',
            'slug': 'dispatch-decision-documents-by-post',
            'value': '2023-12-31T23:00:00Z',
          }),
          dict({
            'label': 'Versand Entscheiddokumente per Mail (migriert)',
            'slug': 'dispatch-decision-documents-by-email',
            'value': '2023-12-31T23:00:00Z',
          }),
          dict({
            'label': 'Versand Entscheiddokumente per Portal (migriert)',
            'slug': 'dispatch-decision-documents-by-portal',
            'value': '2023-12-31T23:00:00Z',
          }),
        ]),
        'label': 'Ordentliches Verfahren',
        'slug': 'regular-process',
      }),
      dict({
        'fields': list([
          dict({
            'label': 'Meldung Bau- und Einspracheentscheid an Geometer',
            'slug': 'notice-to-geometer',
            'value': '2023-01-01T19:00:00Z',
          }),
          dict({
            'label': 'Meldung Baubewilligung an Geometer (migriert)',
            'slug': 'notification-building-permit-to-surveyor',
            'value': '2023-12-31T23:00:00Z',
          }),
        ]),
        'label': 'Meldungen an Dritte ordentliches Verfahren',
        'slug': 'reports-to-third-parties-regular-process',
      }),
      dict({
        'fields': list([
          dict({
            'label': 'Meldung Gebäudeabbruch an Geometer',
            'slug': 'meldung-gebaeudeabbruch-an-geometer',
            'value': list([
            ]),
          }),
          dict({
            'label': 'Meldung Bau beendet an Geometer',
            'slug': 'bauverwaltung-meldung-bau-beendet-an-geometer',
            'value': list([
            ]),
          }),
          dict({
            'label': 'Meldung Bau beendet an Gebäudeschätzung FGS (Versicherung)',
            'slug': 'notice-to-gebaeudeschaetzung',
            'value': list([
            ]),
          }),
          dict({
            'label': 'Meldung Bau beendet an Liegenschaftsschätzung (Steuern)',
            'slug': 'notice-to-liegenschaftsschaetzung',
            'value': list([
            ]),
          }),
          dict({
            'label': 'Meldung bereit zur Kanalisationsabnahme an Abwasser Uri',
            'slug': 'meldung-bereit-zur-kanalisationsabnahme-an-abwasser-uri',
            'value': list([
            ]),
          }),
          dict({
            'label': 'Meldung bereit zur Schnurgerüstabnahme an Geometer',
            'slug': 'meldung-bereit-zur-schnurgeruestabnahme-an-geometer',
            'value': list([
            ]),
          }),
          dict({
            'label': 'Baubeginn erfolgt (migriert)',
            'slug': 'start-of-construction',
            'value': '2023-12-31T23:00:00Z',
          }),
          dict({
            'label': 'Abnahme Schnurgerüst (migriert)',
            'slug': 'acceptance-of-sectional-framework',
            'value': '2023-12-31T23:00:00Z',
          }),
          dict({
            'label': 'Abnahme Rohbau (migriert)',
            'slug': 'acceptance-of-shell-construction',
            'value': '2023-12-31T23:00:00Z',
          }),
          dict({
            'label': 'Bau beendet (migriert)',
            'slug': 'construction-finished',
            'value': '2023-12-31T23:00:00Z',
          }),
          dict({
            'label': 'Endabnahme erfolgt (migriert)',
            'slug': 'final-acceptance-completed',
            'value': '2023-12-31T23:00:00Z',
          }),
          dict({
            'label': 'Dossier archiviert (migriert)',
            'slug': 'dossier-archived',
            'value': '2023-12-31T23:00:00Z',
          }),
        ]),
        'label': 'Meldungen an Dritte Baubegleitungsprozess',
        'slug': 'reports-to-third-parties-construction-monitoring',
      }),
    ]),
  })
# ---
# name: test_milestones_ur[False-is-paper-no-complete-check-vollstaendigkeitspruefung-incomplete-False-Sekretariat der Gemeindebaubeh\xf6rde]
  dict({
    'sections': list([
      dict({
        'fields': list([
          dict({
            'label': 'Dossier eingereicht',
            'slug': 'instance-submitted',
            'value': '2023-01-01T19:00:00Z',
          }),
          dict({
            'label': 'Nachforderung Gemeinde',
            'slug': 'additional-demand',
            'value': list([
            ]),
          }),
          dict({
            'label': 'Vollständigkeitsprüfung abgeschlossen',
            'slug': 'check-completed',
            'value': list([
              '2023-01-01T19:00:00Z',
            ]),
          }),
          dict({
            'label': 'Dossier vollständig',
            'slug': 'instance-complete',
            'value': '2023-01-01T19:00:00Z',
          }),
          dict({
            'label': 'Publikationsdatum',
            'slug': 'publication-date',
            'value': '2023-12-31T00:00:00Z',
          }),
          dict({
            'label': 'Eingang Einsprachen',
            'slug': 'einsprache',
            'value': list([
            ]),
          }),
          dict({
            'label': 'Start Zirkulation',
            'slug': 'start-circulation-new',
            'value': list([
            ]),
          }),
          dict({
            'label': 'Weiterleitung an KOOR',
            'slug': '',
            'value': list([
              '2023-12-31T00:00:00Z',
            ]),
          }),
          dict({
            'label': 'Zirkulation beendet',
            'slug': 'distribution-completed',
            'value': list([
            ]),
          }),
          dict({
            'label': 'Versand Stellungnahme Vorentscheid',
            'slug': 'statement-preliminary-decision',
            'value': '2023-01-01T19:00:00Z',
          }),
          dict({
            'label': 'Versand Bau- und Einspracheentscheid',
            'slug': 'building-decision',
            'value': None,
          }),
          dict({
            'label': 'Empfangsbestätigung Stellungnahme Vorentscheid',
            'slug': 'receipt-confirmation-of-preliminary-decision',
            'value': '2023-12-31T00:00:00Z',
          }),
          dict({
            'label': 'Empfangsbestätigung Bau- und Einspracheentscheid',
            'slug': 'receipt-confirmation-of-decision-documents',
            'value': None,
          }),
          dict({
            'label': 'Baubewilligung gültig bis',
            'slug': 'baubewilligung-gueltig-bis',
            'value': list([
            ]),
          }),
          dict({
            'label': 'Prüfung durch Gemeinde (migriert)',
            'slug': 'review-building-commission',
            'value': list([
            ]),
          }),
          dict({
            'label': 'Eingang Post (migriert)',
            'slug': 'paper-submission',
            'value': list([
            ]),
          }),
          dict({
            'label': 'Einsprachefrist (migriert)',
            'slug': 'objection-deadline',
            'value': '2023-12-31T23:00:00Z',
          }),
          dict({
            'label': 'Weiterleitung an KOOR (migriert)',
            'slug': 'submission-to-koor',
            'value': '2023-12-31T23:00:00Z',
          }),
          dict({
            'label': 'Start Zirkulation (migriert)',
            'slug': 'start-circulation',
            'value': '2024-01-01T19:00:00Z',
          }),
          dict({
            'label': 'Bau- und Einspracheentscheid (migriert)',
            'slug': 'building-decision-migrated',
            'value': '2023-12-31T23:00:00Z',
          }),
          dict({
            'label': 'Versand Stellungnahme Vorentscheid per Post (migriert)',
            'slug': 'dispatch-statement-preliminary-decision-by-post',
            'value': '2023-12-31T23:00:00Z',
          }),
          dict({
            'label': 'Versand / Stellungnahme - Vorentscheid per Mail (migriert)',
            'slug': 'dispatch-statement-preliminary-decision-by-email',
            'value': '2023-12-31T23:00:00Z',
          }),
          dict({
            'label': 'Versand Entscheiddokumente per Post (migriert)',
            'slug': 'dispatch-decision-documents-by-post',
            'value': '2023-12-31T23:00:00Z',
          }),
          dict({
            'label': 'Versand Entscheiddokumente per Mail (migriert)',
            'slug': 'dispatch-decision-documents-by-email',
            'value': '2023-12-31T23:00:00Z',
          }),
          dict({
            'label': 'Versand Entscheiddokumente per Portal (migriert)',
            'slug': 'dispatch-decision-documents-by-portal',
            'value': '2023-12-31T23:00:00Z',
          }),
        ]),
        'label': 'Ordentliches Verfahren',
        'slug': 'regular-process',
      }),
      dict({
        'fields': list([
          dict({
            'label': 'Meldung Bau- und Einspracheentscheid an Geometer',
            'slug': 'notice-to-geometer',
            'value': '2023-01-01T19:00:00Z',
          }),
          dict({
            'label': 'Meldung Baubewilligung an Geometer (migriert)',
            'slug': 'notification-building-permit-to-surveyor',
            'value': '2023-12-31T23:00:00Z',
          }),
        ]),
        'label': 'Meldungen an Dritte ordentliches Verfahren',
        'slug': 'reports-to-third-parties-regular-process',
      }),
      dict({
        'fields': list([
          dict({
            'label': 'Meldung Gebäudeabbruch an Geometer',
            'slug': 'meldung-gebaeudeabbruch-an-geometer',
            'value': list([
            ]),
          }),
          dict({
            'label': 'Meldung Bau beendet an Geometer',
            'slug': 'bauverwaltung-meldung-bau-beendet-an-geometer',
            'value': list([
            ]),
          }),
          dict({
            'label': 'Meldung Bau beendet an Gebäudeschätzung FGS (Versicherung)',
            'slug': 'notice-to-gebaeudeschaetzung',
            'value': list([
            ]),
          }),
          dict({
            'label': 'Meldung Bau beendet an Liegenschaftsschätzung (Steuern)',
            'slug': 'notice-to-liegenschaftsschaetzung',
            'value': list([
            ]),
          }),
          dict({
            'label': 'Meldung bereit zur Kanalisationsabnahme an Abwasser Uri',
            'slug': 'meldung-bereit-zur-kanalisationsabnahme-an-abwasser-uri',
            'value': list([
            ]),
          }),
          dict({
            'label': 'Meldung bereit zur Schnurgerüstabnahme an Geometer',
            'slug': 'meldung-bereit-zur-schnurgeruestabnahme-an-geometer',
            'value': list([
            ]),
          }),
          dict({
            'label': 'Baubeginn erfolgt (migriert)',
            'slug': 'start-of-construction',
            'value': '2023-12-31T23:00:00Z',
          }),
          dict({
            'label': 'Abnahme Schnurgerüst (migriert)',
            'slug': 'acceptance-of-sectional-framework',
            'value': '2023-12-31T23:00:00Z',
          }),
          dict({
            'label': 'Abnahme Rohbau (migriert)',
            'slug': 'acceptance-of-shell-construction',
            'value': '2023-12-31T23:00:00Z',
          }),
          dict({
            'label': 'Bau beendet (migriert)',
            'slug': 'construction-finished',
            'value': '2023-12-31T23:00:00Z',
          }),
          dict({
            'label': 'Endabnahme erfolgt (migriert)',
            'slug': 'final-acceptance-completed',
            'value': '2023-12-31T23:00:00Z',
          }),
          dict({
            'label': 'Dossier archiviert (migriert)',
            'slug': 'dossier-archived',
            'value': '2023-12-31T23:00:00Z',
          }),
        ]),
        'label': 'Meldungen an Dritte Baubegleitungsprozess',
        'slug': 'reports-to-third-parties-construction-monitoring',
      }),
    ]),
  })
# ---
# name: test_milestones_ur[False-is-paper-no-complete-check-vollstaendigkeitspruefung-incomplete-True-Sekretariat der Gemeindebaubeh\xf6rde]
  dict({
    'sections': list([
      dict({
        'fields': list([
          dict({
            'label': 'Dossier eingereicht',
            'slug': 'instance-submitted',
            'value': '2023-01-01T19:00:00Z',
          }),
          dict({
            'label': 'Nachforderung Gemeinde',
            'slug': 'additional-demand',
            'value': list([
            ]),
          }),
          dict({
            'label': 'Vollständigkeitsprüfung abgeschlossen',
            'slug': 'check-completed',
            'value': list([
              '2023-01-01T19:00:00Z',
            ]),
          }),
          dict({
            'label': 'Dossier vollständig',
            'slug': 'instance-complete',
            'value': None,
          }),
          dict({
            'label': 'Publikationsdatum',
            'slug': 'publication-date',
            'value': '2023-12-31T00:00:00Z',
          }),
          dict({
            'label': 'Eingang Einsprachen',
            'slug': 'einsprache',
            'value': list([
            ]),
          }),
          dict({
            'label': 'Start Zirkulation',
            'slug': 'start-circulation-new',
            'value': list([
            ]),
          }),
          dict({
            'label': 'Weiterleitung an KOOR',
            'slug': '',
            'value': list([
              '2023-12-31T00:00:00Z',
            ]),
          }),
          dict({
            'label': 'Zirkulation beendet',
            'slug': 'distribution-completed',
            'value': list([
            ]),
          }),
          dict({
            'label': 'Versand Stellungnahme Vorentscheid',
            'slug': 'statement-preliminary-decision',
            'value': '2023-01-01T19:00:00Z',
          }),
          dict({
            'label': 'Versand Bau- und Einspracheentscheid',
            'slug': 'building-decision',
            'value': None,
          }),
          dict({
            'label': 'Empfangsbestätigung Stellungnahme Vorentscheid',
            'slug': 'receipt-confirmation-of-preliminary-decision',
            'value': '2023-12-31T00:00:00Z',
          }),
          dict({
            'label': 'Empfangsbestätigung Bau- und Einspracheentscheid',
            'slug': 'receipt-confirmation-of-decision-documents',
            'value': None,
          }),
          dict({
            'label': 'Baubewilligung gültig bis',
            'slug': 'baubewilligung-gueltig-bis',
            'value': list([
            ]),
          }),
          dict({
            'label': 'Prüfung durch Gemeinde (migriert)',
            'slug': 'review-building-commission',
            'value': list([
            ]),
          }),
          dict({
            'label': 'Eingang Post (migriert)',
            'slug': 'paper-submission',
            'value': list([
            ]),
          }),
          dict({
            'label': 'Einsprachefrist (migriert)',
            'slug': 'objection-deadline',
            'value': '2023-12-31T23:00:00Z',
          }),
          dict({
            'label': 'Weiterleitung an KOOR (migriert)',
            'slug': 'submission-to-koor',
            'value': '2023-12-31T23:00:00Z',
          }),
          dict({
            'label': 'Start Zirkulation (migriert)',
            'slug': 'start-circulation',
            'value': '2024-01-01T19:00:00Z',
          }),
          dict({
            'label': 'Bau- und Einspracheentscheid (migriert)',
            'slug': 'building-decision-migrated',
            'value': '2023-12-31T23:00:00Z',
          }),
          dict({
            'label': 'Versand Stellungnahme Vorentscheid per Post (migriert)',
            'slug': 'dispatch-statement-preliminary-decision-by-post',
            'value': '2023-12-31T23:00:00Z',
          }),
          dict({
            'label': 'Versand / Stellungnahme - Vorentscheid per Mail (migriert)',
            'slug': 'dispatch-statement-preliminary-decision-by-email',
            'value': '2023-12-31T23:00:00Z',
          }),
          dict({
            'label': 'Versand Entscheiddokumente per Post (migriert)',
            'slug': 'dispatch-decision-documents-by-post',
            'value': '2023-12-31T23:00:00Z',
          }),
          dict({
            'label': 'Versand Entscheiddokumente per Mail (migriert)',
            'slug': 'dispatch-decision-documents-by-email',
            'value': '2023-12-31T23:00:00Z',
          }),
          dict({
            'label': 'Versand Entscheiddokumente per Portal (migriert)',
            'slug': 'dispatch-decision-documents-by-portal',
            'value': '2023-12-31T23:00:00Z',
          }),
        ]),
        'label': 'Ordentliches Verfahren',
        'slug': 'regular-process',
      }),
      dict({
        'fields': list([
          dict({
            'label': 'Meldung Bau- und Einspracheentscheid an Geometer',
            'slug': 'notice-to-geometer',
            'value': '2023-01-01T19:00:00Z',
          }),
          dict({
            'label': 'Meldung Baubewilligung an Geometer (migriert)',
            'slug': 'notification-building-permit-to-surveyor',
            'value': '2023-12-31T23:00:00Z',
          }),
        ]),
        'label': 'Meldungen an Dritte ordentliches Verfahren',
        'slug': 'reports-to-third-parties-regular-process',
      }),
      dict({
        'fields': list([
          dict({
            'label': 'Meldung Gebäudeabbruch an Geometer',
            'slug': 'meldung-gebaeudeabbruch-an-geometer',
            'value': list([
            ]),
          }),
          dict({
            'label': 'Meldung Bau beendet an Geometer',
            'slug': 'bauverwaltung-meldung-bau-beendet-an-geometer',
            'value': list([
            ]),
          }),
          dict({
            'label': 'Meldung Bau beendet an Gebäudeschätzung FGS (Versicherung)',
            'slug': 'notice-to-gebaeudeschaetzung',
            'value': list([
            ]),
          }),
          dict({
            'label': 'Meldung Bau beendet an Liegenschaftsschätzung (Steuern)',
            'slug': 'notice-to-liegenschaftsschaetzung',
            'value': list([
            ]),
          }),
          dict({
            'label': 'Meldung bereit zur Kanalisationsabnahme an Abwasser Uri',
            'slug': 'meldung-bereit-zur-kanalisationsabnahme-an-abwasser-uri',
            'value': list([
            ]),
          }),
          dict({
            'label': 'Meldung bereit zur Schnurgerüstabnahme an Geometer',
            'slug': 'meldung-bereit-zur-schnurgeruestabnahme-an-geometer',
            'value': list([
            ]),
          }),
          dict({
            'label': 'Baubeginn erfolgt (migriert)',
            'slug': 'start-of-construction',
            'value': '2023-12-31T23:00:00Z',
          }),
          dict({
            'label': 'Abnahme Schnurgerüst (migriert)',
            'slug': 'acceptance-of-sectional-framework',
            'value': '2023-12-31T23:00:00Z',
          }),
          dict({
            'label': 'Abnahme Rohbau (migriert)',
            'slug': 'acceptance-of-shell-construction',
            'value': '2023-12-31T23:00:00Z',
          }),
          dict({
            'label': 'Bau beendet (migriert)',
            'slug': 'construction-finished',
            'value': '2023-12-31T23:00:00Z',
          }),
          dict({
            'label': 'Endabnahme erfolgt (migriert)',
            'slug': 'final-acceptance-completed',
            'value': '2023-12-31T23:00:00Z',
          }),
          dict({
            'label': 'Dossier archiviert (migriert)',
            'slug': 'dossier-archived',
            'value': '2023-12-31T23:00:00Z',
          }),
        ]),
        'label': 'Meldungen an Dritte Baubegleitungsprozess',
        'slug': 'reports-to-third-parties-construction-monitoring',
      }),
    ]),
  })
# ---
# name: test_milestones_ur[False-is-paper-yes-complete-check-vollstaendigkeitspruefung-complete-False-Sekretariat der Gemeindebaubeh\xf6rde]
  dict({
    'sections': list([
      dict({
        'fields': list([
          dict({
            'label': 'Dossier eingereicht',
            'slug': 'instance-submitted',
            'value': list([
            ]),
          }),
          dict({
            'label': 'Nachforderung Gemeinde',
            'slug': 'additional-demand',
            'value': list([
            ]),
          }),
          dict({
            'label': 'Vollständigkeitsprüfung abgeschlossen',
            'slug': 'check-completed',
            'value': list([
              '2023-01-01T19:00:00Z',
            ]),
          }),
          dict({
            'label': 'Dossier vollständig',
            'slug': 'instance-complete',
            'value': '2023-01-01T19:00:00Z',
          }),
          dict({
            'label': 'Publikationsdatum',
            'slug': 'publication-date',
            'value': '2023-12-31T00:00:00Z',
          }),
          dict({
            'label': 'Eingang Einsprachen',
            'slug': 'einsprache',
            'value': list([
            ]),
          }),
          dict({
            'label': 'Start Zirkulation',
            'slug': 'start-circulation-new',
            'value': list([
            ]),
          }),
          dict({
            'label': 'Weiterleitung an KOOR',
            'slug': '',
            'value': list([
              '2023-12-31T00:00:00Z',
            ]),
          }),
          dict({
            'label': 'Zirkulation beendet',
            'slug': 'distribution-completed',
            'value': list([
            ]),
          }),
          dict({
            'label': 'Versand Stellungnahme Vorentscheid',
            'slug': 'statement-preliminary-decision',
            'value': '2023-01-01T19:00:00Z',
          }),
          dict({
            'label': 'Versand Bau- und Einspracheentscheid',
            'slug': 'building-decision',
            'value': None,
          }),
          dict({
            'label': 'Empfangsbestätigung Stellungnahme Vorentscheid',
            'slug': 'receipt-confirmation-of-preliminary-decision',
            'value': '2023-12-31T00:00:00Z',
          }),
          dict({
            'label': 'Empfangsbestätigung Bau- und Einspracheentscheid',
            'slug': 'receipt-confirmation-of-decision-documents',
            'value': None,
          }),
          dict({
            'label': 'Baubewilligung gültig bis',
            'slug': 'baubewilligung-gueltig-bis',
            'value': list([
            ]),
          }),
          dict({
            'label': 'Prüfung durch Gemeinde (migriert)',
            'slug': 'review-building-commission',
            'value': list([
            ]),
          }),
          dict({
            'label': 'Eingang Post (migriert)',
            'slug': 'paper-submission',
            'value': '2023-01-01T19:00:00Z',
          }),
          dict({
            'label': 'Einsprachefrist (migriert)',
            'slug': 'objection-deadline',
            'value': '2023-12-31T23:00:00Z',
          }),
          dict({
            'label': 'Weiterleitung an KOOR (migriert)',
            'slug': 'submission-to-koor',
            'value': '2023-12-31T23:00:00Z',
          }),
          dict({
            'label': 'Start Zirkulation (migriert)',
            'slug': 'start-circulation',
            'value': '2024-01-01T19:00:00Z',
          }),
          dict({
            'label': 'Bau- und Einspracheentscheid (migriert)',
            'slug': 'building-decision-migrated',
            'value': '2023-12-31T23:00:00Z',
          }),
          dict({
            'label': 'Versand Stellungnahme Vorentscheid per Post (migriert)',
            'slug': 'dispatch-statement-preliminary-decision-by-post',
            'value': '2023-12-31T23:00:00Z',
          }),
          dict({
            'label': 'Versand / Stellungnahme - Vorentscheid per Mail (migriert)',
            'slug': 'dispatch-statement-preliminary-decision-by-email',
            'value': '2023-12-31T23:00:00Z',
          }),
          dict({
            'label': 'Versand Entscheiddokumente per Post (migriert)',
            'slug': 'dispatch-decision-documents-by-post',
            'value': '2023-12-31T23:00:00Z',
          }),
          dict({
            'label': 'Versand Entscheiddokumente per Mail (migriert)',
            'slug': 'dispatch-decision-documents-by-email',
            'value': '2023-12-31T23:00:00Z',
          }),
          dict({
            'label': 'Versand Entscheiddokumente per Portal (migriert)',
            'slug': 'dispatch-decision-documents-by-portal',
            'value': '2023-12-31T23:00:00Z',
          }),
        ]),
        'label': 'Ordentliches Verfahren',
        'slug': 'regular-process',
      }),
      dict({
        'fields': list([
          dict({
            'label': 'Meldung Bau- und Einspracheentscheid an Geometer',
            'slug': 'notice-to-geometer',
            'value': '2023-01-01T19:00:00Z',
          }),
          dict({
            'label': 'Meldung Baubewilligung an Geometer (migriert)',
            'slug': 'notification-building-permit-to-surveyor',
            'value': '2023-12-31T23:00:00Z',
          }),
        ]),
        'label': 'Meldungen an Dritte ordentliches Verfahren',
        'slug': 'reports-to-third-parties-regular-process',
      }),
      dict({
        'fields': list([
          dict({
            'label': 'Meldung Gebäudeabbruch an Geometer',
            'slug': 'meldung-gebaeudeabbruch-an-geometer',
            'value': list([
            ]),
          }),
          dict({
            'label': 'Meldung Bau beendet an Geometer',
            'slug': 'bauverwaltung-meldung-bau-beendet-an-geometer',
            'value': list([
            ]),
          }),
          dict({
            'label': 'Meldung Bau beendet an Gebäudeschätzung FGS (Versicherung)',
            'slug': 'notice-to-gebaeudeschaetzung',
            'value': list([
            ]),
          }),
          dict({
            'label': 'Meldung Bau beendet an Liegenschaftsschätzung (Steuern)',
            'slug': 'notice-to-liegenschaftsschaetzung',
            'value': list([
            ]),
          }),
          dict({
            'label': 'Meldung bereit zur Kanalisationsabnahme an Abwasser Uri',
            'slug': 'meldung-bereit-zur-kanalisationsabnahme-an-abwasser-uri',
            'value': list([
            ]),
          }),
          dict({
            'label': 'Meldung bereit zur Schnurgerüstabnahme an Geometer',
            'slug': 'meldung-bereit-zur-schnurgeruestabnahme-an-geometer',
            'value': list([
            ]),
          }),
          dict({
            'label': 'Baubeginn erfolgt (migriert)',
            'slug': 'start-of-construction',
            'value': '2023-12-31T23:00:00Z',
          }),
          dict({
            'label': 'Abnahme Schnurgerüst (migriert)',
            'slug': 'acceptance-of-sectional-framework',
            'value': '2023-12-31T23:00:00Z',
          }),
          dict({
            'label': 'Abnahme Rohbau (migriert)',
            'slug': 'acceptance-of-shell-construction',
            'value': '2023-12-31T23:00:00Z',
          }),
          dict({
            'label': 'Bau beendet (migriert)',
            'slug': 'construction-finished',
            'value': '2023-12-31T23:00:00Z',
          }),
          dict({
            'label': 'Endabnahme erfolgt (migriert)',
            'slug': 'final-acceptance-completed',
            'value': '2023-12-31T23:00:00Z',
          }),
          dict({
            'label': 'Dossier archiviert (migriert)',
            'slug': 'dossier-archived',
            'value': '2023-12-31T23:00:00Z',
          }),
        ]),
        'label': 'Meldungen an Dritte Baubegleitungsprozess',
        'slug': 'reports-to-third-parties-construction-monitoring',
      }),
    ]),
  })
# ---
# name: test_milestones_ur[True-is-paper-no-complete-check-vollstaendigkeitspruefung-complete-False-Sekretariat der Gemeindebaubeh\xf6rde]
  dict({
    'sections': list([
      dict({
        'fields': list([
          dict({
            'label': 'Dossier eingereicht',
            'slug': 'instance-submitted',
            'value': '2023-01-01T19:00:00Z',
          }),
          dict({
            'label': 'Nachforderung Gemeinde',
            'slug': 'additional-demand',
            'value': list([
            ]),
          }),
          dict({
            'label': 'Vollständigkeitsprüfung abgeschlossen',
            'slug': 'check-completed',
            'value': list([
              '2023-01-01T19:00:00Z',
            ]),
          }),
          dict({
            'label': 'Dossier vollständig',
            'slug': 'instance-complete',
            'value': '2023-01-01T19:00:00Z',
          }),
          dict({
            'label': 'Publikationsdatum',
            'slug': 'publication-date',
            'value': '2023-12-31T00:00:00Z',
          }),
          dict({
            'label': 'Eingang Einsprachen',
            'slug': 'einsprache',
            'value': list([
            ]),
          }),
          dict({
            'label': 'Start Zirkulation',
            'slug': 'start-circulation-new',
            'value': list([
            ]),
          }),
          dict({
            'label': 'Weiterleitung an KOOR',
            'slug': '',
            'value': list([
              '2023-12-31T00:00:00Z',
            ]),
          }),
          dict({
            'label': 'Zirkulation beendet',
            'slug': 'distribution-completed',
            'value': list([
            ]),
          }),
          dict({
            'label': 'Versand Stellungnahme Vorentscheid',
            'slug': 'statement-preliminary-decision',
            'value': None,
          }),
          dict({
            'label': 'Versand Bau- und Einspracheentscheid',
            'slug': 'building-decision',
            'value': '2023-01-01T19:00:00Z',
          }),
          dict({
            'label': 'Empfangsbestätigung Stellungnahme Vorentscheid',
            'slug': 'receipt-confirmation-of-preliminary-decision',
            'value': None,
          }),
          dict({
            'label': 'Empfangsbestätigung Bau- und Einspracheentscheid',
            'slug': 'receipt-confirmation-of-decision-documents',
            'value': '2023-12-31T00:00:00Z',
          }),
          dict({
            'label': 'Baubewilligung gültig bis',
            'slug': 'baubewilligung-gueltig-bis',
            'value': list([
            ]),
          }),
          dict({
            'label': 'Prüfung durch Gemeinde (migriert)',
            'slug': 'review-building-commission',
            'value': list([
            ]),
          }),
          dict({
            'label': 'Eingang Post (migriert)',
            'slug': 'paper-submission',
            'value': list([
            ]),
          }),
          dict({
            'label': 'Einsprachefrist (migriert)',
            'slug': 'objection-deadline',
            'value': '2023-12-31T23:00:00Z',
          }),
          dict({
            'label': 'Weiterleitung an KOOR (migriert)',
            'slug': 'submission-to-koor',
            'value': '2023-12-31T23:00:00Z',
          }),
          dict({
            'label': 'Start Zirkulation (migriert)',
            'slug': 'start-circulation',
            'value': '2024-01-01T19:00:00Z',
          }),
          dict({
            'label': 'Bau- und Einspracheentscheid (migriert)',
            'slug': 'building-decision-migrated',
            'value': '2023-12-31T23:00:00Z',
          }),
          dict({
            'label': 'Versand Stellungnahme Vorentscheid per Post (migriert)',
            'slug': 'dispatch-statement-preliminary-decision-by-post',
            'value': '2023-12-31T23:00:00Z',
          }),
          dict({
            'label': 'Versand / Stellungnahme - Vorentscheid per Mail (migriert)',
            'slug': 'dispatch-statement-preliminary-decision-by-email',
            'value': '2023-12-31T23:00:00Z',
          }),
          dict({
            'label': 'Versand Entscheiddokumente per Post (migriert)',
            'slug': 'dispatch-decision-documents-by-post',
            'value': '2023-12-31T23:00:00Z',
          }),
          dict({
            'label': 'Versand Entscheiddokumente per Mail (migriert)',
            'slug': 'dispatch-decision-documents-by-email',
            'value': '2023-12-31T23:00:00Z',
          }),
          dict({
            'label': 'Versand Entscheiddokumente per Portal (migriert)',
            'slug': 'dispatch-decision-documents-by-portal',
            'value': '2023-12-31T23:00:00Z',
          }),
        ]),
        'label': 'Ordentliches Verfahren',
        'slug': 'regular-process',
      }),
      dict({
        'fields': list([
          dict({
            'label': 'Meldung Bau- und Einspracheentscheid an Geometer',
            'slug': 'notice-to-geometer',
            'value': '2023-01-01T19:00:00Z',
          }),
          dict({
            'label': 'Meldung Baubewilligung an Geometer (migriert)',
            'slug': 'notification-building-permit-to-surveyor',
            'value': '2023-12-31T23:00:00Z',
          }),
        ]),
        'label': 'Meldungen an Dritte ordentliches Verfahren',
        'slug': 'reports-to-third-parties-regular-process',
      }),
      dict({
        'fields': list([
          dict({
            'label': 'Meldung Gebäudeabbruch an Geometer',
            'slug': 'meldung-gebaeudeabbruch-an-geometer',
            'value': list([
            ]),
          }),
          dict({
            'label': 'Meldung Bau beendet an Geometer',
            'slug': 'bauverwaltung-meldung-bau-beendet-an-geometer',
            'value': list([
            ]),
          }),
          dict({
            'label': 'Meldung Bau beendet an Gebäudeschätzung FGS (Versicherung)',
            'slug': 'notice-to-gebaeudeschaetzung',
            'value': list([
            ]),
          }),
          dict({
            'label': 'Meldung Bau beendet an Liegenschaftsschätzung (Steuern)',
            'slug': 'notice-to-liegenschaftsschaetzung',
            'value': list([
            ]),
          }),
          dict({
            'label': 'Meldung bereit zur Kanalisationsabnahme an Abwasser Uri',
            'slug': 'meldung-bereit-zur-kanalisationsabnahme-an-abwasser-uri',
            'value': list([
            ]),
          }),
          dict({
            'label': 'Meldung bereit zur Schnurgerüstabnahme an Geometer',
            'slug': 'meldung-bereit-zur-schnurgeruestabnahme-an-geometer',
            'value': list([
            ]),
          }),
          dict({
            'label': 'Baubeginn erfolgt (migriert)',
            'slug': 'start-of-construction',
            'value': '2023-12-31T23:00:00Z',
          }),
          dict({
            'label': 'Abnahme Schnurgerüst (migriert)',
            'slug': 'acceptance-of-sectional-framework',
            'value': '2023-12-31T23:00:00Z',
          }),
          dict({
            'label': 'Abnahme Rohbau (migriert)',
            'slug': 'acceptance-of-shell-construction',
            'value': '2023-12-31T23:00:00Z',
          }),
          dict({
            'label': 'Bau beendet (migriert)',
            'slug': 'construction-finished',
            'value': '2023-12-31T23:00:00Z',
          }),
          dict({
            'label': 'Endabnahme erfolgt (migriert)',
            'slug': 'final-acceptance-completed',
            'value': '2023-12-31T23:00:00Z',
          }),
          dict({
            'label': 'Dossier archiviert (migriert)',
            'slug': 'dossier-archived',
            'value': '2023-12-31T23:00:00Z',
          }),
        ]),
        'label': 'Meldungen an Dritte Baubegleitungsprozess',
        'slug': 'reports-to-third-parties-construction-monitoring',
      }),
    ]),
  })
# ---
# name: test_milestones_ur[True-is-paper-no-complete-check-vollstaendigkeitspruefung-incomplete-False-Sekretariat der Gemeindebaubeh\xf6rde]
  dict({
    'sections': list([
      dict({
        'fields': list([
          dict({
            'label': 'Dossier eingereicht',
            'slug': 'instance-submitted',
            'value': '2023-01-01T19:00:00Z',
          }),
          dict({
            'label': 'Nachforderung Gemeinde',
            'slug': 'additional-demand',
            'value': list([
            ]),
          }),
          dict({
            'label': 'Vollständigkeitsprüfung abgeschlossen',
            'slug': 'check-completed',
            'value': list([
              '2023-01-01T19:00:00Z',
            ]),
          }),
          dict({
            'label': 'Dossier vollständig',
            'slug': 'instance-complete',
            'value': '2023-01-01T19:00:00Z',
          }),
          dict({
            'label': 'Publikationsdatum',
            'slug': 'publication-date',
            'value': '2023-12-31T00:00:00Z',
          }),
          dict({
            'label': 'Eingang Einsprachen',
            'slug': 'einsprache',
            'value': list([
            ]),
          }),
          dict({
            'label': 'Start Zirkulation',
            'slug': 'start-circulation-new',
            'value': list([
            ]),
          }),
          dict({
            'label': 'Weiterleitung an KOOR',
            'slug': '',
            'value': list([
              '2023-12-31T00:00:00Z',
            ]),
          }),
          dict({
            'label': 'Zirkulation beendet',
            'slug': 'distribution-completed',
            'value': list([
            ]),
          }),
          dict({
            'label': 'Versand Stellungnahme Vorentscheid',
            'slug': 'statement-preliminary-decision',
            'value': None,
          }),
          dict({
            'label': 'Versand Bau- und Einspracheentscheid',
            'slug': 'building-decision',
            'value': '2023-01-01T19:00:00Z',
          }),
          dict({
            'label': 'Empfangsbestätigung Stellungnahme Vorentscheid',
            'slug': 'receipt-confirmation-of-preliminary-decision',
            'value': None,
          }),
          dict({
            'label': 'Empfangsbestätigung Bau- und Einspracheentscheid',
            'slug': 'receipt-confirmation-of-decision-documents',
            'value': '2023-12-31T00:00:00Z',
          }),
          dict({
            'label': 'Baubewilligung gültig bis',
            'slug': 'baubewilligung-gueltig-bis',
            'value': list([
            ]),
          }),
          dict({
            'label': 'Prüfung durch Gemeinde (migriert)',
            'slug': 'review-building-commission',
            'value': list([
            ]),
          }),
          dict({
            'label': 'Eingang Post (migriert)',
            'slug': 'paper-submission',
            'value': list([
            ]),
          }),
          dict({
            'label': 'Einsprachefrist (migriert)',
            'slug': 'objection-deadline',
            'value': '2023-12-31T23:00:00Z',
          }),
          dict({
            'label': 'Weiterleitung an KOOR (migriert)',
            'slug': 'submission-to-koor',
            'value': '2023-12-31T23:00:00Z',
          }),
          dict({
            'label': 'Start Zirkulation (migriert)',
            'slug': 'start-circulation',
            'value': '2024-01-01T19:00:00Z',
          }),
          dict({
            'label': 'Bau- und Einspracheentscheid (migriert)',
            'slug': 'building-decision-migrated',
            'value': '2023-12-31T23:00:00Z',
          }),
          dict({
            'label': 'Versand Stellungnahme Vorentscheid per Post (migriert)',
            'slug': 'dispatch-statement-preliminary-decision-by-post',
            'value': '2023-12-31T23:00:00Z',
          }),
          dict({
            'label': 'Versand / Stellungnahme - Vorentscheid per Mail (migriert)',
            'slug': 'dispatch-statement-preliminary-decision-by-email',
            'value': '2023-12-31T23:00:00Z',
          }),
          dict({
            'label': 'Versand Entscheiddokumente per Post (migriert)',
            'slug': 'dispatch-decision-documents-by-post',
            'value': '2023-12-31T23:00:00Z',
          }),
          dict({
            'label': 'Versand Entscheiddokumente per Mail (migriert)',
            'slug': 'dispatch-decision-documents-by-email',
            'value': '2023-12-31T23:00:00Z',
          }),
          dict({
            'label': 'Versand Entscheiddokumente per Portal (migriert)',
            'slug': 'dispatch-decision-documents-by-portal',
            'value': '2023-12-31T23:00:00Z',
          }),
        ]),
        'label': 'Ordentliches Verfahren',
        'slug': 'regular-process',
      }),
      dict({
        'fields': list([
          dict({
            'label': 'Meldung Bau- und Einspracheentscheid an Geometer',
            'slug': 'notice-to-geometer',
            'value': '2023-01-01T19:00:00Z',
          }),
          dict({
            'label': 'Meldung Baubewilligung an Geometer (migriert)',
            'slug': 'notification-building-permit-to-surveyor',
            'value': '2023-12-31T23:00:00Z',
          }),
        ]),
        'label': 'Meldungen an Dritte ordentliches Verfahren',
        'slug': 'reports-to-third-parties-regular-process',
      }),
      dict({
        'fields': list([
          dict({
            'label': 'Meldung Gebäudeabbruch an Geometer',
            'slug': 'meldung-gebaeudeabbruch-an-geometer',
            'value': list([
            ]),
          }),
          dict({
            'label': 'Meldung Bau beendet an Geometer',
            'slug': 'bauverwaltung-meldung-bau-beendet-an-geometer',
            'value': list([
            ]),
          }),
          dict({
            'label': 'Meldung Bau beendet an Gebäudeschätzung FGS (Versicherung)',
            'slug': 'notice-to-gebaeudeschaetzung',
            'value': list([
            ]),
          }),
          dict({
            'label': 'Meldung Bau beendet an Liegenschaftsschätzung (Steuern)',
            'slug': 'notice-to-liegenschaftsschaetzung',
            'value': list([
            ]),
          }),
          dict({
            'label': 'Meldung bereit zur Kanalisationsabnahme an Abwasser Uri',
            'slug': 'meldung-bereit-zur-kanalisationsabnahme-an-abwasser-uri',
            'value': list([
            ]),
          }),
          dict({
            'label': 'Meldung bereit zur Schnurgerüstabnahme an Geometer',
            'slug': 'meldung-bereit-zur-schnurgeruestabnahme-an-geometer',
            'value': list([
            ]),
          }),
          dict({
            'label': 'Baubeginn erfolgt (migriert)',
            'slug': 'start-of-construction',
            'value': '2023-12-31T23:00:00Z',
          }),
          dict({
            'label': 'Abnahme Schnurgerüst (migriert)',
            'slug': 'acceptance-of-sectional-framework',
            'value': '2023-12-31T23:00:00Z',
          }),
          dict({
            'label': 'Abnahme Rohbau (migriert)',
            'slug': 'acceptance-of-shell-construction',
            'value': '2023-12-31T23:00:00Z',
          }),
          dict({
            'label': 'Bau beendet (migriert)',
            'slug': 'construction-finished',
            'value': '2023-12-31T23:00:00Z',
          }),
          dict({
            'label': 'Endabnahme erfolgt (migriert)',
            'slug': 'final-acceptance-completed',
            'value': '2023-12-31T23:00:00Z',
          }),
          dict({
            'label': 'Dossier archiviert (migriert)',
            'slug': 'dossier-archived',
            'value': '2023-12-31T23:00:00Z',
          }),
        ]),
        'label': 'Meldungen an Dritte Baubegleitungsprozess',
        'slug': 'reports-to-third-parties-construction-monitoring',
      }),
    ]),
  })
# ---
# name: test_milestones_ur[True-is-paper-no-complete-check-vollstaendigkeitspruefung-incomplete-True-Sekretariat der Gemeindebaubeh\xf6rde]
  dict({
    'sections': list([
      dict({
        'fields': list([
          dict({
            'label': 'Dossier eingereicht',
            'slug': 'instance-submitted',
            'value': '2023-01-01T19:00:00Z',
          }),
          dict({
            'label': 'Nachforderung Gemeinde',
            'slug': 'additional-demand',
            'value': list([
            ]),
          }),
          dict({
            'label': 'Vollständigkeitsprüfung abgeschlossen',
            'slug': 'check-completed',
            'value': list([
              '2023-01-01T19:00:00Z',
            ]),
          }),
          dict({
            'label': 'Dossier vollständig',
            'slug': 'instance-complete',
            'value': None,
          }),
          dict({
            'label': 'Publikationsdatum',
            'slug': 'publication-date',
            'value': '2023-12-31T00:00:00Z',
          }),
          dict({
            'label': 'Eingang Einsprachen',
            'slug': 'einsprache',
            'value': list([
            ]),
          }),
          dict({
            'label': 'Start Zirkulation',
            'slug': 'start-circulation-new',
            'value': list([
            ]),
          }),
          dict({
            'label': 'Weiterleitung an KOOR',
            'slug': '',
            'value': list([
              '2023-12-31T00:00:00Z',
            ]),
          }),
          dict({
            'label': 'Zirkulation beendet',
            'slug': 'distribution-completed',
            'value': list([
            ]),
          }),
          dict({
            'label': 'Versand Stellungnahme Vorentscheid',
            'slug': 'statement-preliminary-decision',
            'value': None,
          }),
          dict({
            'label': 'Versand Bau- und Einspracheentscheid',
            'slug': 'building-decision',
            'value': '2023-01-01T19:00:00Z',
          }),
          dict({
            'label': 'Empfangsbestätigung Stellungnahme Vorentscheid',
            'slug': 'receipt-confirmation-of-preliminary-decision',
            'value': None,
          }),
          dict({
            'label': 'Empfangsbestätigung Bau- und Einspracheentscheid',
            'slug': 'receipt-confirmation-of-decision-documents',
            'value': '2023-12-31T00:00:00Z',
          }),
          dict({
            'label': 'Baubewilligung gültig bis',
            'slug': 'baubewilligung-gueltig-bis',
            'value': list([
            ]),
          }),
          dict({
            'label': 'Prüfung durch Gemeinde (migriert)',
            'slug': 'review-building-commission',
            'value': list([
            ]),
          }),
          dict({
            'label': 'Eingang Post (migriert)',
            'slug': 'paper-submission',
            'value': list([
            ]),
          }),
          dict({
            'label': 'Einsprachefrist (migriert)',
            'slug': 'objection-deadline',
            'value': '2023-12-31T23:00:00Z',
          }),
          dict({
            'label': 'Weiterleitung an KOOR (migriert)',
            'slug': 'submission-to-koor',
            'value': '2023-12-31T23:00:00Z',
          }),
          dict({
            'label': 'Start Zirkulation (migriert)',
            'slug': 'start-circulation',
            'value': '2024-01-01T19:00:00Z',
          }),
          dict({
            'label': 'Bau- und Einspracheentscheid (migriert)',
            'slug': 'building-decision-migrated',
            'value': '2023-12-31T23:00:00Z',
          }),
          dict({
            'label': 'Versand Stellungnahme Vorentscheid per Post (migriert)',
            'slug': 'dispatch-statement-preliminary-decision-by-post',
            'value': '2023-12-31T23:00:00Z',
          }),
          dict({
            'label': 'Versand / Stellungnahme - Vorentscheid per Mail (migriert)',
            'slug': 'dispatch-statement-preliminary-decision-by-email',
            'value': '2023-12-31T23:00:00Z',
          }),
          dict({
            'label': 'Versand Entscheiddokumente per Post (migriert)',
            'slug': 'dispatch-decision-documents-by-post',
            'value': '2023-12-31T23:00:00Z',
          }),
          dict({
            'label': 'Versand Entscheiddokumente per Mail (migriert)',
            'slug': 'dispatch-decision-documents-by-email',
            'value': '2023-12-31T23:00:00Z',
          }),
          dict({
            'label': 'Versand Entscheiddokumente per Portal (migriert)',
            'slug': 'dispatch-decision-documents-by-portal',
            'value': '2023-12-31T23:00:00Z',
          }),
        ]),
        'label': 'Ordentliches Verfahren',
        'slug': 'regular-process',
      }),
      dict({
        'fields': list([
          dict({
            'label': 'Meldung Bau- und Einspracheentscheid an Geometer',
            'slug': 'notice-to-geometer',
            'value': '2023-01-01T19:00:00Z',
          }),
          dict({
            'label': 'Meldung Baubewilligung an Geometer (migriert)',
            'slug': 'notification-building-permit-to-surveyor',
            'value': '2023-12-31T23:00:00Z',
          }),
        ]),
        'label': 'Meldungen an Dritte ordentliches Verfahren',
        'slug': 'reports-to-third-parties-regular-process',
      }),
      dict({
        'fields': list([
          dict({
            'label': 'Meldung Gebäudeabbruch an Geometer',
            'slug': 'meldung-gebaeudeabbruch-an-geometer',
            'value': list([
            ]),
          }),
          dict({
            'label': 'Meldung Bau beendet an Geometer',
            'slug': 'bauverwaltung-meldung-bau-beendet-an-geometer',
            'value': list([
            ]),
          }),
          dict({
            'label': 'Meldung Bau beendet an Gebäudeschätzung FGS (Versicherung)',
            'slug': 'notice-to-gebaeudeschaetzung',
            'value': list([
            ]),
          }),
          dict({
            'label': 'Meldung Bau beendet an Liegenschaftsschätzung (Steuern)',
            'slug': 'notice-to-liegenschaftsschaetzung',
            'value': list([
            ]),
          }),
          dict({
            'label': 'Meldung bereit zur Kanalisationsabnahme an Abwasser Uri',
            'slug': 'meldung-bereit-zur-kanalisationsabnahme-an-abwasser-uri',
            'value': list([
            ]),
          }),
          dict({
            'label': 'Meldung bereit zur Schnurgerüstabnahme an Geometer',
            'slug': 'meldung-bereit-zur-schnurgeruestabnahme-an-geometer',
            'value': list([
            ]),
          }),
          dict({
            'label': 'Baubeginn erfolgt (migriert)',
            'slug': 'start-of-construction',
            'value': '2023-12-31T23:00:00Z',
          }),
          dict({
            'label': 'Abnahme Schnurgerüst (migriert)',
            'slug': 'acceptance-of-sectional-framework',
            'value': '2023-12-31T23:00:00Z',
          }),
          dict({
            'label': 'Abnahme Rohbau (migriert)',
            'slug': 'acceptance-of-shell-construction',
            'value': '2023-12-31T23:00:00Z',
          }),
          dict({
            'label': 'Bau beendet (migriert)',
            'slug': 'construction-finished',
            'value': '2023-12-31T23:00:00Z',
          }),
          dict({
            'label': 'Endabnahme erfolgt (migriert)',
            'slug': 'final-acceptance-completed',
            'value': '2023-12-31T23:00:00Z',
          }),
          dict({
            'label': 'Dossier archiviert (migriert)',
            'slug': 'dossier-archived',
            'value': '2023-12-31T23:00:00Z',
          }),
        ]),
        'label': 'Meldungen an Dritte Baubegleitungsprozess',
        'slug': 'reports-to-third-parties-construction-monitoring',
      }),
    ]),
  })
# ---
# name: test_milestones_ur[True-is-paper-yes-complete-check-vollstaendigkeitspruefung-complete-False-Sekretariat der Gemeindebaubeh\xf6rde]
  dict({
    'sections': list([
      dict({
        'fields': list([
          dict({
            'label': 'Dossier eingereicht',
            'slug': 'instance-submitted',
            'value': list([
            ]),
          }),
          dict({
            'label': 'Nachforderung Gemeinde',
            'slug': 'additional-demand',
            'value': list([
            ]),
          }),
          dict({
            'label': 'Vollständigkeitsprüfung abgeschlossen',
            'slug': 'check-completed',
            'value': list([
              '2023-01-01T19:00:00Z',
            ]),
          }),
          dict({
            'label': 'Dossier vollständig',
            'slug': 'instance-complete',
            'value': '2023-01-01T19:00:00Z',
          }),
          dict({
            'label': 'Publikationsdatum',
            'slug': 'publication-date',
            'value': '2023-12-31T00:00:00Z',
          }),
          dict({
            'label': 'Eingang Einsprachen',
            'slug': 'einsprache',
            'value': list([
            ]),
          }),
          dict({
            'label': 'Start Zirkulation',
            'slug': 'start-circulation-new',
            'value': list([
            ]),
          }),
          dict({
            'label': 'Weiterleitung an KOOR',
            'slug': '',
            'value': list([
              '2023-12-31T00:00:00Z',
            ]),
          }),
          dict({
            'label': 'Zirkulation beendet',
            'slug': 'distribution-completed',
            'value': list([
            ]),
          }),
          dict({
            'label': 'Versand Stellungnahme Vorentscheid',
            'slug': 'statement-preliminary-decision',
            'value': None,
          }),
          dict({
            'label': 'Versand Bau- und Einspracheentscheid',
            'slug': 'building-decision',
            'value': '2023-01-01T19:00:00Z',
          }),
          dict({
            'label': 'Empfangsbestätigung Stellungnahme Vorentscheid',
            'slug': 'receipt-confirmation-of-preliminary-decision',
            'value': None,
          }),
          dict({
            'label': 'Empfangsbestätigung Bau- und Einspracheentscheid',
            'slug': 'receipt-confirmation-of-decision-documents',
            'value': '2023-12-31T00:00:00Z',
          }),
          dict({
            'label': 'Baubewilligung gültig bis',
            'slug': 'baubewilligung-gueltig-bis',
            'value': list([
            ]),
          }),
          dict({
            'label': 'Prüfung durch Gemeinde (migriert)',
            'slug': 'review-building-commission',
            'value': list([
            ]),
          }),
          dict({
            'label': 'Eingang Post (migriert)',
            'slug': 'paper-submission',
            'value': '2023-01-01T19:00:00Z',
          }),
          dict({
            'label': 'Einsprachefrist (migriert)',
            'slug': 'objection-deadline',
            'value': '2023-12-31T23:00:00Z',
          }),
          dict({
            'label': 'Weiterleitung an KOOR (migriert)',
            'slug': 'submission-to-koor',
            'value': '2023-12-31T23:00:00Z',
          }),
          dict({
            'label': 'Start Zirkulation (migriert)',
            'slug': 'start-circulation',
            'value': '2024-01-01T19:00:00Z',
          }),
          dict({
            'label': 'Bau- und Einspracheentscheid (migriert)',
            'slug': 'building-decision-migrated',
            'value': '2023-12-31T23:00:00Z',
          }),
          dict({
            'label': 'Versand Stellungnahme Vorentscheid per Post (migriert)',
            'slug': 'dispatch-statement-preliminary-decision-by-post',
            'value': '2023-12-31T23:00:00Z',
          }),
          dict({
            'label': 'Versand / Stellungnahme - Vorentscheid per Mail (migriert)',
            'slug': 'dispatch-statement-preliminary-decision-by-email',
            'value': '2023-12-31T23:00:00Z',
          }),
          dict({
            'label': 'Versand Entscheiddokumente per Post (migriert)',
            'slug': 'dispatch-decision-documents-by-post',
            'value': '2023-12-31T23:00:00Z',
          }),
          dict({
            'label': 'Versand Entscheiddokumente per Mail (migriert)',
            'slug': 'dispatch-decision-documents-by-email',
            'value': '2023-12-31T23:00:00Z',
          }),
          dict({
            'label': 'Versand Entscheiddokumente per Portal (migriert)',
            'slug': 'dispatch-decision-documents-by-portal',
            'value': '2023-12-31T23:00:00Z',
          }),
        ]),
        'label': 'Ordentliches Verfahren',
        'slug': 'regular-process',
      }),
      dict({
        'fields': list([
          dict({
            'label': 'Meldung Bau- und Einspracheentscheid an Geometer',
            'slug': 'notice-to-geometer',
            'value': '2023-01-01T19:00:00Z',
          }),
          dict({
            'label': 'Meldung Baubewilligung an Geometer (migriert)',
            'slug': 'notification-building-permit-to-surveyor',
            'value': '2023-12-31T23:00:00Z',
          }),
        ]),
        'label': 'Meldungen an Dritte ordentliches Verfahren',
        'slug': 'reports-to-third-parties-regular-process',
      }),
      dict({
        'fields': list([
          dict({
            'label': 'Meldung Gebäudeabbruch an Geometer',
            'slug': 'meldung-gebaeudeabbruch-an-geometer',
            'value': list([
            ]),
          }),
          dict({
            'label': 'Meldung Bau beendet an Geometer',
            'slug': 'bauverwaltung-meldung-bau-beendet-an-geometer',
            'value': list([
            ]),
          }),
          dict({
            'label': 'Meldung Bau beendet an Gebäudeschätzung FGS (Versicherung)',
            'slug': 'notice-to-gebaeudeschaetzung',
            'value': list([
            ]),
          }),
          dict({
            'label': 'Meldung Bau beendet an Liegenschaftsschätzung (Steuern)',
            'slug': 'notice-to-liegenschaftsschaetzung',
            'value': list([
            ]),
          }),
          dict({
            'label': 'Meldung bereit zur Kanalisationsabnahme an Abwasser Uri',
            'slug': 'meldung-bereit-zur-kanalisationsabnahme-an-abwasser-uri',
            'value': list([
            ]),
          }),
          dict({
            'label': 'Meldung bereit zur Schnurgerüstabnahme an Geometer',
            'slug': 'meldung-bereit-zur-schnurgeruestabnahme-an-geometer',
            'value': list([
            ]),
          }),
          dict({
            'label': 'Baubeginn erfolgt (migriert)',
            'slug': 'start-of-construction',
            'value': '2023-12-31T23:00:00Z',
          }),
          dict({
            'label': 'Abnahme Schnurgerüst (migriert)',
            'slug': 'acceptance-of-sectional-framework',
            'value': '2023-12-31T23:00:00Z',
          }),
          dict({
            'label': 'Abnahme Rohbau (migriert)',
            'slug': 'acceptance-of-shell-construction',
            'value': '2023-12-31T23:00:00Z',
          }),
          dict({
            'label': 'Bau beendet (migriert)',
            'slug': 'construction-finished',
            'value': '2023-12-31T23:00:00Z',
          }),
          dict({
            'label': 'Endabnahme erfolgt (migriert)',
            'slug': 'final-acceptance-completed',
            'value': '2023-12-31T23:00:00Z',
          }),
          dict({
            'label': 'Dossier archiviert (migriert)',
            'slug': 'dossier-archived',
            'value': '2023-12-31T23:00:00Z',
          }),
        ]),
        'label': 'Meldungen an Dritte Baubegleitungsprozess',
        'slug': 'reports-to-third-parties-construction-monitoring',
      }),
    ]),
  })
# ---
