# serializer version: 1
# name: test_instance_list[Applicant-admin_user-33-1-editable0-new]
  list([
    'circulations',
    'forms',
    'groups',
    'instance-states',
    'locations',
    'public-services',
    'services',
    'services',
    'users',
  ])
# ---
# name: test_instance_list[Canton-user-30-1-editable2-new]
  list([
    'circulations',
    'forms',
    'groups',
    'instance-states',
    'locations',
    'public-services',
    'services',
    'services',
    'users',
  ])
# ---
# name: test_instance_list[Municipality-user-32-1-editable3-new]
  list([
    'circulations',
    'forms',
    'groups',
    'instance-states',
    'locations',
    'public-services',
    'services',
    'services',
    'users',
  ])
# ---
# name: test_instance_list[Reader-user-33-1-editable1-new]
  list([
    'circulations',
    'forms',
    'groups',
    'instance-states',
    'locations',
    'public-services',
    'services',
    'services',
    'users',
  ])
# ---
# name: test_instance_list[Service-user-32-1-editable4-new]
  list([
    'circulations',
    'forms',
    'groups',
    'instance-states',
    'locations',
    'public-services',
    'services',
    'services',
    'users',
  ])
# ---
