# serializer version: 1
# name: test_instance_list[Applicant-admin_user-29-1-editable0-new]
  list([
    'circulations',
    'forms',
    'groups',
    'instance-states',
    'locations',
    'public-services',
    'services',
    'services',
    'users',
  ])
# ---
# name: test_instance_list[Canton-user-26-1-editable2-new]
  list([
    'circulations',
    'forms',
    'groups',
    'instance-states',
    'locations',
    'public-services',
    'services',
    'services',
    'users',
  ])
# ---
# name: test_instance_list[Municipality-user-28-1-editable3-new]
  list([
    'circulations',
    'forms',
    'groups',
    'instance-states',
    'locations',
    'public-services',
    'services',
    'services',
    'users',
  ])
# ---
# name: test_instance_list[Reader-user-29-1-editable1-new]
  list([
    'circulations',
    'forms',
    'groups',
    'instance-states',
    'locations',
    'public-services',
    'services',
    'services',
    'users',
  ])
# ---
# name: test_instance_list[Service-user-28-1-editable4-new]
  list([
    'circulations',
    'forms',
    'groups',
    'instance-states',
    'locations',
    'public-services',
    'services',
    'services',
    'users',
  ])
# ---
