# serializer version: 1
# name: test_category_mapping[be]
  OrderedDict({
    'Beilagen zum Gesuch': OrderedDict({
      'dokument-grundstucksangaben': 'beilagen-zum-gesuch-grundstuecksangaben-projektbeschrieb',
      'dokument-gutachten-nachweise-begrundungen': 'beilagen-zum-gesuch-gutachten-nachweise-begruendungen-ausnahmebegehren',
      'dokument-projektplane-projektbeschrieb': 'beilagen-zum-gesuch-projektplaene',
      'dokument-weitere-gesuchsunterlagen': 'beilagen-zum-gesuch-weitere-gesuchsunterlagen',
      'dokument-amts-fachstellen': 'beilagen-zum-gesuch',
      'dokument-merkblaetter': 'beilagen-zum-gesuch',
      'dokument-rechtsbegehren': 'beilagen-zum-gesuch',
      'dokument-stellungnahmen-verfahrensbeteiligte': 'beilagen-zum-gesuch',
      'dokument-leitbehoerde': 'beilagen-zum-gesuch',
      'dokument-entscheid': 'beilagen-zum-gesuch',
      None: 'beilagen-zum-gesuch',
    }),
    'Beilagen zum Gesuch (Papier und Nachrichten)': OrderedDict({
      'dokument-grundstucksangaben': 'beilagen-zum-gesuch-grundstuecksangaben-projektbeschrieb',
      'dokument-gutachten-nachweise-begrundungen': 'beilagen-zum-gesuch-gutachten-nachweise-begruendungen-ausnahmebegehren',
      'dokument-projektplane-projektbeschrieb': 'beilagen-zum-gesuch-projektplaene',
      'dokument-weitere-gesuchsunterlagen': 'beilagen-zum-gesuch-weitere-gesuchsunterlagen',
      'dokument-amts-fachstellen': 'beilagen-zum-gesuch',
      'dokument-merkblaetter': 'beilagen-zum-gesuch',
      'dokument-rechtsbegehren': 'beilagen-zum-gesuch',
      'dokument-stellungnahmen-verfahrensbeteiligte': 'beilagen-zum-gesuch',
      'dokument-leitbehoerde': 'beilagen-zum-gesuch',
      'dokument-entscheid': 'beilagen-zum-gesuch',
      None: 'beilagen-zum-gesuch',
    }),
    'Nachforderungen': OrderedDict({
      'dokument-grundstucksangaben': 'nachforderungen-grundstuecksangaben-projektbeschrieb',
      'dokument-gutachten-nachweise-begrundungen': 'nachforderungen-gutachten-nachweise-begruendungen-ausnahmebegehren',
      'dokument-projektplane-projektbeschrieb': 'nachforderungen-projektplaene',
      'dokument-weitere-gesuchsunterlagen': 'nachforderungen-weitere-gesuchsunterlagen',
      'dokument-amts-fachstellen': 'nachforderungen',
      'dokument-merkblaetter': 'nachforderungen',
      'dokument-rechtsbegehren': 'nachforderungen',
      'dokument-stellungnahmen-verfahrensbeteiligte': 'nachforderungen',
      'dokument-leitbehoerde': 'nachforderungen',
      'dokument-entscheid': 'nachforderungen',
      None: 'nachforderungen',
    }),
    'Nachforderungen (Papier und Nachrichten)': OrderedDict({
      'dokument-grundstucksangaben': 'nachforderungen-grundstuecksangaben-projektbeschrieb',
      'dokument-gutachten-nachweise-begrundungen': 'nachforderungen-gutachten-nachweise-begruendungen-ausnahmebegehren',
      'dokument-projektplane-projektbeschrieb': 'nachforderungen-projektplaene',
      'dokument-weitere-gesuchsunterlagen': 'nachforderungen-weitere-gesuchsunterlagen',
      'dokument-amts-fachstellen': 'nachforderungen',
      'dokument-merkblaetter': 'nachforderungen',
      'dokument-rechtsbegehren': 'nachforderungen',
      'dokument-stellungnahmen-verfahrensbeteiligte': 'nachforderungen',
      'dokument-leitbehoerde': 'nachforderungen',
      'dokument-entscheid': 'nachforderungen',
      None: 'nachforderungen',
    }),
    'Beteiligte Behörden': OrderedDict({
      'dokument-grundstucksangaben': 'beteiligte-behoerden',
      'dokument-gutachten-nachweise-begrundungen': 'beteiligte-behoerden',
      'dokument-projektplane-projektbeschrieb': 'beteiligte-behoerden',
      'dokument-weitere-gesuchsunterlagen': 'beteiligte-behoerden',
      'dokument-amts-fachstellen': 'beteiligte-behoerden-amts-und-fachstellenberichte',
      'dokument-merkblaetter': 'beteiligte-behoerden-merkblaetter',
      'dokument-rechtsbegehren': 'beteiligte-behoerden',
      'dokument-stellungnahmen-verfahrensbeteiligte': 'beteiligte-behoerden',
      'dokument-leitbehoerde': 'beteiligte-behoerden',
      'dokument-entscheid': 'beteiligte-behoerden',
      None: 'beteiligte-behoerden',
    }),
    'Alle Beteiligten': OrderedDict({
      'dokument-grundstucksangaben': 'alle-beteiligten-grundstuecksangaben-projektbeschrieb',
      'dokument-gutachten-nachweise-begrundungen': 'alle-beteiligten-gutachten-nachweise-begruendungen-ausnahmebegehren',
      'dokument-projektplane-projektbeschrieb': 'alle-beteiligten-projektplaene',
      'dokument-weitere-gesuchsunterlagen': 'alle-beteiligten-weitere-gesuchsunterlagen',
      'dokument-amts-fachstellen': 'alle-beteiligten-amts-und-fachstellenberichte',
      'dokument-merkblaetter': 'alle-beteiligten-merkblaetter',
      'dokument-rechtsbegehren': 'alle-beteiligten-rechtsbegehren',
      'dokument-stellungnahmen-verfahrensbeteiligte': 'alle-beteiligten-stellungnahmen-verfahrensbeteiligte',
      'dokument-leitbehoerde': 'alle-beteiligten-dokumente-der-leitbehoerde',
      'dokument-entscheid': 'alle-beteiligten-entscheid',
      None: 'alle-beteiligten',
    }),
    'Rechtsbegehren': OrderedDict({
      'dokument-grundstucksangaben': 'rechtsbegehren',
      'dokument-gutachten-nachweise-begrundungen': 'rechtsbegehren',
      'dokument-projektplane-projektbeschrieb': 'rechtsbegehren',
      'dokument-weitere-gesuchsunterlagen': 'rechtsbegehren',
      'dokument-amts-fachstellen': 'rechtsbegehren',
      'dokument-merkblaetter': 'rechtsbegehren',
      'dokument-rechtsbegehren': 'rechtsbegehren-rechtsbegehren',
      'dokument-stellungnahmen-verfahrensbeteiligte': 'rechtsbegehren-stellungnahmen-verfahrensbeteiligte',
      'dokument-leitbehoerde': 'rechtsbegehren',
      'dokument-entscheid': 'rechtsbegehren',
      None: 'rechtsbegehren',
    }),
    'Intern': OrderedDict({
      'dokument-grundstucksangaben': 'intern',
      'dokument-gutachten-nachweise-begrundungen': 'intern',
      'dokument-projektplane-projektbeschrieb': 'intern',
      'dokument-weitere-gesuchsunterlagen': 'intern',
      'dokument-amts-fachstellen': 'intern',
      'dokument-merkblaetter': 'intern',
      'dokument-rechtsbegehren': 'intern',
      'dokument-stellungnahmen-verfahrensbeteiligte': 'intern',
      'dokument-leitbehoerde': 'intern',
      'dokument-entscheid': 'intern',
      None: 'intern',
    }),
    'Entscheiddokumente': OrderedDict({
      'dokument-grundstucksangaben': 'intern',
      'dokument-gutachten-nachweise-begrundungen': 'intern',
      'dokument-projektplane-projektbeschrieb': 'intern',
      'dokument-weitere-gesuchsunterlagen': 'intern',
      'dokument-amts-fachstellen': 'intern',
      'dokument-merkblaetter': 'intern',
      'dokument-rechtsbegehren': 'intern',
      'dokument-stellungnahmen-verfahrensbeteiligte': 'intern',
      'dokument-leitbehoerde': 'intern',
      'dokument-entscheid': 'intern',
      None: 'intern',
    }),
    'Beilagen SB1': OrderedDict({
      'dokument-grundstucksangaben': 'beilagen-sb1-grundstuecksangaben-projektbeschrieb',
      'dokument-gutachten-nachweise-begrundungen': 'beilagen-sb1-gutachten-nachweise-begruendungen-ausnahmebegehren',
      'dokument-projektplane-projektbeschrieb': 'beilagen-sb1-projektplaene',
      'dokument-weitere-gesuchsunterlagen': 'beilagen-sb1-weitere-gesuchsunterlagen',
      'dokument-amts-fachstellen': 'beilagen-sb1',
      'dokument-merkblaetter': 'beilagen-sb1',
      'dokument-rechtsbegehren': 'beilagen-sb1',
      'dokument-stellungnahmen-verfahrensbeteiligte': 'beilagen-sb1',
      'dokument-leitbehoerde': 'beilagen-sb1',
      'dokument-entscheid': 'beilagen-sb1',
      None: 'beilagen-sb1',
    }),
    'Beilagen SB1 (Papier und Nachrichten)': OrderedDict({
      'dokument-grundstucksangaben': 'beilagen-sb1-grundstuecksangaben-projektbeschrieb',
      'dokument-gutachten-nachweise-begrundungen': 'beilagen-sb1-gutachten-nachweise-begruendungen-ausnahmebegehren',
      'dokument-projektplane-projektbeschrieb': 'beilagen-sb1-projektplaene',
      'dokument-weitere-gesuchsunterlagen': 'beilagen-sb1-weitere-gesuchsunterlagen',
      'dokument-amts-fachstellen': 'beilagen-sb1',
      'dokument-merkblaetter': 'beilagen-sb1',
      'dokument-rechtsbegehren': 'beilagen-sb1',
      'dokument-stellungnahmen-verfahrensbeteiligte': 'beilagen-sb1',
      'dokument-leitbehoerde': 'beilagen-sb1',
      'dokument-entscheid': 'beilagen-sb1',
      None: 'beilagen-sb1',
    }),
    'Beilagen SB2': OrderedDict({
      'dokument-grundstucksangaben': 'beilagen-sb2-grundstuecksangaben-projektbeschrieb',
      'dokument-gutachten-nachweise-begrundungen': 'beilagen-sb2-gutachten-nachweise-begruendungen-ausnahmebegehren',
      'dokument-projektplane-projektbeschrieb': 'beilagen-sb2-projektplaene',
      'dokument-weitere-gesuchsunterlagen': 'beilagen-sb2-weitere-gesuchsunterlagen',
      'dokument-amts-fachstellen': 'beilagen-sb2',
      'dokument-merkblaetter': 'beilagen-sb2',
      'dokument-rechtsbegehren': 'beilagen-sb2',
      'dokument-stellungnahmen-verfahrensbeteiligte': 'beilagen-sb2',
      'dokument-leitbehoerde': 'beilagen-sb2',
      'dokument-entscheid': 'beilagen-sb2',
      None: 'beilagen-sb2',
    }),
    'Beilagen SB2 (Papier und Nachrichten)': OrderedDict({
      'dokument-grundstucksangaben': 'beilagen-sb2-grundstuecksangaben-projektbeschrieb',
      'dokument-gutachten-nachweise-begrundungen': 'beilagen-sb2-gutachten-nachweise-begruendungen-ausnahmebegehren',
      'dokument-projektplane-projektbeschrieb': 'beilagen-sb2-projektplaene',
      'dokument-weitere-gesuchsunterlagen': 'beilagen-sb2-weitere-gesuchsunterlagen',
      'dokument-amts-fachstellen': 'beilagen-sb2',
      'dokument-merkblaetter': 'beilagen-sb2',
      'dokument-rechtsbegehren': 'beilagen-sb2',
      'dokument-stellungnahmen-verfahrensbeteiligte': 'beilagen-sb2',
      'dokument-leitbehoerde': 'beilagen-sb2',
      'dokument-entscheid': 'beilagen-sb2',
      None: 'beilagen-sb2',
    }),
  })
# ---
