# serializer version: 1
# name: test_validation_errors[import-example-validation-errors.zip-be_dossier_import_settings-None-201-Gemeinde]
  list([
    dict({
      'details': list([
        dict({
          'code': 'date-field-validation-error',
          'detail': 'not-a-date',
          'field': 'submit-date',
          'level': 3,
        }),
        dict({
          'code': 'date-field-validation-error',
          'detail': 'not-a-date',
          'field': 'publication-date',
          'level': 3,
        }),
        dict({
          'code': 'date-field-validation-error',
          'detail': 'not-a-date',
          'field': 'decision-date',
          'level': 3,
        }),
        dict({
          'code': 'date-field-validation-error',
          'detail': 'not-a-date',
          'field': 'construction-start-date',
          'level': 3,
        }),
        dict({
          'code': 'date-field-validation-error',
          'detail': 'not-a-date',
          'field': 'profile-approval-date',
          'level': 3,
        }),
        dict({
          'code': 'date-field-validation-error',
          'detail': 'not-a-date',
          'field': 'final-approval-date',
          'level': 3,
        }),
        dict({
          'code': 'date-field-validation-error',
          'detail': 'not-a-date',
          'field': 'completion-date',
          'level': 3,
        }),
      ]),
      'dossier_id': '2017-84',
      'status': 'success',
    }),
    dict({
      'details': list([
        dict({
          'code': 'status-choice-validation-error',
          'detail': 'DONKED',
          'field': 'status',
          'level': 3,
        }),
      ]),
      'dossier_id': '2017-86',
      'status': 'success',
    }),
    dict({
      'details': list([
        dict({
          'code': 'missing-required-field-error',
          'detail': None,
          'field': 'submit-date',
          'level': 3,
        }),
      ]),
      'dossier_id': 9,
      'status': 'success',
    }),
  ])
# ---
# name: test_validation_errors[import-example-validation-errors.zip-be_dossier_import_settings-None-201-Gemeinde].1
  dict({
    'error': list([
      '''
        1 Dossiers fehlt ein Wert in einem zwingenden Feld. Betroffene Dossiers:
        9: submit-date
      ''',
      '''
        1 Dossiers haben ein ungültiges Datum. Datumsangaben bitte im Format "DD.MM.YYYY" (e.g. "13.04.2021") machen. Betroffene Dossiers:
        2017-84: 'not-a-date' (submit-date), 'not-a-date' (publication-date), 'not-a-date' (decision-date), 'not-a-date' (construction-start-date), 'not-a-date' (profile-approval-date), 'not-a-date' (final-approval-date), 'not-a-date' (completion-date)
      ''',
      '''
        1 Dossiers haben einen ungültigen Status. Betroffene Dossiers:
        2017-86: 'DONKED' (status)
      ''',
    ]),
    'stats': dict({
      'attachments': 4,
      'dossiers': 4,
    }),
    'warning': list([
      '''
        1 Dokumentenverzeichnisse haben keine Referenz in der Metadatendatei und werden nicht importiert:
        2017-84
      ''',
      '4 Dossiers ohne Dokumentenverzeichnis.',
    ]),
  })
# ---
# name: test_validation_errors[import-example-validation-errors.zip-be_dossier_import_settings-None-201-municipality-lead]
  list([
    dict({
      'details': list([
        dict({
          'code': 'date-field-validation-error',
          'detail': 'not-a-date',
          'field': 'submit-date',
          'level': 3,
        }),
        dict({
          'code': 'date-field-validation-error',
          'detail': 'not-a-date',
          'field': 'publication-date',
          'level': 3,
        }),
        dict({
          'code': 'date-field-validation-error',
          'detail': 'not-a-date',
          'field': 'decision-date',
          'level': 3,
        }),
        dict({
          'code': 'date-field-validation-error',
          'detail': 'not-a-date',
          'field': 'construction-start-date',
          'level': 3,
        }),
        dict({
          'code': 'date-field-validation-error',
          'detail': 'not-a-date',
          'field': 'profile-approval-date',
          'level': 3,
        }),
        dict({
          'code': 'date-field-validation-error',
          'detail': 'not-a-date',
          'field': 'final-approval-date',
          'level': 3,
        }),
        dict({
          'code': 'date-field-validation-error',
          'detail': 'not-a-date',
          'field': 'completion-date',
          'level': 3,
        }),
      ]),
      'dossier_id': '2017-84',
      'status': 'success',
    }),
    dict({
      'details': list([
        dict({
          'code': 'status-choice-validation-error',
          'detail': 'DONKED',
          'field': 'status',
          'level': 3,
        }),
      ]),
      'dossier_id': '2017-86',
      'status': 'success',
    }),
    dict({
      'details': list([
        dict({
          'code': 'missing-required-field-error',
          'detail': None,
          'field': 'submit-date',
          'level': 3,
        }),
      ]),
      'dossier_id': 9,
      'status': 'success',
    }),
  ])
# ---
# name: test_validation_errors[import-example-validation-errors.zip-be_dossier_import_settings-None-201-municipality-lead].1
  dict({
    'error': list([
      '''
        1 Dossiers fehlt ein Wert in einem zwingenden Feld. Betroffene Dossiers:
        9: submit-date
      ''',
      '''
        1 Dossiers haben ein ungültiges Datum. Datumsangaben bitte im Format "DD.MM.YYYY" (e.g. "13.04.2021") machen. Betroffene Dossiers:
        2017-84: 'not-a-date' (submit-date), 'not-a-date' (publication-date), 'not-a-date' (decision-date), 'not-a-date' (construction-start-date), 'not-a-date' (profile-approval-date), 'not-a-date' (final-approval-date), 'not-a-date' (completion-date)
      ''',
      '''
        1 Dossiers haben einen ungültigen Status. Betroffene Dossiers:
        2017-86: 'DONKED' (status)
      ''',
    ]),
    'stats': dict({
      'attachments': 4,
      'dossiers': 4,
    }),
    'warning': list([
      '''
        1 Dokumentenverzeichnisse haben keine Referenz in der Metadatendatei und werden nicht importiert:
        2017-84
      ''',
      '4 Dossiers ohne Dokumentenverzeichnis.',
    ]),
  })
# ---
# name: test_validation_errors[import-example-validation-errors.zip-so_dossier_import_settings-None-201-Gemeinde]
  list([
    dict({
      'details': list([
        dict({
          'code': 'date-field-validation-error',
          'detail': 'not-a-date',
          'field': 'submit-date',
          'level': 3,
        }),
        dict({
          'code': 'date-field-validation-error',
          'detail': 'not-a-date',
          'field': 'publication-date',
          'level': 3,
        }),
        dict({
          'code': 'date-field-validation-error',
          'detail': 'not-a-date',
          'field': 'decision-date',
          'level': 3,
        }),
        dict({
          'code': 'date-field-validation-error',
          'detail': 'not-a-date',
          'field': 'construction-start-date',
          'level': 3,
        }),
        dict({
          'code': 'date-field-validation-error',
          'detail': 'not-a-date',
          'field': 'profile-approval-date',
          'level': 3,
        }),
        dict({
          'code': 'date-field-validation-error',
          'detail': 'not-a-date',
          'field': 'final-approval-date',
          'level': 3,
        }),
        dict({
          'code': 'date-field-validation-error',
          'detail': 'not-a-date',
          'field': 'completion-date',
          'level': 3,
        }),
      ]),
      'dossier_id': '2017-84',
      'status': 'success',
    }),
    dict({
      'details': list([
        dict({
          'code': 'status-choice-validation-error',
          'detail': 'DONKED',
          'field': 'status',
          'level': 3,
        }),
      ]),
      'dossier_id': '2017-86',
      'status': 'success',
    }),
    dict({
      'details': list([
        dict({
          'code': 'missing-required-field-error',
          'detail': None,
          'field': 'submit-date',
          'level': 3,
        }),
      ]),
      'dossier_id': 9,
      'status': 'success',
    }),
  ])
# ---
# name: test_validation_errors[import-example-validation-errors.zip-so_dossier_import_settings-None-201-Gemeinde].1
  dict({
    'error': list([
      '''
        1 Dossiers fehlt ein Wert in einem zwingenden Feld. Betroffene Dossiers:
        9: submit-date
      ''',
      '''
        1 Dossiers haben ein ungültiges Datum. Datumsangaben bitte im Format "DD.MM.YYYY" (e.g. "13.04.2021") machen. Betroffene Dossiers:
        2017-84: 'not-a-date' (submit-date), 'not-a-date' (publication-date), 'not-a-date' (decision-date), 'not-a-date' (construction-start-date), 'not-a-date' (profile-approval-date), 'not-a-date' (final-approval-date), 'not-a-date' (completion-date)
      ''',
      '''
        1 Dossiers haben einen ungültigen Status. Betroffene Dossiers:
        2017-86: 'DONKED' (status)
      ''',
    ]),
    'stats': dict({
      'attachments': 4,
      'dossiers': 4,
    }),
    'warning': list([
      '''
        1 Dokumentenverzeichnisse haben keine Referenz in der Metadatendatei und werden nicht importiert:
        2017-84
      ''',
      '4 Dossiers ohne Dokumentenverzeichnis.',
    ]),
  })
# ---
# name: test_validation_errors[import-example-validation-errors.zip-so_dossier_import_settings-None-201-municipality-lead]
  list([
    dict({
      'details': list([
        dict({
          'code': 'date-field-validation-error',
          'detail': 'not-a-date',
          'field': 'submit-date',
          'level': 3,
        }),
        dict({
          'code': 'date-field-validation-error',
          'detail': 'not-a-date',
          'field': 'publication-date',
          'level': 3,
        }),
        dict({
          'code': 'date-field-validation-error',
          'detail': 'not-a-date',
          'field': 'decision-date',
          'level': 3,
        }),
        dict({
          'code': 'date-field-validation-error',
          'detail': 'not-a-date',
          'field': 'construction-start-date',
          'level': 3,
        }),
        dict({
          'code': 'date-field-validation-error',
          'detail': 'not-a-date',
          'field': 'profile-approval-date',
          'level': 3,
        }),
        dict({
          'code': 'date-field-validation-error',
          'detail': 'not-a-date',
          'field': 'final-approval-date',
          'level': 3,
        }),
        dict({
          'code': 'date-field-validation-error',
          'detail': 'not-a-date',
          'field': 'completion-date',
          'level': 3,
        }),
      ]),
      'dossier_id': '2017-84',
      'status': 'success',
    }),
    dict({
      'details': list([
        dict({
          'code': 'status-choice-validation-error',
          'detail': 'DONKED',
          'field': 'status',
          'level': 3,
        }),
      ]),
      'dossier_id': '2017-86',
      'status': 'success',
    }),
    dict({
      'details': list([
        dict({
          'code': 'missing-required-field-error',
          'detail': None,
          'field': 'submit-date',
          'level': 3,
        }),
      ]),
      'dossier_id': 9,
      'status': 'success',
    }),
  ])
# ---
# name: test_validation_errors[import-example-validation-errors.zip-so_dossier_import_settings-None-201-municipality-lead].1
  dict({
    'error': list([
      '''
        1 Dossiers fehlt ein Wert in einem zwingenden Feld. Betroffene Dossiers:
        9: submit-date
      ''',
      '''
        1 Dossiers haben ein ungültiges Datum. Datumsangaben bitte im Format "DD.MM.YYYY" (e.g. "13.04.2021") machen. Betroffene Dossiers:
        2017-84: 'not-a-date' (submit-date), 'not-a-date' (publication-date), 'not-a-date' (decision-date), 'not-a-date' (construction-start-date), 'not-a-date' (profile-approval-date), 'not-a-date' (final-approval-date), 'not-a-date' (completion-date)
      ''',
      '''
        1 Dossiers haben einen ungültigen Status. Betroffene Dossiers:
        2017-86: 'DONKED' (status)
      ''',
    ]),
    'stats': dict({
      'attachments': 4,
      'dossiers': 4,
    }),
    'warning': list([
      '''
        1 Dokumentenverzeichnisse haben keine Referenz in der Metadatendatei und werden nicht importiert:
        2017-84
      ''',
      '4 Dossiers ohne Dokumentenverzeichnis.',
    ]),
  })
# ---
# name: test_validation_errors[import-example-validation-errors.zip-sz_dossier_import_settings-None-400-Gemeinde]
  dict({
    'errors': list([
      dict({
        'code': 'invalid',
        'detail': 'Kein Standort gesetzt.',
        'source': dict({
          'pointer': '/data',
        }),
        'status': '400',
      }),
    ]),
  })
# ---
# name: test_validation_errors[import-example-validation-errors.zip-sz_dossier_import_settings-None-400-municipality-lead]
  dict({
    'errors': list([
      dict({
        'code': 'invalid',
        'detail': 'Kein Standort gesetzt.',
        'source': dict({
          'pointer': '/data',
        }),
        'status': '400',
      }),
    ]),
  })
# ---
# name: test_validation_errors[import-example-validation-errors.zip-sz_dossier_import_settings-location-201-Gemeinde]
  list([
    dict({
      'details': list([
        dict({
          'code': 'date-field-validation-error',
          'detail': 'not-a-date',
          'field': 'submit-date',
          'level': 3,
        }),
        dict({
          'code': 'date-field-validation-error',
          'detail': 'not-a-date',
          'field': 'publication-date',
          'level': 3,
        }),
        dict({
          'code': 'date-field-validation-error',
          'detail': 'not-a-date',
          'field': 'decision-date',
          'level': 3,
        }),
        dict({
          'code': 'date-field-validation-error',
          'detail': 'not-a-date',
          'field': 'construction-start-date',
          'level': 3,
        }),
        dict({
          'code': 'date-field-validation-error',
          'detail': 'not-a-date',
          'field': 'profile-approval-date',
          'level': 3,
        }),
        dict({
          'code': 'date-field-validation-error',
          'detail': 'not-a-date',
          'field': 'final-approval-date',
          'level': 3,
        }),
        dict({
          'code': 'date-field-validation-error',
          'detail': 'not-a-date',
          'field': 'completion-date',
          'level': 3,
        }),
      ]),
      'dossier_id': '2017-84',
      'status': 'success',
    }),
    dict({
      'details': list([
        dict({
          'code': 'status-choice-validation-error',
          'detail': 'DONKED',
          'field': 'status',
          'level': 3,
        }),
      ]),
      'dossier_id': '2017-86',
      'status': 'success',
    }),
    dict({
      'details': list([
        dict({
          'code': 'missing-required-field-error',
          'detail': None,
          'field': 'submit-date',
          'level': 3,
        }),
      ]),
      'dossier_id': 9,
      'status': 'success',
    }),
  ])
# ---
# name: test_validation_errors[import-example-validation-errors.zip-sz_dossier_import_settings-location-201-Gemeinde].1
  dict({
    'error': list([
      '''
        1 Dossiers fehlt ein Wert in einem zwingenden Feld. Betroffene Dossiers:
        9: submit-date
      ''',
      '''
        1 Dossiers haben ein ungültiges Datum. Datumsangaben bitte im Format "DD.MM.YYYY" (e.g. "13.04.2021") machen. Betroffene Dossiers:
        2017-84: 'not-a-date' (submit-date), 'not-a-date' (publication-date), 'not-a-date' (decision-date), 'not-a-date' (construction-start-date), 'not-a-date' (profile-approval-date), 'not-a-date' (final-approval-date), 'not-a-date' (completion-date)
      ''',
      '''
        1 Dossiers haben einen ungültigen Status. Betroffene Dossiers:
        2017-86: 'DONKED' (status)
      ''',
    ]),
    'stats': dict({
      'attachments': 4,
      'dossiers': 4,
    }),
    'warning': list([
      '''
        1 Dokumentenverzeichnisse haben keine Referenz in der Metadatendatei und werden nicht importiert:
        2017-84
      ''',
      '4 Dossiers ohne Dokumentenverzeichnis.',
    ]),
  })
# ---
# name: test_validation_errors[import-example-validation-errors.zip-sz_dossier_import_settings-location-201-municipality-lead]
  list([
    dict({
      'details': list([
        dict({
          'code': 'date-field-validation-error',
          'detail': 'not-a-date',
          'field': 'submit-date',
          'level': 3,
        }),
        dict({
          'code': 'date-field-validation-error',
          'detail': 'not-a-date',
          'field': 'publication-date',
          'level': 3,
        }),
        dict({
          'code': 'date-field-validation-error',
          'detail': 'not-a-date',
          'field': 'decision-date',
          'level': 3,
        }),
        dict({
          'code': 'date-field-validation-error',
          'detail': 'not-a-date',
          'field': 'construction-start-date',
          'level': 3,
        }),
        dict({
          'code': 'date-field-validation-error',
          'detail': 'not-a-date',
          'field': 'profile-approval-date',
          'level': 3,
        }),
        dict({
          'code': 'date-field-validation-error',
          'detail': 'not-a-date',
          'field': 'final-approval-date',
          'level': 3,
        }),
        dict({
          'code': 'date-field-validation-error',
          'detail': 'not-a-date',
          'field': 'completion-date',
          'level': 3,
        }),
      ]),
      'dossier_id': '2017-84',
      'status': 'success',
    }),
    dict({
      'details': list([
        dict({
          'code': 'status-choice-validation-error',
          'detail': 'DONKED',
          'field': 'status',
          'level': 3,
        }),
      ]),
      'dossier_id': '2017-86',
      'status': 'success',
    }),
    dict({
      'details': list([
        dict({
          'code': 'missing-required-field-error',
          'detail': None,
          'field': 'submit-date',
          'level': 3,
        }),
      ]),
      'dossier_id': 9,
      'status': 'success',
    }),
  ])
# ---
# name: test_validation_errors[import-example-validation-errors.zip-sz_dossier_import_settings-location-201-municipality-lead].1
  dict({
    'error': list([
      '''
        1 Dossiers fehlt ein Wert in einem zwingenden Feld. Betroffene Dossiers:
        9: submit-date
      ''',
      '''
        1 Dossiers haben ein ungültiges Datum. Datumsangaben bitte im Format "DD.MM.YYYY" (e.g. "13.04.2021") machen. Betroffene Dossiers:
        2017-84: 'not-a-date' (submit-date), 'not-a-date' (publication-date), 'not-a-date' (decision-date), 'not-a-date' (construction-start-date), 'not-a-date' (profile-approval-date), 'not-a-date' (final-approval-date), 'not-a-date' (completion-date)
      ''',
      '''
        1 Dossiers haben einen ungültigen Status. Betroffene Dossiers:
        2017-86: 'DONKED' (status)
      ''',
    ]),
    'stats': dict({
      'attachments': 4,
      'dossiers': 4,
    }),
    'warning': list([
      '''
        1 Dokumentenverzeichnisse haben keine Referenz in der Metadatendatei und werden nicht importiert:
        2017-84
      ''',
      '4 Dossiers ohne Dokumentenverzeichnis.',
    ]),
  })
# ---
