interactions:
- request:
    body: null
    headers:
      Accept:
      - '*/*'
      Accept-Encoding:
      - gzip, deflate
      Connection:
      - keep-alive
      User-Agent:
      - python-requests/2.32.3
    method: GET
    uri: https://geo-i.so.ch/api/data/v1/ch.so.agi.av.grundstuecke.rechtskraeftig.data/?bbox=2610176.0,1229506.0,2610176.0,1229506.0
  response:
    body:
      string: '{"type": "FeatureCollection", "features": [{"type": "Feature", "id":
        9548604, "geometry": {"type": "Polygon", "coordinates": [[[2610081.953, 1229680.644],
        [2610082.34, 1229701.652], [2610101.287, 1229766.886], [2610122.517, 1229827.024],
        [2610152.95, 1229880.793], [2610176.674, 1229916.211], [2610178.438, 1229904.788],
        [2610169.949, 1229838.3], [2610168.795, 1229809.681], [2610174.762, 1229779.141],
        [2610205.157, 1229582.976], [2610248.119, 1229388.571], [2610261.81, 1229321.601],
        [2610183.961, 1229407.568], [2610170.739, 1229421.629], [2610170.25, 1229437.444],
        [2610166.69, 1229456.908], [2610154.575, 1229495.459], [2610142.565, 1229519.613],
        [2610136.03, 1229537.66], [2610129.318, 1229559.045], [2610119.81, 1229578.283],
        [2610102.225, 1229610.25], [2610091.742, 1229638.118], [2610084.76, 1229661.023],
        [2610081.953, 1229680.644]]]}, "properties": {"bfs_nr": 2527, "gemeinde":
        "Luterbach", "nummer": "722", "art_txt": "Liegenschaft", "egrid": "CH407706683217",
        "nbident": "SO0200002527", "flaechenmass": 39346}}], "crs": {"type": "name",
        "properties": {"name": "urn:ogc:def:crs:EPSG::2056"}}, "bbox": [2610081.953,
        1229321.601, 2610261.81, 1229916.211]}

        '
    headers:
      Connection:
      - Keep-Alive
      Date:
      - Tue, 17 Sep 2024 13:44:01 GMT
      Keep-Alive:
      - timeout=10, max=300
      Server:
      - Kanton Solothurn
      Set-Cookie:
      - SCDID_S=yHSCKiUjMYxlSo2VC-SL_2kiVzjRLZS5lFnRvGj2S5qVenaF2TqA9Q$$; path=/;
        Secure; HttpOnly
      access-control-allow-origin:
      - '*'
      content-length:
      - '1166'
      content-type:
      - application/json
    status:
      code: 200
      message: OK
- request:
    body: null
    headers:
      Accept:
      - '*/*'
      Accept-Encoding:
      - gzip, deflate
      Connection:
      - keep-alive
      User-Agent:
      - python-requests/2.32.3
    method: GET
    uri: https://geo-i.so.ch/api/data/v1/ch.so.agi.av.gebaeudeadressen.gebaeudeeingaenge.data/?bbox=2610166.0,1229496.0,2610186.0,1229516.0
  response:
    body:
      string: '{"type": "FeatureCollection", "features": [], "crs": {"type": "name",
        "properties": {"name": "urn:ogc:def:crs:EPSG::2056"}}}

        '
    headers:
      Connection:
      - Keep-Alive
      Date:
      - Tue, 17 Sep 2024 13:44:01 GMT
      Keep-Alive:
      - timeout=10, max=300
      Server:
      - Kanton Solothurn
      Set-Cookie:
      - SCDID_S=jMN0ljnb7c8MThC3qkwslZ9Rl8r7npd9DWJ3TMwSe3J-fojS9guZCQ$$; path=/;
        Secure; HttpOnly
      access-control-allow-origin:
      - '*'
      content-length:
      - '125'
      content-type:
      - application/json
    status:
      code: 200
      message: OK
- request:
    body: null
    headers:
      Accept:
      - '*/*'
      Accept-Encoding:
      - gzip, deflate
      Connection:
      - keep-alive
      User-Agent:
      - python-requests/2.32.3
    method: GET
    uri: https://geo-i.so.ch/api/data/v1/ch.so.agi.av.grundbuchkreise.data/?bbox=2610176.0,1229506.0,2610176.0,1229506.0
  response:
    body:
      string: '{"type": "FeatureCollection", "features": [{"type": "Feature", "id":
        1461, "geometry": {"type": "MultiPolygon", "coordinates": [[[[2610006.354,
        1229807.9], [2610052.161, 1229855.14], [2610083.262, 1229930.94], [2610204.265,
        1230086.34], [2610256.167, 1230166.84], [2610315.669, 1230253.64], [2610363.87,
        1230316.84], [2610421.272, 1230385.04], [2610560.375, 1230472.84], [2610637.776,
        1230507.54], [2610762.378, 1230569.939], [2610886.578, 1230629.337], [2611021.778,
        1230683.735], [2611182.378, 1230741.133], [2611265.418, 1230752.742], [2611275.728,
        1230705.332], [2611278.228, 1230687.332], [2611283.828, 1230665.132], [2611290.828,
        1230644.702], [2611292.163, 1230642.321], [2611295.998, 1230635.491], [2611299.463,
        1230629.566], [2611303.103, 1230616.229], [2611305.589, 1230605.539], [2611308.013,
        1230596.499], [2611309.576, 1230590.486], [2611312.723, 1230583.732], [2611313.175,
        1230578.165], [2611314.942, 1230572.855], [2611316.633, 1230563.644], [2611322.82,
        1230552.749], [2611325.01, 1230542.239], [2611328.273, 1230525.995], [2611332.208,
        1230519.252], [2611331.278, 1230514.01], [2611332.196, 1230510.568], [2611334.774,
        1230504.433], [2611336.563, 1230498.341], [2611335.669, 1230496.464], [2611335.547,
        1230490.413], [2611336.796, 1230487.355], [2611337.363, 1230483.401], [2611337.738,
        1230477.914], [2611341.428, 1230466.991], [2611345.502, 1230458.609], [2611346.825,
        1230454.55], [2611346.078, 1230449.698], [2611346.744, 1230442.778], [2611350.051,
        1230436.293], [2611355.59, 1230426.084], [2611356.926, 1230423.221], [2611358.03,
        1230420.643], [2611360.639, 1230416.235], [2611367.569, 1230416.489], [2611383.128,
        1230420.106], [2611386.345, 1230420.928], [2611400.271, 1230424.604], [2611404.862,
        1230426.287], [2611409.274, 1230428.154], [2611419.575, 1230429.663], [2611420.648,
        1230429.477], [2611456.153, 1230401.329], [2611461.662, 1230402.408], [2611516.576,
        1230413.179], [2611537.921, 1230417.33], [2611589.497, 1230446.073], [2611625.545,
        1230463.11], [2611680.916, 1230480.102], [2611741.137, 1230493.925], [2611802.898,
        1230522.193], [2611841.855, 1230538.932], [2611901.106, 1230552.488], [2611905.78,
        1230553.065], [2612045.598, 1230543.393], [2612089.553, 1230533.68], [2612145.424,
        1230521.481], [2612174.524, 1230512.402], [2612202.093, 1230503.252], [2612259.792,
        1230486.92], [2612313.02, 1230477.124], [2612334.789, 1230441.739], [2612348.592,
        1230406.832], [2612349.435, 1230393.54], [2612353.596, 1230384.546], [2612373.655,
        1230340.66], [2612377.956, 1230310.378], [2612387.349, 1230295.226], [2612404.494,
        1230251.969], [2612405.01, 1230189.883], [2612395.965, 1230152.335], [2612395.833,
        1230151.599], [2612394.507, 1230146.085], [2612386.618, 1230112.814], [2612372.699,
        1230079.17], [2612360.876, 1230054.55], [2612351.345, 1230033.114], [2612347.078,
        1230007.78], [2612347.597, 1229979.856], [2612360.262, 1229876.846], [2612363.445,
        1229846.42], [2612363.918, 1229833.867], [2612367.054, 1229816.513], [2612555.388,
        1229802.926], [2612522.044, 1229741.145], [2612494.068, 1229685.208], [2612466.243,
        1229625.842], [2612419.629, 1229511.861], [2612413.58, 1229507.56], [2612413.569,
        1229489.004], [2612393.758, 1229444.37], [2612356.154, 1229331.39], [2612348.394,
        1229306.155], [2612325.918, 1229228.5], [2612303.407, 1229148.215], [2612238.036,
        1229128.315], [2612187.575, 1229095.066], [2612109.623, 1229043.586], [2611924.519,
        1228921.476], [2611912.099, 1228910.396], [2611910.138, 1228840.936], [2611908.687,
        1228788.835], [2611895.597, 1228790.326], [2611855.447, 1228792.446], [2611813.416,
        1228792.836], [2611800.206, 1228792.626], [2611727.225, 1228790.806], [2611733.854,
        1228758.276], [2611740.934, 1228725.936], [2611746.254, 1228706.556], [2611752.254,
        1228688.546], [2611750.734, 1228678.886], [2611758.674, 1228653.176], [2611761.424,
        1228644.355], [2611765.074, 1228638.105], [2611766.954, 1228623.475], [2611766.063,
        1228616.525], [2611768.583, 1228562.975], [2611770.782, 1228511.465], [2611771.662,
        1228467.355], [2611773.472, 1228460.735], [2611767.822, 1228462.145], [2611774.021,
        1228396.314], [2611774.571, 1228392.854], [2611632.899, 1228346.875], [2611637.068,
        1228327.105], [2611637.708, 1228299.454], [2611635.898, 1228284.464], [2611638.638,
        1228266.574], [2611638.568, 1228264.854], [2611635.987, 1228205.935], [2611634.107,
        1228205.915], [2611628.387, 1228205.845], [2611626.397, 1228205.825], [2611519.655,
        1228204.535], [2611516.155, 1228204.495], [2611379.633, 1228202.895], [2611233.781,
        1228201.206], [2611075.999, 1228199.407], [2611093.948, 1228145.576], [2610990.307,
        1228149.927], [2610956.116, 1228151.437], [2610915.486, 1228153.197], [2610918.346,
        1228157.377], [2610918.982, 1228158.129], [2610919.624, 1228158.877], [2610920.271,
        1228159.619], [2610920.924, 1228160.357], [2610921.582, 1228161.091], [2610922.245,
        1228161.819], [2610922.914, 1228162.542], [2610923.588, 1228163.261], [2610924.267,
        1228163.975], [2610924.952, 1228164.683], [2610925.641, 1228165.387], [2610926.336,
        1228166.085], [2610927.036, 1228166.778], [2610927.741, 1228167.466], [2610928.451,
        1228168.149], [2610929.166, 1228168.827], [2610929.899, 1228169.514], [2610930.636,
        1228170.195], [2610931.379, 1228170.87], [2610932.127, 1228171.54], [2610932.879,
        1228172.204], [2610933.637, 1228172.862], [2610934.377, 1228173.494], [2610935.121,
        1228174.121], [2610935.87, 1228174.742], [2610936.623, 1228175.358], [2610937.381,
        1228175.968], [2610938.143, 1228176.573], [2610938.91, 1228177.172], [2610939.681,
        1228177.766], [2610940.456, 1228178.354], [2610941.236, 1228178.937], [2610937.316,
        1228187.847], [2610803.555, 1228213.728], [2610798.074, 1228186.428], [2610754.514,
        1228195.308], [2610726.492, 1228053.658], [2610715.081, 1228007.358], [2610706.781,
        1227973.657], [2610706.437, 1227967.988], [2610706.266, 1227965.143], [2610706.211,
        1227964.187], [2610697.079, 1227831.007], [2610714.559, 1227800.907], [2610719.939,
        1227791.596], [2610729.649, 1227774.856], [2610712.069, 1227764.646], [2610680.008,
        1227746.056], [2610676.078, 1227743.756], [2610643.667, 1227725.127], [2610567.907,
        1227849.647], [2610567.146, 1227850.906], [2610566.391, 1227852.169], [2610565.643,
        1227853.437], [2610564.902, 1227854.708], [2610564.168, 1227855.983], [2610563.441,
        1227857.262], [2610562.72, 1227858.545], [2610562.006, 1227859.832], [2610561.3,
        1227861.122], [2610560.6, 1227862.416], [2610559.907, 1227863.714], [2610559.221,
        1227865.016], [2610558.542, 1227866.322], [2610557.87, 1227867.631], [2610557.205,
        1227868.943], [2610556.547, 1227870.259], [2610555.896, 1227871.579], [2610555.252,
        1227872.902], [2610554.616, 1227874.228], [2610553.986, 1227875.558], [2610553.364,
        1227876.892], [2610552.748, 1227878.228], [2610552.14, 1227879.568], [2610551.539,
        1227880.911], [2610550.945, 1227882.257], [2610550.359, 1227883.607], [2610549.779,
        1227884.959], [2610549.207, 1227886.315], [2610548.642, 1227887.674], [2610548.084,
        1227889.035], [2610547.534, 1227890.4], [2610546.991, 1227891.768], [2610546.455,
        1227893.138], [2610545.927, 1227894.512], [2610545.406, 1227895.888], [2610544.893,
        1227897.267], [2610544.386, 1227898.648], [2610543.888, 1227900.032], [2610543.396,
        1227901.419], [2610542.912, 1227902.809], [2610542.436, 1227904.201], [2610541.967,
        1227905.596], [2610541.505, 1227906.993], [2610541.051, 1227908.393], [2610540.604,
        1227909.795], [2610540.165, 1227911.199], [2610539.738, 1227912.589], [2610539.319,
        1227913.981], [2610538.907, 1227915.375], [2610538.503, 1227916.771], [2610538.106,
        1227918.17], [2610537.716, 1227919.57], [2610537.334, 1227920.973], [2610536.959,
        1227922.378], [2610536.592, 1227923.784], [2610536.232, 1227925.193], [2610535.879,
        1227926.604], [2610535.534, 1227928.016], [2610535.197, 1227929.43], [2610534.867,
        1227930.846], [2610534.546, 1227932.255], [2610534.233, 1227933.666], [2610533.927,
        1227935.078], [2610533.629, 1227936.492], [2610533.338, 1227937.907], [2610533.055,
        1227939.324], [2610532.779, 1227940.743], [2610532.51, 1227942.162], [2610532.249,
        1227943.584], [2610531.995, 1227945.006], [2610531.749, 1227946.43], [2610531.51,
        1227947.855], [2610531.279, 1227949.282], [2610531.055, 1227950.709], [2610530.839,
        1227952.138], [2610530.631, 1227953.568], [2610530.429, 1227954.999], [2610530.236,
        1227956.431], [2610530.05, 1227957.864], [2610529.871, 1227959.298], [2610529.7,
        1227960.732], [2610529.536, 1227962.168], [2610529.38, 1227963.605], [2610529.232,
        1227965.042], [2610529.091, 1227966.48], [2610528.958, 1227967.919], [2610528.832,
        1227969.359], [2610528.714, 1227970.799], [2610528.603, 1227972.24], [2610528.5,
        1227973.681], [2610528.405, 1227975.123], [2610528.317, 1227976.565], [2610528.236,
        1227978.008], [2610528.164, 1227979.451], [2610528.099, 1227980.895], [2610528.041,
        1227982.339], [2610527.991, 1227983.783], [2610527.949, 1227985.227], [2610527.914,
        1227986.672], [2610527.887, 1227988.117], [2610527.867, 1227989.562], [2610527.855,
        1227991.007], [2610527.85, 1227992.452], [2610527.854, 1227993.897], [2610527.864,
        1227995.342], [2610527.883, 1227996.787], [2610527.908, 1227998.231], [2610527.942,
        1227999.676], [2610527.98, 1228001.01], [2610528.024, 1228002.343], [2610528.075,
        1228003.676], [2610528.133, 1228005.009], [2610528.196, 1228006.342], [2610528.266,
        1228007.674], [2610528.343, 1228009.006], [2610528.426, 1228010.338], [2610528.515,
        1228011.669], [2610528.611, 1228013], [2610528.714, 1228014.33], [2610528.822,
        1228015.66], [2610528.937, 1228016.989], [2610529.059, 1228018.318], [2610539.494,
        1228129.281], [2610539.652, 1228131.008], [2610539.803, 1228132.736], [2610539.946,
        1228134.465], [2610540.081, 1228136.194], [2610540.207, 1228137.924], [2610540.327,
        1228139.654], [2610540.438, 1228141.385], [2610540.541, 1228143.117], [2610540.636,
        1228144.848], [2610540.723, 1228146.581], [2610540.803, 1228148.313], [2610540.874,
        1228150.046], [2610540.938, 1228151.78], [2610540.994, 1228153.513], [2610541.042,
        1228155.247], [2610541.082, 1228156.981], [2610541.114, 1228158.715], [2610541.138,
        1228160.45], [2610541.154, 1228162.184], [2610541.162, 1228163.919], [2610541.162,
        1228165.653], [2610541.155, 1228167.388], [2610541.139, 1228169.122], [2610541.116,
        1228170.856], [2610541.084, 1228172.59], [2610541.045, 1228174.324], [2610540.998,
        1228176.058], [2610540.942, 1228177.792], [2610540.879, 1228179.525], [2610540.808,
        1228181.258], [2610540.729, 1228182.991], [2610540.643, 1228184.723], [2610540.548,
        1228186.455], [2610540.445, 1228188.186], [2610540.335, 1228189.917], [2610540.216,
        1228191.648], [2610540.09, 1228193.378], [2610539.956, 1228195.107], [2610539.814,
        1228196.835], [2610539.664, 1228198.563], [2610539.506, 1228200.291], [2610539.34,
        1228202.017], [2610539.166, 1228203.743], [2610538.985, 1228205.468], [2610538.795,
        1228207.192], [2610538.598, 1228208.915], [2610538.393, 1228210.637], [2610538.18,
        1228212.359], [2610537.959, 1228214.079], [2610537.73, 1228215.798], [2610537.494,
        1228217.517], [2610537.249, 1228219.234], [2610536.997, 1228220.95], [2610536.737,
        1228222.665], [2610536.469, 1228224.379], [2610536.193, 1228226.091], [2610535.91,
        1228227.802], [2610535.618, 1228229.512], [2610535.319, 1228231.221], [2610535.012,
        1228232.928], [2610534.698, 1228234.634], [2610534.375, 1228236.338], [2610534.045,
        1228238.041], [2610533.707, 1228239.742], [2610533.361, 1228241.442], [2610533.007,
        1228243.14], [2610532.646, 1228244.836], [2610532.277, 1228246.531], [2610531.9,
        1228248.224], [2610531.515, 1228249.915], [2610531.123, 1228251.605], [2610530.723,
        1228253.293], [2610530.316, 1228254.979], [2610529.9, 1228256.663], [2610529.477,
        1228258.345], [2610529.046, 1228260.025], [2610528.608, 1228261.703], [2610528.162,
        1228263.38], [2610527.708, 1228265.054], [2610527.247, 1228266.726], [2610526.778,
        1228268.396], [2610526.301, 1228270.064], [2610525.817, 1228271.729], [2610525.326,
        1228273.392], [2610524.826, 1228275.054], [2610524.319, 1228276.712], [2610523.805,
        1228278.369], [2610523.283, 1228280.023], [2610522.753, 1228281.675], [2610522.216,
        1228283.324], [2610521.671, 1228284.971], [2610521.119, 1228286.615], [2610006.354,
        1229807.9]]]]}, "properties": {"nbident": "SO0200002527", "amtschreiberei":
        "Amtschreiberei Region Solothurn", "aname": "Luterbach"}}], "crs": {"type":
        "name", "properties": {"name": "urn:ogc:def:crs:EPSG::2056"}}, "bbox": [2610006.3540000003,
        1227725.127, 2612555.3880000003, 1230752.742]}

        '
    headers:
      Connection:
      - Keep-Alive
      Date:
      - Tue, 17 Sep 2024 13:44:02 GMT
      Keep-Alive:
      - timeout=10, max=300
      Server:
      - Kanton Solothurn
      Set-Cookie:
      - SCDID_S=no4EXd10tDBi5um_aoxB5AcaIWayugVWIuk6iSzNnfIr6LTGohUghQ$$; path=/;
        Secure; HttpOnly
      access-control-allow-origin:
      - '*'
      content-length:
      - '12359'
      content-type:
      - application/json
    status:
      code: 200
      message: OK
- request:
    body: null
    headers:
      Accept:
      - '*/*'
      Accept-Encoding:
      - gzip, deflate
      Connection:
      - keep-alive
      User-Agent:
      - python-requests/2.32.3
    method: GET
    uri: https://geo-i.so.ch/api/data/v1/ch.so.arp.nutzungsplanung.grundnutzung.data/?bbox=2610176.0,1229506.0,2610176.0,1229506.0
  response:
    body:
      string: '{"type": "FeatureCollection", "features": [{"type": "Feature", "id":
        1394473, "geometry": {"type": "Polygon", "coordinates": [[[2610125.936, 1229595.333],
        [2610111.16, 1229608.637], [2610104.866, 1229614.877], [2610096.346, 1229631.644],
        [2610093.674, 1229640.416], [2610091.478, 1229655.749], [2610090.405, 1229675.342],
        [2610087.949, 1229692.408], [2610086.617, 1229707.487], [2610088.601, 1229718.679],
        [2610095.344, 1229736.326], [2610098.215, 1229749.687], [2610112.258, 1229794.534],
        [2610118.294, 1229813.317], [2610134.373, 1229848.044], [2610141.679, 1229862.511],
        [2610156.569, 1229889.573], [2610169.574, 1229910.376], [2610174.627, 1229915.778],
        [2610174.669, 1229915.828], [2610174.712, 1229915.877], [2610174.756, 1229915.925],
        [2610174.8, 1229915.972], [2610174.845, 1229916.019], [2610174.891, 1229916.065],
        [2610174.938, 1229916.11], [2610174.986, 1229916.154], [2610175.034, 1229916.198],
        [2610175.084, 1229916.24], [2610175.134, 1229916.282], [2610175.184, 1229916.323],
        [2610175.235, 1229916.363], [2610175.287, 1229916.402], [2610175.34, 1229916.44],
        [2610175.394, 1229916.477], [2610175.447, 1229916.514], [2610175.502, 1229916.549],
        [2610175.557, 1229916.584], [2610175.613, 1229916.617], [2610175.669, 1229916.65],
        [2610175.726, 1229916.681], [2610175.784, 1229916.712], [2610175.842, 1229916.741],
        [2610175.9, 1229916.77], [2610175.959, 1229916.797], [2610176.019, 1229916.824],
        [2610176.079, 1229916.849], [2610176.139, 1229916.873], [2610176.2, 1229916.897],
        [2610176.261, 1229916.919], [2610176.322, 1229916.94], [2610176.384, 1229916.96],
        [2610176.446, 1229916.98], [2610176.509, 1229916.998], [2610176.572, 1229917.014],
        [2610176.635, 1229917.03], [2610176.698, 1229917.045], [2610176.762, 1229917.059],
        [2610176.825, 1229917.071], [2610176.89, 1229917.083], [2610176.954, 1229917.093],
        [2610177.018, 1229917.102], [2610177.083, 1229917.11], [2610177.147, 1229917.117],
        [2610177.212, 1229917.123], [2610177.277, 1229917.128], [2610177.342, 1229917.131],
        [2610177.407, 1229917.134], [2610177.472, 1229917.135], [2610177.537, 1229917.135],
        [2610177.602, 1229917.134], [2610177.667, 1229917.132], [2610177.732, 1229917.129],
        [2610177.797, 1229917.125], [2610177.862, 1229917.119], [2610177.927, 1229917.113],
        [2610177.991, 1229917.105], [2610178.056, 1229917.096], [2610178.12, 1229917.086],
        [2610178.184, 1229917.075], [2610178.248, 1229917.063], [2610178.312, 1229917.05],
        [2610178.375, 1229917.035], [2610178.438, 1229917.02], [2610178.501, 1229917.003],
        [2610178.564, 1229916.986], [2610178.626, 1229916.967], [2610178.688, 1229916.947],
        [2610178.75, 1229916.926], [2610178.811, 1229916.904], [2610178.872, 1229916.881],
        [2610178.932, 1229916.857], [2610178.992, 1229916.832], [2610179.052, 1229916.806],
        [2610179.111, 1229916.779], [2610179.17, 1229916.751], [2610179.228, 1229916.722],
        [2610179.286, 1229916.692], [2610179.343, 1229916.66], [2610179.399, 1229916.628],
        [2610179.455, 1229916.595], [2610179.511, 1229916.561], [2610179.565, 1229916.526],
        [2610179.62, 1229916.49], [2610179.673, 1229916.453], [2610179.726, 1229916.415],
        [2610179.778, 1229916.377], [2610179.83, 1229916.338], [2610179.881, 1229916.297],
        [2610179.931, 1229916.256], [2610179.981, 1229916.215], [2610180.03, 1229916.172],
        [2610180.078, 1229916.128], [2610180.125, 1229916.084], [2610180.172, 1229916.039],
        [2610180.217, 1229915.993], [2610180.262, 1229915.946], [2610180.306, 1229915.899],
        [2610180.35, 1229915.85], [2610180.392, 1229915.801], [2610180.434, 1229915.752],
        [2610180.475, 1229915.701], [2610180.515, 1229915.65], [2610180.553, 1229915.598],
        [2610180.592, 1229915.546], [2610180.629, 1229915.493], [2610180.665, 1229915.439],
        [2610180.7, 1229915.384], [2610180.735, 1229915.329], [2610180.768, 1229915.274],
        [2610180.801, 1229915.218], [2610180.832, 1229915.161], [2610180.862, 1229915.104],
        [2610180.892, 1229915.046], [2610180.92, 1229914.988], [2610180.948, 1229914.929],
        [2610180.974, 1229914.87], [2610181, 1229914.81], [2610181.024, 1229914.75],
        [2610181.048, 1229914.69], [2610181.07, 1229914.629], [2610181.091, 1229914.567],
        [2610181.111, 1229914.506], [2610181.13, 1229914.444], [2610181.148, 1229914.382],
        [2610181.165, 1229914.319], [2610181.181, 1229914.256], [2610181.196, 1229914.193],
        [2610181.21, 1229914.13], [2610181.222, 1229914.066], [2610181.234, 1229914.002],
        [2610181.244, 1229913.938], [2610181.254, 1229913.874], [2610181.262, 1229913.81],
        [2610181.269, 1229913.745], [2610181.275, 1229913.68], [2610181.28, 1229913.616],
        [2610181.283, 1229913.551], [2610181.286, 1229913.486], [2610181.287, 1229913.421],
        [2610181.288, 1229913.357], [2610181.287, 1229913.292], [2610181.285, 1229913.227],
        [2610181.282, 1229913.162], [2610182.278, 1229908.204], [2610182.046, 1229905.687],
        [2610181.943, 1229904.574], [2610184.672, 1229904.123], [2610186.245, 1229903.863],
        [2610184.731, 1229896.608], [2610180.946, 1229872.019], [2610179.302, 1229860.419],
        [2610175.509, 1229819.296], [2610177.714, 1229795.853], [2610190.59, 1229731.992],
        [2610197.918, 1229690.604], [2610210.829, 1229641.032], [2610225.731, 1229576.584],
        [2610236.647, 1229526.73], [2610250.777, 1229464.764], [2610266.462, 1229393.002],
        [2610275.311, 1229351.162], [2610278.824, 1229334.603], [2610274.852, 1229332.717],
        [2610274.44, 1229333.576], [2610271.554, 1229332.275], [2610264.823, 1229329.241],
        [2610264.458, 1229330.199], [2610264.183, 1229330.979], [2610263.895, 1229331.755],
        [2610263.593, 1229332.525], [2610263.278, 1229333.29], [2610262.949, 1229334.049],
        [2610262.608, 1229334.803], [2610262.253, 1229335.551], [2610261.886, 1229336.292],
        [2610261.506, 1229337.027], [2610261.113, 1229337.755], [2610260.708, 1229338.476],
        [2610260.29, 1229339.19], [2610259.859, 1229339.9], [2610259.415, 1229340.602],
        [2610258.96, 1229341.296], [2610258.492, 1229341.982], [2610258.013, 1229342.66],
        [2610257.522, 1229343.33], [2610257.02, 1229343.992], [2610256.507, 1229344.644],
        [2610255.982, 1229345.288], [2610255.446, 1229345.922], [2610254.9, 1229346.547],
        [2610254.343, 1229347.163], [2610253.775, 1229347.769], [2610246.327, 1229352.967],
        [2610245.641, 1229353.334], [2610245.174, 1229353.582], [2610232.666, 1229362.487],
        [2610232.009, 1229362.927], [2610231.359, 1229363.377], [2610230.717, 1229363.838],
        [2610230.083, 1229364.31], [2610229.456, 1229364.793], [2610228.838, 1229365.286],
        [2610228.228, 1229365.789], [2610227.627, 1229366.302], [2610227.035, 1229366.826],
        [2610226.451, 1229367.359], [2610225.876, 1229367.902], [2610225.311, 1229368.455],
        [2610224.755, 1229369.017], [2610224.208, 1229369.588], [2610223.671, 1229370.168],
        [2610223.153, 1229370.746], [2610222.643, 1229371.332], [2610222.144, 1229371.927],
        [2610221.654, 1229372.529], [2610221.174, 1229373.139], [2610220.705, 1229373.758],
        [2610220.245, 1229374.383], [2610219.795, 1229375.016], [2610219.356, 1229375.657],
        [2610218.928, 1229376.304], [2610218.51, 1229376.958], [2610218.103, 1229377.62],
        [2610217.706, 1229378.287], [2610217.523, 1229378.666], [2610217.346, 1229379.047],
        [2610217.176, 1229379.432], [2610217.012, 1229379.819], [2610216.854, 1229380.209],
        [2610216.702, 1229380.601], [2610216.557, 1229380.996], [2610216.418, 1229381.393],
        [2610216.286, 1229381.792], [2610216.161, 1229382.193], [2610216.042, 1229382.597],
        [2610215.929, 1229383.002], [2610215.823, 1229383.411], [2610215.723, 1229383.822],
        [2610215.63, 1229384.234], [2610215.544, 1229384.648], [2610215.465, 1229385.063],
        [2610215.393, 1229385.479], [2610215.327, 1229385.896], [2610215.269, 1229386.315],
        [2610215.217, 1229386.734], [2610215.172, 1229387.154], [2610215.135, 1229387.575],
        [2610215.104, 1229387.997], [2610215.08, 1229388.418], [2610215.063, 1229388.841],
        [2610215.053, 1229389.263], [2610215.088, 1229389.531], [2610215.119, 1229389.8],
        [2610215.145, 1229390.069], [2610215.167, 1229390.339], [2610215.183, 1229390.609],
        [2610215.195, 1229390.879], [2610215.203, 1229391.15], [2610215.205, 1229391.42],
        [2610215.203, 1229391.691], [2610215.197, 1229391.961], [2610215.185, 1229392.232],
        [2610215.169, 1229392.502], [2610215.148, 1229392.772], [2610215.123, 1229393.041],
        [2610215.093, 1229393.31], [2610215.058, 1229393.578], [2610215.019, 1229393.846],
        [2610214.975, 1229394.113], [2610214.926, 1229394.379], [2610214.873, 1229394.644],
        [2610214.815, 1229394.908], [2610214.753, 1229395.172], [2610214.686, 1229395.434],
        [2610214.614, 1229395.695], [2610214.538, 1229395.954], [2610214.458, 1229396.213],
        [2610214.373, 1229396.47], [2610214.284, 1229396.725], [2610214.19, 1229396.979],
        [2610214.092, 1229397.231], [2610213.989, 1229397.481], [2610213.882, 1229397.73],
        [2610213.771, 1229397.976], [2610213.656, 1229398.221], [2610213.536, 1229398.464],
        [2610213.412, 1229398.704], [2610213.284, 1229398.943], [2610213.152, 1229399.179],
        [2610213.016, 1229399.413], [2610212.876, 1229399.644], [2610212.733, 1229399.871],
        [2610212.587, 1229400.096], [2610212.436, 1229400.318], [2610212.282, 1229400.537],
        [2610212.124, 1229400.754], [2610211.962, 1229400.968], [2610211.796, 1229401.179],
        [2610211.627, 1229401.387], [2610211.455, 1229401.593], [2610211.279, 1229401.795],
        [2610211.099, 1229401.994], [2610210.916, 1229402.191], [2610210.73, 1229402.384],
        [2610210.54, 1229402.573], [2610210.347, 1229402.76], [2610210.151, 1229402.943],
        [2610209.952, 1229403.123], [2610209.75, 1229403.299], [2610209.545, 1229403.472],
        [2610209.337, 1229403.641], [2610209.126, 1229403.807], [2610208.912, 1229403.969],
        [2610208.696, 1229404.128], [2610208.476, 1229404.282], [2610208.255, 1229404.433],
        [2610208.03, 1229404.58], [2610207.803, 1229404.723], [2610207.574, 1229404.862],
        [2610207.342, 1229404.998], [2610207.108, 1229405.129], [2610206.872, 1229405.256],
        [2610206.634, 1229405.379], [2610206.394, 1229405.498], [2610206.151, 1229405.613],
        [2610176.726, 1229417.257], [2610174.486, 1229418.143], [2610174.189, 1229418.259],
        [2610173.338, 1229422.831], [2610172.475, 1229430.955], [2610170.758, 1229447.123],
        [2610169.708, 1229452.191], [2610168.583, 1229457.244], [2610167.382, 1229462.278],
        [2610166.105, 1229467.294], [2610164.604, 1229472.819], [2610163.007, 1229478.317],
        [2610161.315, 1229483.786], [2610159.676, 1229488.806], [2610157.958, 1229493.8],
        [2610156.159, 1229498.765], [2610152.485, 1229507.282], [2610147.671, 1229515.603],
        [2610144.612, 1229522.18], [2610141.493, 1229535.609], [2610136.772, 1229549.893],
        [2610136.435, 1229555.07], [2610136.359, 1229570.868], [2610133.576, 1229583.866],
        [2610125.936, 1229595.333]], [[2610178.797, 1229727.158], [2610178.141, 1229733.317],
        [2610176.961, 1229734.824], [2610175.256, 1229735.021], [2610170.993, 1229729.517],
        [2610167.583, 1229717.919], [2610166.812, 1229704.769], [2610168.772, 1229691.834],
        [2610177.787, 1229675.567], [2610185.823, 1229657.34], [2610188.044, 1229648.042],
        [2610184.123, 1229633.735], [2610184.907, 1229630.207], [2610195.687, 1229628.051],
        [2610198.614, 1229634.348], [2610198.236, 1229641.77], [2610190.004, 1229676.068],
        [2610181.871, 1229698.999], [2610176.633, 1229718.817], [2610178.797, 1229727.158]]]},
        "properties": {"typ_kt": "N440_Wald", "typ_bezeichnung": "Wald"}}], "crs":
        {"type": "name", "properties": {"name": "urn:ogc:def:crs:EPSG::2056"}}, "bbox":
        [2610086.617, 1229329.241, 2610278.824, 1229917.135]}

        '
    headers:
      Connection:
      - Keep-Alive
      Date:
      - Tue, 17 Sep 2024 13:44:02 GMT
      Keep-Alive:
      - timeout=10, max=300
      Server:
      - Kanton Solothurn
      Set-Cookie:
      - SCDID_S=GDU4fc4Jo6vEMLj7iOFs5vNmPzJTtdf8Sy6VoYQ4lyPSj55zKAUAdw$$; path=/;
        Secure; HttpOnly
      access-control-allow-origin:
      - '*'
      content-length:
      - '11200'
      content-type:
      - application/json
    status:
      code: 200
      message: OK
- request:
    body: null
    headers:
      Accept:
      - '*/*'
      Accept-Encoding:
      - gzip, deflate
      Connection:
      - keep-alive
      User-Agent:
      - python-requests/2.32.3
    method: GET
    uri: https://geo-i.so.ch/api/data/v1/ch.so.alw.fruchtfolgeflaechen.data/?bbox=2610176.0,1229506.0,2610176.0,1229506.0
  response:
    body:
      string: '{"type": "FeatureCollection", "features": [], "crs": {"type": "name",
        "properties": {"name": "urn:ogc:def:crs:EPSG::2056"}}}

        '
    headers:
      Connection:
      - Keep-Alive
      Date:
      - Tue, 17 Sep 2024 13:44:02 GMT
      Keep-Alive:
      - timeout=10, max=300
      Server:
      - Kanton Solothurn
      Set-Cookie:
      - SCDID_S=P5YLEsrTjdsOGib4BdDtSYiZC8DnFC74SB3DMPerGwOHaHACO4umkw$$; path=/;
        Secure; HttpOnly
      access-control-allow-origin:
      - '*'
      content-length:
      - '125'
      content-type:
      - application/json
    status:
      code: 200
      message: OK
- request:
    body: null
    headers:
      Accept:
      - '*/*'
      Accept-Encoding:
      - gzip, deflate
      Connection:
      - keep-alive
      User-Agent:
      - python-requests/2.32.3
    method: GET
    uri: https://geo-i.so.ch/api/data/v1/ch.so.afu.naturgefahren.synoptisches_gefahrengebiet.data/?bbox=2610176.0,1229506.0,2610176.0,1229506.0
  response:
    body:
      string: '{"type": "FeatureCollection", "features": [{"type": "Feature", "id":
        2053462, "geometry": {"type": "MultiPolygon", "coordinates": [[[[2610117.218,
        1229567.01], [2610118.802, 1229565.854], [2610120.266, 1229564.487], [2610121.478,
        1229563.217], [2610122.304, 1229562.349], [2610123.125, 1229561.485], [2610124.324,
        1229560.228], [2610125.553, 1229558.692], [2610126.465, 1229556.993], [2610127.14,
        1229555.406], [2610127.656, 1229554.207], [2610128.173, 1229553.007], [2610128.848,
        1229551.42], [2610129.579, 1229549.696], [2610130.264, 1229548.086], [2610130.971,
        1229546.462], [2610131.767, 1229544.694], [2610132.518, 1229543.037], [2610133.091,
        1229541.743], [2610133.547, 1229540.675], [2610133.952, 1229539.698], [2610134.521,
        1229538.302], [2610135.468, 1229535.981], [2610135.989, 1229534.707], [2610136.413,
        1229533.667], [2610136.974, 1229532.293], [2610137.686, 1229530.545], [2610138.266,
        1229529.144], [2610139.315, 1229526.631], [2610139.894, 1229525.245], [2610140.348,
        1229524.156], [2610140.88, 1229522.872], [2610141.425, 1229521.539], [2610141.973,
        1229520.203], [2610143.094, 1229517.483], [2610143.724, 1229515.955], [2610144.206,
        1229514.783], [2610144.73, 1229513.507], [2610145.211, 1229512.348], [2610145.794,
        1229510.973], [2610147.039, 1229508.04], [2610147.736, 1229506.398], [2610148.251,
        1229505.184], [2610148.735, 1229504.042], [2610148.983, 1229503.446], [2610149.504,
        1229502.181], [2610150.811, 1229499.007], [2610151.56, 1229497.19], [2610152.105,
        1229495.865], [2610152.588, 1229494.693], [2610152.735, 1229494.335], [2610153.241,
        1229493.129], [2610154.62, 1229489.857], [2610154.761, 1229489.821], [2610154.368,
        1229490.825], [2610154.027, 1229491.705], [2610153.5, 1229493.091], [2610153.066,
        1229494.362], [2610152.925, 1229494.907], [2610152.676, 1229495.29], [2610152.191,
        1229496.361], [2610150.996, 1229499.352], [2610150.321, 1229501.093], [2610149.848,
        1229502.364], [2610149.507, 1229503.498], [2610149.692, 1229504.128], [2610149.217,
        1229504.971], [2610148.446, 1229506.154], [2610147.328, 1229508.889], [2610146.779,
        1229510.515], [2610146.422, 1229511.883], [2610146.285, 1229513.845], [2610146.324,
        1229515.336], [2610145.946, 1229516.92], [2610145.576, 1229518.381], [2610145.641,
        1229519.509], [2610146.151, 1229521.062], [2610146.7, 1229521.92], [2610147.891,
        1229523.307], [2610149.172, 1229524.805], [2610149.996, 1229525.995], [2610150.353,
        1229527.14], [2610150.238, 1229528.506], [2610149.534, 1229530.041], [2610148.126,
        1229531.691], [2610146.716, 1229533.023], [2610146.008, 1229533.606], [2610145.312,
        1229533.979], [2610144.627, 1229534.105], [2610143.246, 1229534.158], [2610141.872,
        1229534.008], [2610141.205, 1229533.529], [2610139.724, 1229532.986], [2610138.062,
        1229534.015], [2610137.587, 1229534.974], [2610137.148, 1229535.996], [2610136.886,
        1229537.862], [2610136.995, 1229538.955], [2610137.378, 1229540.889], [2610137.634,
        1229542.421], [2610137.539, 1229543.708], [2610137.272, 1229545.079], [2610138.081,
        1229546.548], [2610138.727, 1229547.887], [2610139.05, 1229549.38], [2610138.934,
        1229550.885], [2610138.265, 1229552.257], [2610137.72, 1229552.989], [2610137.033,
        1229553.877], [2610135.23, 1229556.124], [2610134.317, 1229557.26], [2610133.664,
        1229558.107], [2610133.143, 1229558.937], [2610133.386, 1229559.965], [2610134.111,
        1229562.544], [2610134.543, 1229564.034], [2610134.871, 1229565.149], [2610135.218,
        1229566.254], [2610135.948, 1229566.437], [2610137.497, 1229565.801], [2610138.995,
        1229565.014], [2610141.567, 1229563.578], [2610142.972, 1229562.881], [2610144.08,
        1229562.553], [2610145.402, 1229563], [2610146.162, 1229564.552], [2610147.197,
        1229565.289], [2610148.127, 1229566.059], [2610148.914, 1229567.633], [2610149.09,
        1229569.287], [2610148.187, 1229570.296], [2610147.422, 1229571.433], [2610148.013,
        1229573.473], [2610148.604, 1229574.627], [2610149.107, 1229575.6], [2610149.85,
        1229577.001], [2610149.776, 1229578.549], [2610149.303, 1229579.332], [2610149.17,
        1229580.66], [2610149.209, 1229582.487], [2610149.714, 1229584.208], [2610150.326,
        1229585.4], [2610151.161, 1229585.991], [2610151.983, 1229587.025], [2610152.56,
        1229589.55], [2610152.598, 1229590.91], [2610152.26, 1229591.722], [2610150.457,
        1229591.701], [2610149.241, 1229591.221], [2610148.15, 1229590.897], [2610146.34,
        1229590.721], [2610145.132, 1229591.316], [2610144.628, 1229592.825], [2610144.396,
        1229594.622], [2610144.001, 1229596.078], [2610143.988, 1229597.981], [2610145.016,
        1229598.869], [2610145.937, 1229599.022], [2610147.568, 1229598.938], [2610149.102,
        1229598.61], [2610149.73, 1229598.03], [2610150.24, 1229597.16], [2610151.42,
        1229595.966], [2610152.592, 1229596.862], [2610152.32, 1229598.604], [2610152.19,
        1229599.324], [2610151.998, 1229600.039], [2610151.812, 1229601.001], [2610151.526,
        1229602.873], [2610151.293, 1229604.007], [2610150.929, 1229605.082], [2610149.809,
        1229607.053], [2610149.059, 1229607.853], [2610148.193, 1229608.398], [2610146.107,
        1229608.727], [2610145.029, 1229608.588], [2610144.114, 1229608.353], [2610142.776,
        1229607.592], [2610141.721, 1229606.504], [2610141.466, 1229606.233], [2610140.875,
        1229605.773], [2610139.523, 1229604.666], [2610138.674, 1229603.968], [2610137.858,
        1229603.303], [2610136.326, 1229602.074], [2610134.729, 1229601.489], [2610132.867,
        1229602.058], [2610131.194, 1229603.003], [2610130.162, 1229603.546], [2610128.657,
        1229604.689], [2610127.164, 1229604.959], [2610126.097, 1229604.638], [2610124.29,
        1229604.737], [2610122.403, 1229605.241], [2610121.092, 1229606.133], [2610119.724,
        1229607.579], [2610119.293, 1229608.782], [2610118.993, 1229609.92], [2610118.264,
        1229611.649], [2610117.431, 1229613.355], [2610116.818, 1229614.425], [2610115.917,
        1229616.207], [2610115.125, 1229617.219], [2610113.545, 1229618.189], [2610112.078,
        1229619.111], [2610111.625, 1229619.976], [2610111.36, 1229621.342], [2610110.458,
        1229623.767], [2610109.841, 1229625.237], [2610109.213, 1229626.692], [2610107.922,
        1229629.558], [2610107.354, 1229630.836], [2610106.966, 1229631.832], [2610106.729,
        1229632.98], [2610106.823, 1229633.687], [2610106.909, 1229633.894], [2610107.217,
        1229634.65], [2610107.913, 1229636.749], [2610108.347, 1229638.065], [2610108.761,
        1229639.24], [2610109.526, 1229641.169], [2610110.211, 1229642.626], [2610110.82,
        1229643.702], [2610112.152, 1229645.053], [2610113.761, 1229645.986], [2610114.641,
        1229646.62], [2610115.585, 1229647.587], [2610116.338, 1229648.652], [2610116.643,
        1229649.582], [2610117.125, 1229651.151], [2610117.668, 1229652.435], [2610118.492,
        1229654.869], [2610118.916, 1229656.191], [2610119.224, 1229657.146], [2610119.49,
        1229657.955], [2610119.553, 1229658.118], [2610119.767, 1229658.761], [2610120.351,
        1229660.513], [2610120.719, 1229661.558], [2610121.054, 1229662.386], [2610121.624,
        1229663.391], [2610122.161, 1229664.127], [2610122.763, 1229665.188], [2610123.092,
        1229666.459], [2610122.81, 1229667.822], [2610122.605, 1229669.299], [2610123.164,
        1229670.912], [2610123.906, 1229672.491], [2610124.25, 1229673.868], [2610124.637,
        1229675.229], [2610125.51, 1229676.761], [2610126.389, 1229678.244], [2610126.794,
        1229679.459], [2610126.682, 1229681.431], [2610125.521, 1229682.076], [2610124.197,
        1229681.604], [2610121.99, 1229680.682], [2610120.807, 1229680.168], [2610119.908,
        1229679.775], [2610118.96, 1229679.347], [2610118.435, 1229679.149], [2610118.128,
        1229679.142], [2610117.496, 1229678.967], [2610115.922, 1229678.431], [2610114.86,
        1229678.049], [2610113.719, 1229677.619], [2610111.2, 1229676.615], [2610109.969,
        1229676.273], [2610108.951, 1229676.349], [2610107.556, 1229677.749], [2610107.074,
        1229678.77], [2610106.595, 1229679.597], [2610105.649, 1229680.673], [2610104.035,
        1229681.302], [2610102.739, 1229682.049], [2610101.866, 1229682.62], [2610100.49,
        1229682.722], [2610099.169, 1229682.539], [2610098.463, 1229682.259], [2610097.927,
        1229680.635], [2610097.794, 1229679.438], [2610097.673, 1229678.439], [2610097.621,
        1229677.359], [2610097.695, 1229675.92], [2610097.814, 1229674.145], [2610097.243,
        1229673.226], [2610097.381, 1229671.57], [2610098.23, 1229670.8], [2610099.396,
        1229670.27], [2610101.125, 1229669.489], [2610103.66, 1229667.965], [2610104.972,
        1229667.176], [2610105.973, 1229666.705], [2610107.04, 1229666.714], [2610107.487,
        1229666.333], [2610107.352, 1229665.185], [2610106.704, 1229664.741], [2610105.035,
        1229663.661], [2610104.025, 1229662.974], [2610103.175, 1229662.312], [2610101.957,
        1229661.064], [2610101.282, 1229659.979], [2610101.052, 1229659.124], [2610100.564,
        1229658.498], [2610100, 1229659.442], [2610099.782, 1229660.375], [2610099.297,
        1229661.52], [2610098.714, 1229662.621], [2610098.205, 1229663.422], [2610097.593,
        1229664.179], [2610096.702, 1229665.147], [2610095.711, 1229666.387], [2610094.802,
        1229667.957], [2610094.14, 1229669.315], [2610093.895, 1229669.915], [2610093.249,
        1229671.379], [2610092.758, 1229672.467], [2610092.504, 1229673.251], [2610092.346,
        1229674.347], [2610092.383, 1229675.462], [2610092.473, 1229676.587], [2610092.386,
        1229678.183], [2610092.405, 1229679.675], [2610093.635, 1229681.059], [2610094.358,
        1229682.34], [2610094.332, 1229684.153], [2610094.342, 1229686.135], [2610095.169,
        1229687.922], [2610095.712, 1229688.808], [2610096.105, 1229689.775], [2610096.443,
        1229691.951], [2610096.267, 1229693.141], [2610095.703, 1229694.376], [2610093.409,
        1229696.977], [2610092.048, 1229698.155], [2610091.037, 1229699.002], [2610090.064,
        1229699.7], [2610090.554, 1229700.283], [2610092.571, 1229701.967], [2610093.8,
        1229703.048], [2610094.711, 1229704.057], [2610095.572, 1229705.861], [2610095.663,
        1229707.537], [2610095.491, 1229709.247], [2610095.292, 1229711.204], [2610095.77,
        1229712.242], [2610096.994, 1229714.897], [2610097.725, 1229716.427], [2610098.324,
        1229717.553], [2610099.121, 1229718.596], [2610099.57, 1229719.636], [2610099.788,
        1229720.888], [2610100.604, 1229723.04], [2610101.118, 1229724.235], [2610101.544,
        1229725.221], [2610102.136, 1229726.562], [2610102.641, 1229727.667], [2610103.32,
        1229729.139], [2610104.126, 1229730.507], [2610105.012, 1229731.302], [2610106.287,
        1229732.122], [2610106.876, 1229732.611], [2610107.444, 1229732.97], [2610108.905,
        1229733.825], [2610109.835, 1229734.556], [2610110.362, 1229735.406], [2610110.72,
        1229736.786], [2610111.145, 1229739.109], [2610111.349, 1229740.343], [2610111.504,
        1229741.254], [2610111.663, 1229742.103], [2610111.677, 1229742.851], [2610111.603,
        1229744.691], [2610111.504, 1229746.6], [2610111.448, 1229747.55], [2610111.181,
        1229748.37], [2610110.45, 1229749.885], [2610109.475, 1229751.514], [2610108.471,
        1229752.676], [2610107.375, 1229753.726], [2610107.14, 1229753.883], [2610106.859,
        1229753.887], [2610106.243, 1229753.691], [2610104.653, 1229753.216], [2610103.397,
        1229752.84], [2610103.039, 1229752.941], [2610102.696, 1229753.767], [2610102.226,
        1229755.322], [2610102.575, 1229757.262], [2610103.283, 1229758.423], [2610103.403,
        1229759.127], [2610103.702, 1229761.009], [2610103.895, 1229762.163], [2610104.086,
        1229763.153], [2610104.462, 1229764.641], [2610105.071, 1229765.781], [2610106.148,
        1229766.879], [2610107.478, 1229767.613], [2610108.846, 1229767.661], [2610110.573,
        1229767.377], [2610111.13, 1229767.202], [2610112.054, 1229767.253], [2610114.391,
        1229767.775], [2610115.886, 1229768.114], [2610117.326, 1229768.373], [2610120.044,
        1229768.652], [2610121.199, 1229768.701], [2610122.052, 1229768.728], [2610122.858,
        1229768.718], [2610123.341, 1229768.662], [2610125.192, 1229768.103], [2610126.6,
        1229767.757], [2610127.68, 1229767.826], [2610128.969, 1229768.391], [2610129.112,
        1229769.133], [2610128.795, 1229770.782], [2610128.515, 1229771.829], [2610128.223,
        1229772.868], [2610127.601, 1229774.918], [2610127.159, 1229776.645], [2610127.124,
        1229777.757], [2610127.88, 1229778.72], [2610129.044, 1229780.302], [2610129.674,
        1229781.704], [2610130.407, 1229783.06], [2610130.928, 1229784.622], [2610130.923,
        1229786.641], [2610130.716, 1229788.347], [2610130.629, 1229788.974], [2610130.6,
        1229789.219], [2610130.73, 1229789.458], [2610131.172, 1229789.875], [2610132.232,
        1229790.967], [2610133.593, 1229792.204], [2610134.936, 1229793.056], [2610136.204,
        1229793.396], [2610137.341, 1229793.095], [2610138.291, 1229792.43], [2610139,
        1229791.673], [2610139.861, 1229791.172], [2610141.269, 1229791.271], [2610142.682,
        1229791.506], [2610143.56, 1229791.412], [2610144.378, 1229791.128], [2610144.862,
        1229791.451], [2610145.896, 1229792.467], [2610146.905, 1229793.579], [2610147.318,
        1229794.189], [2610147.817, 1229795.385], [2610148.169, 1229796.318], [2610148.456,
        1229797.443], [2610148.727, 1229799.406], [2610148.41, 1229800.877], [2610148.147,
        1229802.347], [2610148.159, 1229803.479], [2610148.056, 1229804.343], [2610147.888,
        1229805.307], [2610147.202, 1229806.486], [2610146.367, 1229807.284], [2610145.124,
        1229806.984], [2610143.732, 1229805.69], [2610143.162, 1229804.532], [2610142.752,
        1229803.885], [2610141.984, 1229803.303], [2610140.565, 1229802.725], [2610138.731,
        1229802.746], [2610137.197, 1229803.197], [2610136.334, 1229803.234], [2610135.105,
        1229802.883], [2610133.896, 1229802.683], [2610132.216, 1229802.726], [2610130.625,
        1229802.52], [2610129.68, 1229801.574], [2610129.038, 1229800.237], [2610128.354,
        1229798.861], [2610127.542, 1229797.671], [2610126.512, 1229796.893], [2610124.72,
        1229796.546], [2610121.623, 1229796.65], [2610119.974, 1229796.797], [2610118.78,
        1229796.909], [2610117.751, 1229797.029], [2610117.477, 1229797.616], [2610116.897,
        1229799.274], [2610116.583, 1229800.31], [2610116.375, 1229801.221], [2610116.275,
        1229802.67], [2610116.719, 1229804.602], [2610117.55, 1229805.69], [2610117.628,
        1229807.17], [2610117.436, 1229808.397], [2610117.7, 1229809.829], [2610118.332,
        1229811.6], [2610119.241, 1229813.844], [2610119.742, 1229814.964], [2610120.143,
        1229815.74], [2610120.196, 1229815.845], [2610120.89, 1229816.786], [2610120.965,
        1229816.887], [2610122.429, 1229818.187], [2610123.088, 1229818.994], [2610123.458,
        1229819.864], [2610123.49, 1229819.94], [2610123.952, 1229821.142], [2610123.957,
        1229821.15], [2610124.794, 1229822.72], [2610125.312, 1229823.645], [2610125.834,
        1229824.655], [2610126.89, 1229826.931], [2610127.356, 1229828.067], [2610127.69,
        1229829.03], [2610127.958, 1229830.436], [2610128.117, 1229831.515], [2610128.588,
        1229832.631], [2610129.326, 1229834.065], [2610130.288, 1229836.1], [2610130.773,
        1229837.135], [2610131.152, 1229837.905], [2610131.597, 1229838.652], [2610131.994,
        1229839.302], [2610132.35, 1229840.019], [2610133.093, 1229841.299], [2610133.811,
        1229842.742], [2610134.095, 1229843.942], [2610134.325, 1229845.213], [2610134.884,
        1229846.867], [2610135.291, 1229847.864], [2610135.787, 1229849.006], [2610137.048,
        1229851.732], [2610137.726, 1229853.073], [2610138.32, 1229854.077], [2610139.258,
        1229855.073], [2610140.01, 1229855.616], [2610140.723, 1229856.601], [2610141.685,
        1229858.224], [2610143.182, 1229860.679], [2610143.972, 1229861.961], [2610144.576,
        1229862.933], [2610145.228, 1229863.949], [2610145.739, 1229864.829], [2610146.061,
        1229865.63], [2610146.567, 1229867.07], [2610147.153, 1229868.647], [2610147.718,
        1229869.864], [2610148.294, 1229870.946], [2610148.915, 1229872.119], [2610149.771,
        1229873.815], [2610151.052, 1229876.466], [2610151.733, 1229877.917], [2610152.286,
        1229879.138], [2610153.004, 1229880.897], [2610153.72, 1229882.462], [2610154.42,
        1229883.258], [2610155.057, 1229884.021], [2610156.077, 1229885.242], [2610157.12,
        1229886.572], [2610157.824, 1229887.66], [2610158.297, 1229888.73], [2610158.647,
        1229890.01], [2610158.98, 1229891.258], [2610159.403, 1229892.236], [2610159.977,
        1229893.209], [2610160.761, 1229894.445], [2610161.566, 1229895.617], [2610162.2,
        1229896.402], [2610162.937, 1229897.138], [2610164.05, 1229898.166], [2610165.111,
        1229899.19], [2610165.689, 1229899.915], [2610166.685, 1229901.598], [2610167.322,
        1229903.134], [2610167.674, 1229904.497], [2610168.858, 1229906.035], [2610170.205,
        1229907.257], [2610170.929, 1229908.007], [2610172.022, 1229909.017], [2610173.234,
        1229909.627], [2610174.311, 1229909.176], [2610175.114, 1229908.235], [2610175.501,
        1229907.373], [2610175.674, 1229905.945], [2610175.64, 1229904.215], [2610175.829,
        1229902.241], [2610176.327, 1229900.676], [2610176.608, 1229899.65], [2610176.343,
        1229898.624], [2610175.578, 1229897.018], [2610175.062, 1229895.153], [2610174.697,
        1229893.91], [2610174.689, 1229892.915], [2610175.094, 1229891.503], [2610174.588,
        1229889.616], [2610174.102, 1229888.461], [2610173.783, 1229887.395], [2610173.555,
        1229886.33], [2610173.341, 1229885.179], [2610173.101, 1229883.484], [2610172.832,
        1229882.521], [2610172.674, 1229880.699], [2610172.666, 1229879.501], [2610172.485,
        1229878.626], [2610172.138, 1229877.666], [2610171.631, 1229876.213], [2610171.114,
        1229874.792], [2610170.738, 1229873.932], [2610170.477, 1229872.995], [2610170.304,
        1229871.345], [2610170.208, 1229869.789], [2610170.178, 1229869.135], [2610170.073,
        1229868.231], [2610169.825, 1229867.183], [2610169.296, 1229865.436], [2610168.771,
        1229863.775], [2610168.538, 1229862.985], [2610168.191, 1229862.414], [2610167.884,
        1229861.798], [2610167.481, 1229860.38], [2610167.143, 1229858.961], [2610167.03,
        1229858.339], [2610167.47, 1229857.002], [2610167.956, 1229855.293], [2610167.784,
        1229853.719], [2610167.585, 1229852.332], [2610167.654, 1229851.622], [2610167.822,
        1229850.308], [2610168.029, 1229848.991], [2610168.219, 1229848.274], [2610168.484,
        1229847.397], [2610168.518, 1229846.322], [2610168.384, 1229845.022], [2610168.183,
        1229844.178], [2610167.746, 1229843.019], [2610167.312, 1229841.815], [2610167.118,
        1229840.841], [2610167.021, 1229839.078], [2610166.671, 1229837.476], [2610166.144,
        1229836.554], [2610165.881, 1229834.835], [2610165.82, 1229833.109], [2610165.834,
        1229832.109], [2610165.882, 1229831.061], [2610165.945, 1229830.061], [2610165.992,
        1229828.664], [2610166.079, 1229827.664], [2610166.164, 1229826.159], [2610166.354,
        1229824.449], [2610166.561, 1229823.32], [2610166.371, 1229822.247], [2610166.033,
        1229820.557], [2610165.885, 1229819.096], [2610165.78, 1229818.096], [2610165.663,
        1229816.963], [2610165.196, 1229815.201], [2610164.59, 1229813.307], [2610164.593,
        1229812.551], [2610164.978, 1229811.3], [2610165.648, 1229809.57], [2610165.869,
        1229808.706], [2610166.014, 1229807.89], [2610166.197, 1229806.706], [2610166.354,
        1229805.464], [2610166.422, 1229804.471], [2610166.753, 1229802.965], [2610167.13,
        1229801.899], [2610167.592, 1229800.717], [2610168.211, 1229799.662], [2610168.283,
        1229798.967], [2610168.239, 1229797.956], [2610168.385, 1229796.397], [2610168.48,
        1229795.426], [2610168.696, 1229794.397], [2610168.774, 1229792.709], [2610168.654,
        1229790.976], [2610168.83, 1229789.944], [2610169.201, 1229789.05], [2610169.875,
        1229787.782], [2610170.238, 1229786.372], [2610170.846, 1229784.856], [2610171.508,
        1229783.498], [2610171.695, 1229781.727], [2610171.507, 1229780.052], [2610171.338,
        1229778.831], [2610171.327, 1229777.664], [2610171.387, 1229775.926], [2610171.451,
        1229774.159], [2610171.919, 1229772.754], [2610172.503, 1229771.688], [2610172.577,
        1229771.046], [2610172.564, 1229770.046], [2610172.577, 1229769.04], [2610172.653,
        1229768.04], [2610172.759, 1229766.687], [2610172.754, 1229765.687], [2610172.787,
        1229764.592], [2610172.941, 1229763.348], [2610173.563, 1229761.563], [2610174.192,
        1229759.808], [2610174.597, 1229758.444], [2610174.856, 1229757.484], [2610175.045,
        1229756.395], [2610175.289, 1229755.105], [2610175.713, 1229753.538], [2610176.107,
        1229752.085], [2610176.259, 1229751.132], [2610176.517, 1229749.829], [2610176.824,
        1229748.988], [2610177.296, 1229747.667], [2610177.644, 1229746.296], [2610177.579,
        1229745.309], [2610177.399, 1229743.366], [2610177.405, 1229741.558], [2610177.419,
        1229740.664], [2610177.629, 1229739.306], [2610177.944, 1229737.51], [2610178.018,
        1229737.234], [2610178.58, 1229735.957], [2610178.961, 1229734.764], [2610179.112,
        1229733.599], [2610179.222, 1229731.968], [2610179.517, 1229730.633], [2610179.771,
        1229729.698], [2610180.089, 1229728.605], [2610180.428, 1229727.396], [2610180.744,
        1229726.113], [2610180.95, 1229724.941], [2610180.959, 1229724.065], [2610180.838,
        1229722.977], [2610180.764, 1229721.317], [2610180.746, 1229719.678], [2610180.618,
        1229718.787], [2610180.457, 1229717.787], [2610180.453, 1229716.79], [2610180.453,
        1229715.79], [2610180.611, 1229714.723], [2610180.855, 1229712.77], [2610181.326,
        1229710.976], [2610182.081, 1229710.172], [2610182.532, 1229709.156], [2610182.715,
        1229707.616], [2610182.857, 1229706.27], [2610183.106, 1229704.302], [2610183.351,
        1229703.037], [2610183.669, 1229702.233], [2610184.1, 1229701.461], [2610184.685,
        1229700.295], [2610185.257, 1229699.056], [2610185.649, 1229698.071], [2610186.034,
        1229696.796], [2610186.075, 1229695.889], [2610186.149, 1229695.131], [2610186.45,
        1229693.845], [2610186.842, 1229692.5], [2610187.186, 1229691.564], [2610187.444,
        1229690.605], [2610187.579, 1229689.19], [2610187.69, 1229687.75], [2610187.879,
        1229686.715], [2610188.424, 1229685.044], [2610188.801, 1229683.942], [2610189.297,
        1229682.314], [2610189.718, 1229680.807], [2610189.87, 1229680.068], [2610190.019,
        1229679.428], [2610190.31, 1229678.808], [2610190.774, 1229677.358], [2610191.07,
        1229675.772], [2610191.522, 1229674.63], [2610192.072, 1229673.515], [2610192.273,
        1229671.715], [2610192.394, 1229670.487], [2610192.539, 1229669.515], [2610192.711,
        1229668.556], [2610192.912, 1229667.368], [2610193.204, 1229665.723], [2610193.605,
        1229664.645], [2610194.248, 1229663.351], [2610194.744, 1229661.851], [2610195.029,
        1229660.351], [2610195.084, 1229659.147], [2610195.106, 1229657.374], [2610195.219,
        1229656.129], [2610195.414, 1229654.648], [2610195.644, 1229653.254], [2610195.864,
        1229652.269], [2610196.323, 1229650.715], [2610196.818, 1229649.54], [2610197.101,
        1229648.708], [2610197.451, 1229647.017], [2610197.757, 1229645.262], [2610197.909,
        1229644.236], [2610198.028, 1229643.322], [2610198.186, 1229642.791], [2610198.502,
        1229640.925], [2610198.724, 1229638.992], [2610198.868, 1229637.401], [2610198.978,
        1229635.533], [2610199.182, 1229633.813], [2610199.404, 1229632.341], [2610199.371,
        1229631.512], [2610199.266, 1229629.77], [2610199.167, 1229627.917], [2610199.149,
        1229626.756], [2610199.5, 1229625.343], [2610200.138, 1229624.313], [2610201.205,
        1229623.176], [2610202.02, 1229622.357], [2610201.471, 1229621.416], [2610200.804,
        1229620.448], [2610200.424, 1229618.899], [2610200.061, 1229617.377], [2610200.104,
        1229617.055], [2610200.894, 1229615.743], [2610201.643, 1229614.571], [2610201.997,
        1229613.353], [2610202.446, 1229611.419], [2610202.719, 1229610.235], [2610203.271,
        1229608.443], [2610203.7, 1229606.493], [2610203.86, 1229604.891], [2610204.148,
        1229603.453], [2610204.468, 1229601.496], [2610204.603, 1229600.168], [2610204.646,
        1229599.313], [2610204.8, 1229597.42], [2610204.969, 1229595.742], [2610204.945,
        1229594.886], [2610204.645, 1229593.142], [2610204.4, 1229591.593], [2610204.834,
        1229589.93], [2610205.383, 1229588.674], [2610206.198, 1229587.721], [2610206.93,
        1229586.814], [2610207.23, 1229585.694], [2610207.407, 1229584.231], [2610207.651,
        1229582.777], [2610207.808, 1229581.449], [2610207.786, 1229580.437], [2610207.761,
        1229579.364], [2610207.634, 1229577.673], [2610207.579, 1229575.893], [2610208.41,
        1229574.565], [2610209.218, 1229573.373], [2610209.338, 1229573.192], [2610209.748,
        1229572.538], [2610210.152, 1229571.741], [2610210.168, 1229570.187], [2610210.167,
        1229569.001], [2610210.256, 1229568.16], [2610210.567, 1229566.532], [2610210.739,
        1229565.112], [2610210.628, 1229563.993], [2610210.692, 1229562.088], [2610210.955,
        1229560.296], [2610211.153, 1229559.319], [2610211.387, 1229558.537], [2610211.881,
        1229557.059], [2610212.354, 1229555.621], [2610212.524, 1229554.96], [2610212.702,
        1229553.829], [2610212.49, 1229551.908], [2610212.193, 1229549.998], [2610212.532,
        1229548.487], [2610213.439, 1229547.225], [2610214.421, 1229546.261], [2610214.799,
        1229545.758], [2610215.167, 1229544.459], [2610215.42, 1229543.333], [2610215.516,
        1229542.274], [2610215.615, 1229541.267], [2610215.874, 1229540.293], [2610216.216,
        1229538.928], [2610216.053, 1229537.999], [2610215.801, 1229537.073], [2610216.344,
        1229535.764], [2610217.06, 1229534.594], [2610217.204, 1229534.181], [2610217.611,
        1229532.836], [2610217.942, 1229531.753], [2610218.234, 1229530.903], [2610218.476,
        1229529.726], [2610218.403, 1229528.96], [2610217.726, 1229527.858], [2610217.363,
        1229526.946], [2610217.543, 1229525.768], [2610218.14, 1229523.968], [2610218.568,
        1229522.745], [2610218.86, 1229521.902], [2610219.169, 1229520.835], [2610219.495,
        1229519.498], [2610219.526, 1229519.223], [2610219.777, 1229518.156], [2610220.21,
        1229516.697], [2610220.625, 1229515.881], [2610220.975, 1229514.141], [2610221.253,
        1229512.402], [2610222.244, 1229510.766], [2610223.209, 1229509.203], [2610224.102,
        1229507.533], [2610224.754, 1229506.276], [2610225.149, 1229505.375], [2610225.398,
        1229504.519], [2610225.608, 1229503.4], [2610225.775, 1229502.251], [2610225.892,
        1229501.305], [2610226.207, 1229499.495], [2610226.464, 1229498.176], [2610226.656,
        1229496.943], [2610226.868, 1229495.7], [2610227.09, 1229494.863], [2610227.474,
        1229493.029], [2610227.718, 1229491.503], [2610227.763, 1229491.232], [2610227.942,
        1229490.232], [2610228.142, 1229489.132], [2610228.424, 1229487.459], [2610228.654,
        1229486.206], [2610228.859, 1229485.382], [2610229.084, 1229484.492], [2610229.373,
        1229483.039], [2610229.636, 1229481.645], [2610229.783, 1229480.928], [2610230.065,
        1229480.219], [2610230.734, 1229478.849], [2610231.408, 1229477.467], [2610231.705,
        1229476.727], [2610231.828, 1229475.24], [2610231.796, 1229473.957], [2610231.256,
        1229472.919], [2610230.866, 1229471.984], [2610230.683, 1229470.827], [2610230.717,
        1229469.209], [2610231.794, 1229467.994], [2610232.919, 1229466.863], [2610233.438,
        1229466.074], [2610234.168, 1229464.655], [2610234.672, 1229463.064], [2610234.988,
        1229461.643], [2610235.244, 1229460.618], [2610235.315, 1229460.172], [2610235.463,
        1229458.743], [2610235.629, 1229457.351], [2610235.911, 1229456.424], [2610236.277,
        1229455.217], [2610236.479, 1229454.081], [2610236.69, 1229452.615], [2610236.814,
        1229451.348], [2610237.213, 1229449.776], [2610238.049, 1229448.131], [2610238.55,
        1229447.107], [2610238.666, 1229446.346], [2610238.5, 1229445.302], [2610237.747,
        1229444.043], [2610237.256, 1229443.264], [2610236.829, 1229442.069], [2610236.386,
        1229440.566], [2610236.301, 1229440.391], [2610235.847, 1229439.158], [2610235.379,
        1229437.833], [2610235.876, 1229436.682], [2610237.453, 1229435.477], [2610238.603,
        1229435.193], [2610238.677, 1229434.119], [2610238.746, 1229432.612], [2610238.883,
        1229431.728], [2610239.131, 1229430.784], [2610239.452, 1229429.784], [2610239.749,
        1229429.003], [2610240.452, 1229427.556], [2610241.152, 1229426.185], [2610241.437,
        1229425.634], [2610241.664, 1229425.188], [2610241.746, 1229423.69], [2610242.542,
        1229421.89], [2610243.323, 1229421.162], [2610243.944, 1229420.193], [2610244.621,
        1229418.781], [2610244.812, 1229417.915], [2610244.826, 1229417.067], [2610244.753,
        1229416.34], [2610244.608, 1229414.772], [2610244.472, 1229413.213], [2610244.425,
        1229412.513], [2610244.188, 1229411.392], [2610243.404, 1229409.884], [2610242.825,
        1229408.175], [2610242.526, 1229406.333], [2610242.198, 1229405.237], [2610241.086,
        1229403.685], [2610240.193, 1229402.646], [2610239.617, 1229402.023], [2610238.611,
        1229401.138], [2610238.777, 1229400.474], [2610240.516, 1229400.272], [2610242.431,
        1229400.011], [2610243.503, 1229399.524], [2610243.915, 1229398.55], [2610244.748,
        1229397.256], [2610245.334, 1229396.633], [2610245.417, 1229396.4], [2610245.595,
        1229395.837], [2610246.019, 1229394.466], [2610246.488, 1229392.985], [2610246.806,
        1229392.092], [2610247.093, 1229391.303], [2610247.295, 1229391.022], [2610247.725,
        1229390.399], [2610248.061, 1229389.716], [2610248.036, 1229389.072], [2610247.589,
        1229387.645], [2610247.245, 1229386.341], [2610247.575, 1229385.452], [2610248.507,
        1229384.495], [2610249.659, 1229383.331], [2610250.227, 1229382.396], [2610250.468,
        1229381.481], [2610250.635, 1229380.572], [2610250.715, 1229379.247], [2610250.888,
        1229377.988], [2610251.335, 1229377.273], [2610252.617, 1229376.141], [2610253.365,
        1229375.394], [2610253.442, 1229375.261], [2610253.864, 1229374.058], [2610254.371,
        1229372.387], [2610254.557, 1229371.351], [2610254.714, 1229369.928], [2610254.909,
        1229368.268], [2610255.295, 1229366.878], [2610255.698, 1229365.412], [2610255.768,
        1229363.612], [2610256.007, 1229361.83], [2610256.195, 1229360.864], [2610256.163,
        1229359.537], [2610256.274, 1229358.052], [2610256.89, 1229356.612], [2610257.67,
        1229355.359], [2610258.271, 1229354.432], [2610258.858, 1229353.48], [2610259.209,
        1229352.954], [2610259.733, 1229351.976], [2610260.275, 1229350.562], [2610260.347,
        1229349.03], [2610260.61, 1229347.835], [2610261.443, 1229346.122], [2610261.901,
        1229344.474], [2610262.575, 1229342.084], [2610262.948, 1229340.828], [2610263.284,
        1229339.825], [2610263.845, 1229338.572], [2610264.366, 1229337.129], [2610263.902,
        1229335.402], [2610262.927, 1229334.481], [2610260.994, 1229333.784], [2610259.146,
        1229333.34], [2610258.425, 1229333.18], [2610258.14, 1229332.555], [2610257.598,
        1229330.716], [2610257.35, 1229329.541], [2610257.277, 1229328.464], [2610257.654,
        1229326.601], [2610258.316, 1229325.146], [2610258.851, 1229324.116], [2610259.34,
        1229323.159], [2610259.565, 1229322.178], [2610259.741, 1229321.159], [2610260.194,
        1229319.819], [2610260.632, 1229318.739], [2610260.981, 1229317.829], [2610261.332,
        1229316.815], [2610261.497, 1229316.463], [2610262.071, 1229315.392], [2610262.536,
        1229314.471], [2610263.021, 1229313.522], [2610263.399, 1229312.157], [2610263.736,
        1229311.599], [2610264.558, 1229310.939], [2610265.244, 1229309.884], [2610265.569,
        1229309.227], [2610265.651, 1229308.227], [2610265.731, 1229307.148], [2610265.806,
        1229306.148], [2610265.977, 1229304.695], [2610266.331, 1229303.49], [2610266.587,
        1229302.457], [2610266.459, 1229302.399], [2610266.004, 1229302.193], [2610265.619,
        1229302.019], [2610264.466, 1229301.497], [2610261.841, 1229300.308], [2610260.85,
        1229299.859], [2610259.961, 1229299.457], [2610259.837, 1229299.401], [2610259.454,
        1229300.143], [2610258.651, 1229301.228], [2610257.998, 1229302.098], [2610256.735,
        1229303.205], [2610255.304, 1229303.953], [2610254.544, 1229304.964], [2610253.764,
        1229306.538], [2610253.144, 1229307.757], [2610252.678, 1229308.615], [2610252.055,
        1229309.49], [2610251.472, 1229310.473], [2610250.996, 1229311.469], [2610250.371,
        1229312.628], [2610249.895, 1229313.464], [2610249.414, 1229314.558], [2610248.664,
        1229315.82], [2610247.874, 1229315.647], [2610247.118, 1229315.496], [2610245.874,
        1229314.914], [2610244.684, 1229314.691], [2610243.14, 1229315.311], [2610241.688,
        1229316.182], [2610240.769, 1229316.713], [2610240.294, 1229317.553], [2610240.176,
        1229319.349], [2610240.393, 1229321.221], [2610240.927, 1229322.287], [2610241.555,
        1229323.21], [2610240.585, 1229324.256], [2610239.696, 1229325.167], [2610238.793,
        1229326.501], [2610238.063, 1229327.537], [2610237.711, 1229328.224], [2610237.149,
        1229329.655], [2610236.688, 1229331.166], [2610236.479, 1229332.385], [2610236.011,
        1229333.34], [2610235.524, 1229333.786], [2610234.447, 1229334.71], [2610233.447,
        1229335.683], [2610232.554, 1229336.594], [2610231.485, 1229337.512], [2610230.41,
        1229337.821], [2610229.242, 1229338.296], [2610228.293, 1229339.091], [2610227.321,
        1229339.449], [2610225.586, 1229339.62], [2610223.899, 1229339.614], [2610223.068,
        1229339.444], [2610221.99, 1229338.073], [2610221.315, 1229336.234], [2610221.28,
        1229334.962], [2610221.283, 1229334.317], [2610221.868, 1229333.006], [2610222.133,
        1229331.778], [2610221.838, 1229330.53], [2610223.576, 1229330.077], [2610224.713,
        1229331.511], [2610224.198, 1229332.987], [2610225.338, 1229334.04], [2610226.497,
        1229333.792], [2610227.209, 1229332.781], [2610227.187, 1229331.41], [2610227.103,
        1229330.497], [2610226.293, 1229330.128], [2610223.93, 1229329.219], [2610222.582,
        1229328.558], [2610221.678, 1229327.757], [2610221.198, 1229325.729], [2610221.57,
        1229323.959], [2610221.875, 1229323.27], [2610222.49, 1229322.43], [2610222.437,
        1229321.294], [2610221.884, 1229320.647], [2610221.188, 1229320.426], [2610219.943,
        1229321.224], [2610219.561, 1229322.442], [2610220.494, 1229323.152], [2610220.857,
        1229323.949], [2610220.721, 1229325.721], [2610220.352, 1229326.734], [2610219.63,
        1229327.515], [2610217.129, 1229328.376], [2610215.706, 1229328.557], [2610214.643,
        1229328.707], [2610213.598, 1229328.909], [2610213.216, 1229329.179], [2610212.975,
        1229329.748], [2610212.773, 1229330.598], [2610212.53, 1229332.275], [2610212.424,
        1229334.011], [2610212.629, 1229335.035], [2610212.99, 1229335.839], [2610213.352,
        1229336.913], [2610213.254, 1229338.758], [2610212.524, 1229339.391], [2610211.254,
        1229340.021], [2610210.399, 1229340.872], [2610210.91, 1229342.172], [2610211.811,
        1229343.604], [2610212.127, 1229344.851], [2610212.299, 1229346.117], [2610212.768,
        1229347.603], [2610213.434, 1229349.265], [2610213.421, 1229349.417], [2610212.529,
        1229350.108], [2610211.522, 1229350.762], [2610210.93, 1229351.272], [2610209.873,
        1229352.413], [2610209.147, 1229353.514], [2610208.69, 1229354.876], [2610207.838,
        1229356.352], [2610206.96, 1229357.02], [2610206.045, 1229357.795], [2610205.007,
        1229358.845], [2610204.443, 1229359.315], [2610204.224, 1229359.849], [2610203.651,
        1229361.32], [2610203.222, 1229362.247], [2610202.686, 1229363.088], [2610201.289,
        1229364.515], [2610200.04, 1229365.469], [2610199.518, 1229365.823], [2610198.629,
        1229367.064], [2610197.218, 1229368.268], [2610196.287, 1229368.467], [2610194.862,
        1229369.03], [2610193.653, 1229369.042], [2610193.37, 1229367.588], [2610193.485,
        1229366.493], [2610193.652, 1229365.395], [2610194.142, 1229363.186], [2610194.699,
        1229361.532], [2610195.185, 1229361.007], [2610195.505, 1229360.561], [2610195.317,
        1229359.565], [2610195.471, 1229358.626], [2610196.049, 1229356.833], [2610196.651,
        1229355.143], [2610196.877, 1229354.511], [2610196.952, 1229354.298], [2610197.191,
        1229353.566], [2610197.833, 1229351.588], [2610198.207, 1229350.439], [2610198.482,
        1229349.592], [2610198.74, 1229348.803], [2610198.863, 1229348.421], [2610199.104,
        1229347.642], [2610199.708, 1229345.696], [2610200.055, 1229344.578], [2610200.311,
        1229343.754], [2610200.548, 1229342.986], [2610200.66, 1229342.616], [2610200.88,
        1229341.851], [2610201.425, 1229339.936], [2610201.74, 1229338.831], [2610201.976,
        1229338.006], [2610202.209, 1229337.2], [2610202.357, 1229336.706], [2610202.578,
        1229335.926], [2610203.094, 1229334.085], [2610203.615, 1229332.229], [2610203.849,
        1229331.405], [2610204.035, 1229330.774], [2610204.257, 1229329.988], [2610204.734,
        1229328.276], [2610205.218, 1229326.538], [2610205.464, 1229325.67], [2610205.73,
        1229324.772], [2610205.976, 1229323.945], [2610206.437, 1229322.394], [2610206.903,
        1229320.825], [2610207.166, 1229319.944], [2610207.468, 1229318.941], [2610208.041,
        1229317.103], [2610208.614, 1229315.266], [2610208.906, 1229314.279], [2610209.443,
        1229312.499], [2610209.983, 1229310.71], [2610210.296, 1229309.603], [2610210.741,
        1229308.01], [2610211.196, 1229306.379], [2610211.496, 1229305.116], [2610211.729,
        1229303.86], [2610211.972, 1229302.575], [2610212.282, 1229301.476], [2610212.328,
        1229300.442], [2610212.272, 1229299.552], [2610212.37, 1229298.332], [2610212.451,
        1229297.234], [2610212.65, 1229296.157], [2610213.098, 1229294.325], [2610213.434,
        1229293.281], [2610213.772, 1229292.259], [2610214.371, 1229290.524], [2610214.745,
        1229289.452], [2610215.128, 1229288.382], [2610215.722, 1229286.701], [2610216.109,
        1229285.611], [2610216.519, 1229284.523], [2610216.626, 1229284.227], [2610216.518,
        1229284.503], [2610216.076, 1229285.612], [2610215.635, 1229286.705], [2610215.043,
        1229288.255], [2610214.599, 1229289.459], [2610214.139, 1229290.65], [2610213.594,
        1229292.117], [2610213.184, 1229293.361], [2610212.76, 1229294.63], [2610212.374,
        1229296.087], [2610212.006, 1229297.499], [2610211.739, 1229298.879], [2610211.515,
        1229300.179], [2610211.2, 1229301.189], [2610210.673, 1229302.982], [2610210.144,
        1229304.788], [2610209.924, 1229305.559], [2610209.738, 1229306.235], [2610209.381,
        1229307.528], [2610208.872, 1229309.374], [2610208.746, 1229309.828], [2610208.321,
        1229311.411], [2610208.019, 1229312.589], [2610207.843, 1229313.376], [2610207.679,
        1229314.177], [2610207.552, 1229314.68], [2610207.146, 1229316.408], [2610206.856,
        1229317.645], [2610206.645, 1229318.487], [2610206.189, 1229320.121], [2610205.667,
        1229321.961], [2610205.411, 1229322.868], [2610205.119, 1229323.891], [2610204.798,
        1229325.015], [2610204.456, 1229326.226], [2610203.991, 1229327.868], [2610203.519,
        1229329.538], [2610203.147, 1229330.849], [2610202.752, 1229332.218], [2610202.31,
        1229333.73], [2610201.868, 1229335.247], [2610201.463, 1229336.649], [2610201.067,
        1229338.048], [2610200.637, 1229339.594], [2610200.215, 1229341.128], [2610199.829,
        1229342.481], [2610199.438, 1229343.77], [2610198.927, 1229345.41], [2610198.414,
        1229347.052], [2610198.019, 1229348.296], [2610197.623, 1229349.51], [2610197.063,
        1229351.219], [2610196.511, 1229352.908], [2610196.123, 1229354.06], [2610195.739,
        1229355.16], [2610195.088, 1229357.006], [2610194.457, 1229358.799], [2610194.1,
        1229359.785], [2610193.756, 1229360.697], [2610193.387, 1229361.661], [2610192.956,
        1229362.799], [2610192.538, 1229363.903], [2610192.209, 1229364.764], [2610191.644,
        1229366.117], [2610191.243, 1229366.993], [2610190.601, 1229368.393], [2610189.973,
        1229369.761], [2610189.616, 1229370.541], [2610189.189, 1229371.436], [2610188.769,
        1229372.254], [2610187.917, 1229373.887], [2610187.086, 1229375.478], [2610186.727,
        1229376.172], [2610186.501, 1229376.614], [2610186.082, 1229377.358], [2610185.635,
        1229378.142], [2610185.03, 1229379.199], [2610183.992, 1229381.014], [2610183.616,
        1229381.678], [2610183.523, 1229381.869], [2610183.701, 1229383.601], [2610183.73,
        1229385.184], [2610183.366, 1229386.666], [2610182.821, 1229388.056], [2610182.309,
        1229389.363], [2610181.724, 1229390.842], [2610181.136, 1229392.327], [2610180.652,
        1229393.581], [2610180.196, 1229394.802], [2610179.607, 1229396.361], [2610179.012,
        1229397.922], [2610178.542, 1229399.137], [2610178.029, 1229400.373], [2610177.402,
        1229401.832], [2610176.77, 1229403.308], [2610176.233, 1229404.599], [2610175.704,
        1229405.945], [2610175.178, 1229407.321], [2610174.649, 1229408.703], [2610174.128,
        1229410.064], [2610173.628, 1229411.374], [2610173.06, 1229412.862], [2610172.497,
        1229414.335], [2610172.014, 1229415.593], [2610171.536, 1229416.823], [2610170.928,
        1229418.372], [2610170.326, 1229419.905], [2610169.852, 1229421.112], [2610169.37,
        1229422.329], [2610168.765, 1229423.84], [2610168.155, 1229425.365], [2610167.684,
        1229426.841], [2610167.462, 1229427.759], [2610167.248, 1229428.798], [2610166.86,
        1229431.131], [2610166.688, 1229432.399], [2610166.531, 1229433.736], [2610166.223,
        1229436.322], [2610166.063, 1229437.5], [2610165.9, 1229438.601], [2610165.629,
        1229440.355], [2610165.478, 1229441.371], [2610165.323, 1229442.393], [2610165.042,
        1229444.167], [2610164.7, 1229446.362], [2610164.532, 1229447.494], [2610164.365,
        1229448.649], [2610164.106, 1229450.469], [2610163.993, 1229451.263], [2610163.88,
        1229452.053], [2610163.622, 1229453.861], [2610163.3, 1229456.132], [2610163.145,
        1229457.232], [2610162.994, 1229458.307], [2610162.745, 1229460.079], [2610162.595,
        1229461.14], [2610162.447, 1229462.193], [2610162.201, 1229463.944], [2610161.847,
        1229466.004], [2610161.624, 1229467.005], [2610161.372, 1229467.987], [2610160.908,
        1229469.672], [2610160.586, 1229470.84], [2610160.265, 1229472.002], [2610159.807,
        1229473.666], [2610159.225, 1229475.571], [2610158.893, 1229476.515], [2610158.533,
        1229477.454], [2610157.879, 1229479.089], [2610157.41, 1229480.25], [2610156.946,
        1229481.402], [2610156.304, 1229483.006], [2610155.546, 1229484.947], [2610155.148,
        1229485.999], [2610154.736, 1229487.105], [2610154.097, 1229488.837], [2610153.855,
        1229489.497], [2610153.607, 1229490.163], [2610152.949, 1229491.915], [2610152.101,
        1229494.14], [2610151.687, 1229495.202], [2610151.279, 1229496.228], [2610150.614,
        1229497.891], [2610150.231, 1229498.84], [2610149.848, 1229499.791], [2610149.181,
        1229501.455], [2610148.407, 1229503.381], [2610147.705, 1229505.117], [2610147.076,
        1229506.649], [2610146.522, 1229507.966], [2610145.954, 1229509.31], [2610145.282,
        1229510.928], [2610144.593, 1229512.618], [2610143.973, 1229514.18], [2610143.365,
        1229515.717], [2610142.715, 1229517.334], [2610142.065, 1229518.95], [2610141.459,
        1229520.481], [2610140.871, 1229521.965], [2610140.277, 1229523.441], [2610139.664,
        1229524.938], [2610139.019, 1229526.485], [2610138.366, 1229528.055], [2610137.726,
        1229529.619], [2610137.087, 1229531.196], [2610136.435, 1229532.808], [2610135.805,
        1229534.365], [2610135.229, 1229535.777], [2610134.651, 1229537.195], [2610134.015,
        1229538.767], [2610133.322, 1229540.464], [2610132.572, 1229542.258], [2610131.902,
        1229543.846], [2610131.447, 1229544.927], [2610130.988, 1229546.019], [2610130.302,
        1229547.641], [2610129.469, 1229549.565], [2610129.028, 1229550.554], [2610128.57,
        1229551.561], [2610127.805, 1229553.223], [2610127.375, 1229554.145], [2610126.967,
        1229555.017], [2610126.263, 1229556.531], [2610125.356, 1229558.19], [2610124.335,
        1229559.497], [2610123.209, 1229560.679], [2610121.984, 1229561.963], [2610120.763,
        1229563.241], [2610119.653, 1229564.407], [2610118.519, 1229565.469], [2610117.231,
        1229566.436], [2610115.988, 1229567.292], [2610114.99, 1229568.021], [2610113.922,
        1229568.789], [2610112.466, 1229569.761], [2610110.597, 1229570.69], [2610109.496,
        1229571.048], [2610108.592, 1229571.261], [2610108.286, 1229571.333], [2610108.233,
        1229571.336], [2610109.043, 1229571.334], [2610109.066, 1229571.327], [2610110.847,
        1229570.818], [2610112.49, 1229569.982], [2610113.852, 1229569.119], [2610114.507,
        1229568.713], [2610114.813, 1229568.524], [2610115.794, 1229567.915], [2610117.218,
        1229567.01]], [[2610164.156, 1229591.455], [2610164.441, 1229590.536], [2610164.621,
        1229589.576], [2610164.826, 1229588.284], [2610165.152, 1229585.889], [2610165.259,
        1229584.54], [2610165.154, 1229583.415], [2610164.85, 1229581.695], [2610164.8,
        1229579.691], [2610165.04, 1229578.698], [2610165.457, 1229577.713], [2610166.839,
        1229576.028], [2610167.81, 1229575.397], [2610168.967, 1229574.907], [2610171.256,
        1229574.055], [2610172.244, 1229573.62], [2610173.125, 1229573.179], [2610174.612,
        1229572.435], [2610175.762, 1229571.981], [2610176.739, 1229571.511], [2610177.711,
        1229570.717], [2610178.678, 1229569.911], [2610179.64, 1229569.407], [2610180.522,
        1229568.783], [2610181.253, 1229567.62], [2610181.782, 1229566.321], [2610182.058,
        1229565.288], [2610182.134, 1229564.267], [2610182.062, 1229563.002], [2610182.204,
        1229561.454], [2610182.491, 1229560.56], [2610182.922, 1229559.584], [2610183.72,
        1229557.977], [2610184.101, 1229557.219], [2610184.323, 1229555.641], [2610184.394,
        1229554.361], [2610184.511, 1229553.01], [2610185.256, 1229551.765], [2610186.13,
        1229551.567], [2610187.537, 1229550.689], [2610189.069, 1229549.52], [2610190.314,
        1229548.449], [2610191.739, 1229547.129], [2610192.563, 1229546.214], [2610193.488,
        1229546.474], [2610193.722, 1229547.852], [2610193.498, 1229548.636], [2610193.202,
        1229549.989], [2610193.09, 1229551.788], [2610193.199, 1229552.808], [2610193.419,
        1229553.909], [2610193.832, 1229555.65], [2610193.971, 1229556.306], [2610194.004,
        1229556.499], [2610194.12, 1229556.754], [2610194.359, 1229557.402], [2610194.902,
        1229558.99], [2610195.482, 1229560.63], [2610195.83, 1229561.435], [2610196.534,
        1229563.168], [2610196.881, 1229564.383], [2610196.98, 1229565.335], [2610197.252,
        1229566.652], [2610197.811, 1229567.502], [2610198.895, 1229569.058], [2610199.946,
        1229570.628], [2610200.406, 1229571.517], [2610200.869, 1229572.121], [2610201.93,
        1229572.835], [2610203.473, 1229573.853], [2610203.302, 1229575.582], [2610203.019,
        1229576.816], [2610202.879, 1229577.56], [2610202.905, 1229579.417], [2610203.009,
        1229581.095], [2610202.282, 1229582.141], [2610201.782, 1229583.557], [2610202.143,
        1229584.405], [2610202.753, 1229585.568], [2610203.242, 1229587.026], [2610203.241,
        1229588.757], [2610203.01, 1229590.263], [2610202.813, 1229591.045], [2610202.597,
        1229591.754], [2610202.308, 1229593.04], [2610202.094, 1229594.407], [2610202.102,
        1229595.356], [2610201.976, 1229596.317], [2610201.361, 1229597.717], [2610200.684,
        1229599.193], [2610200.374, 1229600.379], [2610199.977, 1229602.272], [2610200.477,
        1229604.192], [2610200.755, 1229605.303], [2610200.047, 1229606.496], [2610199.253,
        1229607.696], [2610199.274, 1229608.826], [2610199.458, 1229610.593], [2610199.184,
        1229611.403], [2610199.258, 1229611.753], [2610199.518, 1229612.522], [2610199.647,
        1229613.284], [2610199.54, 1229613.63], [2610199.02, 1229615.539], [2610198.716,
        1229617.091], [2610198.688, 1229618.217], [2610198.824, 1229619.403], [2610198.845,
        1229619.988], [2610198.737, 1229620.635], [2610198.48, 1229621.671], [2610198.193,
        1229622.854], [2610198.132, 1229623.915], [2610198.06, 1229625.008], [2610197.905,
        1229625.847], [2610197.733, 1229627.333], [2610197.598, 1229628.748], [2610197.556,
        1229629.368], [2610197.46, 1229630.733], [2610197.31, 1229631.918], [2610197.062,
        1229633.189], [2610196.808, 1229634.385], [2610196.643, 1229635.34], [2610196.471,
        1229636.3], [2610196.193, 1229637.507], [2610195.96, 1229638.791], [2610195.924,
        1229639.979], [2610195.913, 1229641.267], [2610195.559, 1229642.559], [2610195.253,
        1229643.783], [2610195.112, 1229644.418], [2610194.739, 1229646.161], [2610194.398,
        1229647.992], [2610194.352, 1229648.893], [2610194.66, 1229650.076], [2610194.722,
        1229651.105], [2610194.498, 1229652.697], [2610194.214, 1229654.242], [2610194.1,
        1229655.131], [2610193.989, 1229655.976], [2610193.716, 1229657.388], [2610193.282,
        1229659.183], [2610193.151, 1229659.441], [2610192.253, 1229661.143], [2610191.714,
        1229662.606], [2610191.788, 1229663.907], [2610192.143, 1229665.266], [2610191.944,
        1229666.075], [2610190.621, 1229667.31], [2610189.724, 1229668.145], [2610189.33,
        1229669.52], [2610189.15, 1229670.9], [2610188.896, 1229671.751], [2610188.537,
        1229672.655], [2610187.423, 1229673.647], [2610186.529, 1229674.475], [2610185.941,
        1229675.61], [2610185.361, 1229677.093], [2610185.258, 1229676.987], [2610184.744,
        1229676.728], [2610183.405, 1229676.163], [2610181.992, 1229675.492], [2610181.253,
        1229674.914], [2610180.955, 1229673.954], [2610180.868, 1229672.138], [2610181.007,
        1229670.132], [2610181.385, 1229668.604], [2610181.79, 1229667.308], [2610182.008,
        1229665.996], [2610182.122, 1229664.811], [2610182.217, 1229663.892], [2610182.291,
        1229662.84], [2610182.344, 1229661.257], [2610182.642, 1229659.578], [2610183.452,
        1229658.238], [2610184.195, 1229657.007], [2610184.29, 1229655.653], [2610184.224,
        1229654.211], [2610184.478, 1229652.712], [2610184.91, 1229651.09], [2610184.703,
        1229650.395], [2610184.433, 1229649.599], [2610184.052, 1229648.503], [2610183.397,
        1229646.556], [2610183.177, 1229645.696], [2610182.708, 1229644.827], [2610182.123,
        1229643.978], [2610181.305, 1229642.852], [2610179.872, 1229640.819], [2610179.318,
        1229639.774], [2610178.746, 1229638.678], [2610177.732, 1229637.921], [2610176.806,
        1229637.385], [2610175.602, 1229636.743], [2610173.351, 1229636.048], [2610171.973,
        1229636.741], [2610171.096, 1229637.835], [2610170.35, 1229638.346], [2610169.278,
        1229638.759], [2610168.851, 1229638.503], [2610168.853, 1229637.532], [2610168.761,
        1229636.604], [2610168.41, 1229634.864], [2610168.157, 1229633.13], [2610168.359,
        1229632.22], [2610168.849, 1229631.116], [2610169.14, 1229630.109], [2610169.462,
        1229628.799], [2610169.937, 1229626.39], [2610170.011, 1229625.01], [2610170.154,
        1229623.332], [2610170.326, 1229622.325], [2610170.309, 1229620.929], [2610170.246,
        1229619.61], [2610170.282, 1229618.834], [2610169.864, 1229617.634], [2610168.232,
        1229616.89], [2610166.946, 1229615.656], [2610166.965, 1229614.506], [2610167.338,
        1229613.431], [2610167.549, 1229612.059], [2610167.401, 1229611.122], [2610167.084,
        1229610.019], [2610166.478, 1229608.171], [2610166.271, 1229607.377], [2610166.674,
        1229606.056], [2610167.112, 1229604.287], [2610167.118, 1229603.359], [2610167.084,
        1229602.011], [2610167.154, 1229600.623], [2610167.47, 1229599.576], [2610167.662,
        1229597.857], [2610167.04, 1229596.561], [2610166.448, 1229595.574], [2610165.668,
        1229594.36], [2610164.416, 1229592.308], [2610164.156, 1229591.455]], [[2610168.236,
        1229427.296], [2610168.166, 1229426.715], [2610168.449, 1229425.971], [2610169.229,
        1229424.016], [2610169.682, 1229422.889], [2610170.012, 1229422.067], [2610170.302,
        1229421.34], [2610170.393, 1229421.103], [2610170.671, 1229420.405], [2610171.41,
        1229418.553], [2610171.839, 1229417.478], [2610172.156, 1229416.684], [2610172.454,
        1229415.935], [2610172.604, 1229415.547], [2610172.885, 1229414.831], [2610173.58,
        1229413.078], [2610174.282, 1229411.307], [2610174.585, 1229410.533], [2610174.803,
        1229409.954], [2610175.083, 1229409.222], [2610175.696, 1229407.635], [2610176.32,
        1229406.016], [2610176.636, 1229405.187], [2610176.972, 1229404.348], [2610177.3,
        1229403.561], [2610177.937, 1229402.011], [2610178.571, 1229400.465], [2610178.894,
        1229399.688], [2610179.204, 1229398.896], [2610179.505, 1229398.115], [2610180.12,
        1229396.572], [2610180.737, 1229395.022], [2610181.042, 1229394.221], [2610181.375,
        1229393.313], [2610181.688, 1229392.514], [2610182.26, 1229391.079], [2610182.834,
        1229389.635], [2610183.156, 1229388.812], [2610183.503, 1229387.902], [2610184.153,
        1229386.197], [2610184.718, 1229384.392], [2610184.814, 1229383.185], [2610184.845,
        1229382.187], [2610185.215, 1229381.014], [2610185.823, 1229379.714], [2610186.565,
        1229378.34], [2610187.397, 1229376.851], [2610188.274, 1229375.208], [2610189.232,
        1229374.25], [2610190.304, 1229374.816], [2610191.011, 1229375.969], [2610190.871,
        1229376.77], [2610189.781, 1229377.656], [2610188.854, 1229378.545], [2610188.122,
        1229380.016], [2610187.693, 1229380.975], [2610187.069, 1229382.165], [2610186.288,
        1229383.695], [2610185.39, 1229385.677], [2610184.64, 1229387.385], [2610184.305,
        1229388.094], [2610184.17, 1229388.446], [2610184.07, 1229388.706], [2610183.761,
        1229389.372], [2610183.022, 1229391.132], [2610182.323, 1229392.907], [2610182.135,
        1229393.617], [2610182.018, 1229393.975], [2610181.644, 1229394.681], [2610180.89,
        1229396.44], [2610180.315, 1229398.218], [2610180.479, 1229398.984], [2610181.074,
        1229399.604], [2610181.793, 1229400.943], [2610180.917, 1229402.418], [2610179.569,
        1229402.512], [2610178.842, 1229403.246], [2610178.731, 1229404.409], [2610179.233,
        1229405.795], [2610179.731, 1229407.711], [2610179.245, 1229408.37], [2610178.406,
        1229409.509], [2610177.501, 1229410.68], [2610176.816, 1229411.438], [2610176.284,
        1229412.253], [2610175.839, 1229413.598], [2610175.968, 1229414.842], [2610177.156,
        1229415.355], [2610178.559, 1229415.344], [2610179.33, 1229415.016], [2610181.171,
        1229414.59], [2610182.45, 1229414.75], [2610183.518, 1229415.112], [2610185.418,
        1229415.085], [2610186.609, 1229415.13], [2610188.306, 1229416.245], [2610189.178,
        1229416.978], [2610189.846, 1229417.528], [2610190.572, 1229418.078], [2610192.086,
        1229419.219], [2610193.033, 1229420.21], [2610193.48, 1229421.269], [2610193.972,
        1229422.457], [2610195.054, 1229423.833], [2610196.213, 1229424.99], [2610196.938,
        1229425.522], [2610198.479, 1229425.923], [2610199.537, 1229426.393], [2610200.643,
        1229427.44], [2610201.207, 1229428.994], [2610200.638, 1229430.984], [2610200.107,
        1229432.033], [2610199.65, 1229432.973], [2610198.954, 1229434.526], [2610198.143,
        1229436.121], [2610196.877, 1229436.971], [2610195.811, 1229437.049], [2610194.616,
        1229436.101], [2610193.536, 1229435.706], [2610192.813, 1229437.443], [2610192.43,
        1229438.763], [2610191.826, 1229439.92], [2610189.957, 1229441.744], [2610188.938,
        1229442.992], [2610190.502, 1229443.741], [2610191.774, 1229443.983], [2610192.732,
        1229444.209], [2610193.712, 1229444.612], [2610194.967, 1229445.651], [2610196.215,
        1229446.834], [2610196.375, 1229447.756], [2610195.505, 1229448.554], [2610194.302,
        1229448.192], [2610192.892, 1229448.112], [2610189.708, 1229449.374], [2610187.927,
        1229450.23], [2610186.658, 1229450.865], [2610185.65, 1229451.475], [2610185.54,
        1229451.583], [2610185.203, 1229452.025], [2610184.44, 1229453.468], [2610183.687,
        1229454.908], [2610183.379, 1229455.338], [2610183.56, 1229454.79], [2610184.275,
        1229453.296], [2610184.757, 1229452.199], [2610185.222, 1229450.872], [2610186.104,
        1229447.533], [2610186.482, 1229445.855], [2610186.767, 1229444.618], [2610187.058,
        1229443.471], [2610186.772, 1229442.699], [2610185.702, 1229440.912], [2610185.086,
        1229439.822], [2610184.698, 1229438.847], [2610184.606, 1229437.245], [2610184.886,
        1229435.327], [2610184.939, 1229434.507], [2610185.266, 1229433.136], [2610185.865,
        1229431.307], [2610185.678, 1229430.83], [2610185.229, 1229430.679], [2610184.531,
        1229430.8], [2610182.694, 1229430.879], [2610180.833, 1229430.707], [2610180.064,
        1229430.076], [2610178.286, 1229429.673], [2610177.955, 1229430.874], [2610178.497,
        1229431.86], [2610177.675, 1229433.331], [2610176.212, 1229434.672], [2610174.833,
        1229435.271], [2610173.738, 1229435.06], [2610173.127, 1229433.974], [2610173.113,
        1229432.481], [2610173.808, 1229431.049], [2610174.839, 1229429.386], [2610174.915,
        1229428.52], [2610175.2, 1229427.511], [2610175.867, 1229425.693], [2610176.282,
        1229423.83], [2610175.811, 1229422.684], [2610174.79, 1229421.712], [2610174.387,
        1229421.337], [2610172.988, 1229421.165], [2610171.62, 1229421.331], [2610171.053,
        1229421.934], [2610170.596, 1229422.749], [2610169.824, 1229424.285], [2610169.124,
        1229425.862], [2610168.882, 1229426.798], [2610168.553, 1229427.355], [2610168.236,
        1229427.296]]]]}, "properties": {"gefahrenstufe_txt": "mittel", "charakterisierung":
        "U6"}}], "crs": {"type": "name", "properties": {"name": "urn:ogc:def:crs:EPSG::2056"}},
        "bbox": [2610090.0640000002, 1229284.227, 2610266.587, 1229909.627]}

        '
    headers:
      Connection:
      - Keep-Alive
      Date:
      - Tue, 17 Sep 2024 13:44:02 GMT
      Keep-Alive:
      - timeout=10, max=300
      Server:
      - Kanton Solothurn
      Set-Cookie:
      - SCDID_S=zq48FqZrSk4AChXeuchEivwWovo2cq6Q4gCSi41qpoBW7Muknaj0IQ$$; path=/;
        Secure; HttpOnly
      access-control-allow-origin:
      - '*'
      content-length:
      - '54538'
      content-type:
      - application/json
    status:
      code: 200
      message: OK
- request:
    body: null
    headers:
      Accept:
      - '*/*'
      Accept-Encoding:
      - gzip, deflate
      Connection:
      - keep-alive
      User-Agent:
      - python-requests/2.32.3
    method: GET
    uri: https://geo-i.so.ch/api/data/v1/ch.so.afu.altlasten.standorte.ebau.data_v2/?bbox=2610176.0,1229506.0,2610176.0,1229506.0
  response:
    body:
      string: '{"type": "FeatureCollection", "features": [], "crs": {"type": "name",
        "properties": {"name": "urn:ogc:def:crs:EPSG::2056"}}}

        '
    headers:
      Connection:
      - Keep-Alive
      Date:
      - Tue, 17 Sep 2024 13:44:02 GMT
      Keep-Alive:
      - timeout=10, max=300
      Server:
      - Kanton Solothurn
      Set-Cookie:
      - SCDID_S=umjr_1LC9RpzyUMQw76TLZC-f2m22Bqa9rYcUgSr-buHJBZ2d_qbUQ$$; path=/;
        Secure; HttpOnly
      access-control-allow-origin:
      - '*'
      content-length:
      - '125'
      content-type:
      - application/json
    status:
      code: 200
      message: OK
- request:
    body: null
    headers:
      Accept:
      - '*/*'
      Accept-Encoding:
      - gzip, deflate
      Connection:
      - keep-alive
      User-Agent:
      - python-requests/2.32.3
    method: GET
    uri: https://geo-i.so.ch/api/data/v1/ch.so.afu.gewaesserschutz.zonen_areale.data_v2/?bbox=2610176.0,1229506.0,2610176.0,1229506.0
  response:
    body:
      string: '{"type": "FeatureCollection", "features": [], "crs": {"type": "name",
        "properties": {"name": "urn:ogc:def:crs:EPSG::2056"}}}

        '
    headers:
      Connection:
      - Keep-Alive
      Date:
      - Tue, 17 Sep 2024 13:44:03 GMT
      Keep-Alive:
      - timeout=10, max=300
      Server:
      - Kanton Solothurn
      Set-Cookie:
      - SCDID_S=I7sIREqjYI8ZtkdgxMiikvViEgDDAgcsywuJTNEqt6lAmvTuzZHEVQ$$; path=/;
        Secure; HttpOnly
      access-control-allow-origin:
      - '*'
      content-length:
      - '125'
      content-type:
      - application/json
    status:
      code: 200
      message: OK
- request:
    body: null
    headers:
      Accept:
      - '*/*'
      Accept-Encoding:
      - gzip, deflate
      Connection:
      - keep-alive
      User-Agent:
      - python-requests/2.32.3
    method: GET
    uri: https://geo-i.so.ch/api/data/v1/ch.so.ada.denkmalschutz.flaechenobjekt.data/?bbox=2610163.5,1229493.5,2610188.5,1229518.5
  response:
    body:
      string: '{"type": "FeatureCollection", "features": [], "crs": {"type": "name",
        "properties": {"name": "urn:ogc:def:crs:EPSG::2056"}}}

        '
    headers:
      Connection:
      - Keep-Alive
      Date:
      - Tue, 17 Sep 2024 13:44:03 GMT
      Keep-Alive:
      - timeout=10, max=300
      Server:
      - Kanton Solothurn
      Set-Cookie:
      - SCDID_S=BsczDrCyXoWaWex3V6BTpLAjblZI9wxFI-ZDR8WiFEdHgSAzrsDY-w$$; path=/;
        Secure; HttpOnly
      access-control-allow-origin:
      - '*'
      content-length:
      - '125'
      content-type:
      - application/json
    status:
      code: 200
      message: OK
- request:
    body: null
    headers:
      Accept:
      - '*/*'
      Accept-Encoding:
      - gzip, deflate
      Connection:
      - keep-alive
      User-Agent:
      - python-requests/2.32.3
    method: GET
    uri: https://geo-i.so.ch/api/data/v1/ch.so.ada.denkmalschutz.punktobjekt.data/?bbox=2610163.5,1229493.5,2610188.5,1229518.5
  response:
    body:
      string: '{"type": "FeatureCollection", "features": [], "crs": {"type": "name",
        "properties": {"name": "urn:ogc:def:crs:EPSG::2056"}}}

        '
    headers:
      Connection:
      - Keep-Alive
      Date:
      - Tue, 17 Sep 2024 13:44:03 GMT
      Keep-Alive:
      - timeout=10, max=300
      Server:
      - Kanton Solothurn
      Set-Cookie:
      - SCDID_S=Mk5z1-Qpa8jjzf8G39-qySrwu2KcNMDY98oXRJj5Saz3wCBfXrhkmg$$; path=/;
        Secure; HttpOnly
      access-control-allow-origin:
      - '*'
      content-length:
      - '125'
      content-type:
      - application/json
    status:
      code: 200
      message: OK
- request:
    body: null
    headers:
      Accept:
      - '*/*'
      Accept-Encoding:
      - gzip, deflate
      Connection:
      - keep-alive
      User-Agent:
      - python-requests/2.32.3
    method: GET
    uri: https://geo-i.so.ch/api/data/v1/ch.so.ada.archaeologie.punktfundstellen.data/?bbox=2610151.0,1229481.0,2610201.0,1229531.0
  response:
    body:
      string: '{"type": "FeatureCollection", "features": [], "crs": {"type": "name",
        "properties": {"name": "urn:ogc:def:crs:EPSG::2056"}}}

        '
    headers:
      Connection:
      - Keep-Alive
      Date:
      - Tue, 17 Sep 2024 13:44:03 GMT
      Keep-Alive:
      - timeout=10, max=300
      Server:
      - Kanton Solothurn
      Set-Cookie:
      - SCDID_S=Mr7o5c0q79mNq04cB7m8FtR5I9hckee47DKBzUsl64xnWZNgYS8o_Q$$; path=/;
        Secure; HttpOnly
      access-control-allow-origin:
      - '*'
      content-length:
      - '125'
      content-type:
      - application/json
    status:
      code: 200
      message: OK
- request:
    body: null
    headers:
      Accept:
      - '*/*'
      Accept-Encoding:
      - gzip, deflate
      Connection:
      - keep-alive
      User-Agent:
      - python-requests/2.32.3
    method: GET
    uri: https://geo-i.so.ch/api/data/v1/ch.so.ada.archaeologie.flaechenfundstellen.data/?bbox=2610176.0,1229506.0,2610176.0,1229506.0
  response:
    body:
      string: '{"type": "FeatureCollection", "features": [], "crs": {"type": "name",
        "properties": {"name": "urn:ogc:def:crs:EPSG::2056"}}}

        '
    headers:
      Connection:
      - Keep-Alive
      Date:
      - Tue, 17 Sep 2024 13:44:03 GMT
      Keep-Alive:
      - timeout=10, max=300
      Server:
      - Kanton Solothurn
      Set-Cookie:
      - SCDID_S=NiO82ZkoEn5ytuP7jg3nkyCXQabHEZBlo_64907mV93H-cJ6Jv3aag$$; path=/;
        Secure; HttpOnly
      access-control-allow-origin:
      - '*'
      content-length:
      - '125'
      content-type:
      - application/json
    status:
      code: 200
      message: OK
- request:
    body: null
    headers:
      Accept:
      - '*/*'
      Accept-Encoding:
      - gzip, deflate
      Connection:
      - keep-alive
      User-Agent:
      - python-requests/2.32.3
    method: GET
    uri: https://geo-i.so.ch/api/data/v1/ch.so.arp.nutzungsplanung.erschliessungsplanung_linie.data/?bbox=2610151.0,1229481.0,2610201.0,1229531.0
  response:
    body:
      string: '{"type": "FeatureCollection", "features": [], "crs": {"type": "name",
        "properties": {"name": "urn:ogc:def:crs:EPSG::2056"}}}

        '
    headers:
      Connection:
      - Keep-Alive
      Date:
      - Tue, 17 Sep 2024 13:44:03 GMT
      Keep-Alive:
      - timeout=10, max=300
      Server:
      - Kanton Solothurn
      Set-Cookie:
      - SCDID_S=O588l5G69aNsf5mQhV0z_-I72afMESqEwJTt9eY5CaA6Vfdw1JPSQQ$$; path=/;
        Secure; HttpOnly
      access-control-allow-origin:
      - '*'
      content-length:
      - '125'
      content-type:
      - application/json
    status:
      code: 200
      message: OK
- request:
    body: null
    headers:
      Accept:
      - '*/*'
      Accept-Encoding:
      - gzip, deflate
      Connection:
      - keep-alive
      User-Agent:
      - python-requests/2.32.3
    method: GET
    uri: https://geo-i.so.ch/api/data/v1/ch.so.arp.nutzungsplanung.erschliessungsplanung_flaeche.data/?bbox=2610176.0,1229506.0,2610176.0,1229506.0
  response:
    body:
      string: '{"type": "FeatureCollection", "features": [], "crs": {"type": "name",
        "properties": {"name": "urn:ogc:def:crs:EPSG::2056"}}}

        '
    headers:
      Connection:
      - Keep-Alive
      Date:
      - Tue, 17 Sep 2024 13:44:03 GMT
      Keep-Alive:
      - timeout=10, max=300
      Server:
      - Kanton Solothurn
      Set-Cookie:
      - SCDID_S=rav-iH85LH0HxiP61st3NbDT-DbHAUh_ME_XSB77uiNFSdkcXcP0hg$$; path=/;
        Secure; HttpOnly
      access-control-allow-origin:
      - '*'
      content-length:
      - '125'
      content-type:
      - application/json
    status:
      code: 200
      message: OK
- request:
    body: null
    headers:
      Accept:
      - '*/*'
      Accept-Encoding:
      - gzip, deflate
      Connection:
      - keep-alive
      User-Agent:
      - python-requests/2.32.3
    method: GET
    uri: https://geo-i.so.ch/api/data/v1/ch.so.arp.nutzungsplanung.ueberlagernd_punkt.data/?bbox=2610151.0,1229481.0,2610201.0,1229531.0
  response:
    body:
      string: '{"type": "FeatureCollection", "features": [], "crs": {"type": "name",
        "properties": {"name": "urn:ogc:def:crs:EPSG::2056"}}}

        '
    headers:
      Connection:
      - Keep-Alive
      Date:
      - Tue, 17 Sep 2024 13:44:04 GMT
      Keep-Alive:
      - timeout=10, max=300
      Server:
      - Kanton Solothurn
      Set-Cookie:
      - SCDID_S=EqNabAwF-TQy86pH6I4FwWp2FSm4NGXyvD2w6Gnbf4cCR6o0qr-vPw$$; path=/;
        Secure; HttpOnly
      access-control-allow-origin:
      - '*'
      content-length:
      - '125'
      content-type:
      - application/json
    status:
      code: 200
      message: OK
- request:
    body: null
    headers:
      Accept:
      - '*/*'
      Accept-Encoding:
      - gzip, deflate
      Connection:
      - keep-alive
      User-Agent:
      - python-requests/2.32.3
    method: GET
    uri: https://geo-i.so.ch/api/data/v1/ch.so.arp.nutzungsplanung.ueberlagernd_linie.data/?bbox=2610151.0,1229481.0,2610201.0,1229531.0
  response:
    body:
      string: '{"type": "FeatureCollection", "features": [], "crs": {"type": "name",
        "properties": {"name": "urn:ogc:def:crs:EPSG::2056"}}}

        '
    headers:
      Connection:
      - Keep-Alive
      Date:
      - Tue, 17 Sep 2024 13:44:04 GMT
      Keep-Alive:
      - timeout=10, max=300
      Server:
      - Kanton Solothurn
      Set-Cookie:
      - SCDID_S=EXi-FwJto0cK9mb4uJZlM8J0PHgIbOa59wGkKCpi0JnpNJUz97BPzA$$; path=/;
        Secure; HttpOnly
      access-control-allow-origin:
      - '*'
      content-length:
      - '125'
      content-type:
      - application/json
    status:
      code: 200
      message: OK
- request:
    body: null
    headers:
      Accept:
      - '*/*'
      Accept-Encoding:
      - gzip, deflate
      Connection:
      - keep-alive
      User-Agent:
      - python-requests/2.32.3
    method: GET
    uri: https://geo-i.so.ch/api/data/v1/ch.so.arp.nutzungsplanung.ueberlagernd_flaeche.data/?bbox=2610176.0,1229506.0,2610176.0,1229506.0
  response:
    body:
      string: '{"type": "FeatureCollection", "features": [], "crs": {"type": "name",
        "properties": {"name": "urn:ogc:def:crs:EPSG::2056"}}}

        '
    headers:
      Connection:
      - Keep-Alive
      Date:
      - Tue, 17 Sep 2024 13:44:04 GMT
      Keep-Alive:
      - timeout=10, max=300
      Server:
      - Kanton Solothurn
      Set-Cookie:
      - SCDID_S=kGe-QmMjhjXEGEduXBgNATW6u6XIxPrhVOhpSlw1MJpTwyDYrtn7qg$$; path=/;
        Secure; HttpOnly
      access-control-allow-origin:
      - '*'
      content-length:
      - '125'
      content-type:
      - application/json
    status:
      code: 200
      message: OK
- request:
    body: null
    headers:
      Accept:
      - '*/*'
      Accept-Encoding:
      - gzip, deflate
      Connection:
      - keep-alive
      User-Agent:
      - python-requests/2.32.3
    method: GET
    uri: https://geo-i.so.ch/api/data/v1/ch.so.agi.av.bodenbedeckung.data/?filter=%5B%5B%22art_txt%22,%22ilike%22,%22%25Wald%25%22%5D%5D&bbox=2610151.0,1229481.0,2610201.0,1229531.0
  response:
    body:
      string: '{"type": "FeatureCollection", "features": [{"type": "Feature", "id":
        8182080, "geometry": {"type": "Polygon", "coordinates": [[[2610086.617, 1229707.487],
        [2610088.601, 1229718.679], [2610095.344, 1229736.326], [2610098.215, 1229749.687],
        [2610112.258, 1229794.534], [2610118.294, 1229813.317], [2610134.373, 1229848.044],
        [2610141.679, 1229862.511], [2610156.569, 1229889.573], [2610169.574, 1229910.376],
        [2610174.627, 1229915.778], [2610174.736011636, 1229915.903812717], [2610174.850499152,
        1229916.024663805], [2610174.970236967, 1229916.140315144], [2610175.094989156,
        1229916.250538862], [2610175.224509913, 1229916.35511778], [2610175.358544039,
        1229916.45384584], [2610175.496827438, 1229916.546528515], [2610175.639087644,
        1229916.632983186], [2610175.785044356, 1229916.71303951], [2610175.934409988,
        1229916.786539745], [2610176.086890238, 1229916.853339072], [2610176.242184666,
        1229916.913305872], [2610176.399987289, 1229916.96632199], [2610176.559987181,
        1229917.012282967], [2610176.721869085, 1229917.051098242], [2610176.885314039,
        1229917.082691336], [2610177.05, 1229917.107], [2610177.215632944, 1229917.123978779],
        [2610177.381856268, 1229917.133589072], [2610177.548342334, 1229917.135811938],
        [2610177.714762985, 1229917.130642995], [2610177.880790195, 1229917.118092431],
        [2610178.046096712, 1229917.098184984], [2610178.210356706, 1229917.070959894],
        [2610178.373246408, 1229917.036470822], [2610178.534444752, 1229916.99478575],
        [2610178.693634003, 1229916.945986841], [2610178.850500388, 1229916.890170282],
        [2610179.004734714, 1229916.82744609], [2610179.156032971, 1229916.757937901],
        [2610179.304096942, 1229916.681782719], [2610179.448634781, 1229916.599130652],
        [2610179.589361595, 1229916.510144614], [2610179.726, 1229916.415], [2610179.862581126,
        1229916.312139182], [2610179.99432794, 1229916.203155107], [2610180.120966156,
        1229916.088274673], [2610180.24223212, 1229915.967737053], [2610180.357873363,
        1229915.841793198], [2610180.46764913, 1229915.710705316], [2610180.571330874,
        1229915.574746323], [2610180.668702736, 1229915.434199276], [2610180.759561994,
        1229915.289356786], [2610180.843719486, 1229915.140520405], [2610180.921,
        1229914.988], [2610180.991245033, 1229914.832107468], [2610181.054305436,
        1229914.67317279], [2610181.110049912, 1229914.511526882], [2610181.158362396,
        1229914.347506304], [2610181.199142296, 1229914.18145256], [2610181.232304708,
        1229914.013711388], [2610181.257780583, 1229913.84463204], [2610181.275516877,
        1229913.674566552], [2610181.285476664, 1229913.503869016], [2610181.287639206,
        1229913.332894838], [2610181.282, 1229913.162], [2610182.278, 1229908.204],
        [2610182.046, 1229905.687], [2610181.943, 1229904.574], [2610184.672, 1229904.123],
        [2610186.245, 1229903.863], [2610184.731, 1229896.608], [2610180.946, 1229872.019],
        [2610179.302, 1229860.419], [2610175.509, 1229819.296], [2610177.714, 1229795.853],
        [2610190.59, 1229731.992], [2610197.918, 1229690.604], [2610210.829, 1229641.032],
        [2610225.731, 1229576.584], [2610236.647, 1229526.73], [2610250.777, 1229464.764],
        [2610266.462, 1229393.002], [2610275.311, 1229351.162], [2610278.824, 1229334.603],
        [2610274.852, 1229332.717], [2610274.44, 1229333.576], [2610271.554, 1229332.275],
        [2610264.823, 1229329.241], [2610264.458, 1229330.199], [2610264.252593578,
        1229330.784484846], [2610264.039657998, 1229331.36727361], [2610263.819228636,
        1229331.947269472], [2610263.59134211, 1229332.524376078], [2610263.356036281,
        1229333.098497555], [2610263.113350238, 1229333.669538524], [2610262.863324298,
        1229334.237404119], [2610262.606, 1229334.802], [2610262.341415255, 1229335.363242461],
        [2610262.069618595, 1229335.92102805], [2610261.790655175, 1229336.475264098],
        [2610261.50457134, 1229337.025858528], [2610261.211414618, 1229337.572719867],
        [2610260.911233715, 1229338.115757262], [2610260.604078499, 1229338.654880496],
        [2610260.29, 1229339.19], [2610259.979753007, 1229339.7032157], [2610259.663144442,
        1229340.212531484], [2610259.340223321, 1229340.717868502], [2610259.011039638,
        1229341.219148518], [2610258.675644358, 1229341.716293927], [2610258.334089403,
        1229342.209227761], [2610257.986427653, 1229342.697873705], [2610257.632712931,
        1229343.18215611], [2610257.273, 1229343.662], [2610256.90732946, 1229344.137350451],
        [2610256.535772528, 1229344.608114131], [2610256.158386736, 1229345.074218151],
        [2610255.775230511, 1229345.535590346], [2610255.386363178, 1229345.992159282],
        [2610254.991844946, 1229346.443854267], [2610254.591736897, 1229346.890605366],
        [2610254.18610098, 1229347.332343408], [2610253.775, 1229347.769], [2610246.327,
        1229352.967], [2610245.641, 1229353.334], [2610245.174, 1229353.582], [2610232.666,
        1229362.487], [2610232.172615543, 1229362.815901763], [2610231.683382343,
        1229363.150947236], [2610231.198376899, 1229363.492084028], [2610230.717675047,
        1229363.8392588], [2610230.241351952, 1229364.192417266], [2610229.769482093,
        1229364.551504204], [2610229.302139254, 1229364.916463466], [2610228.83939651,
        1229365.287237987], [2610228.381326217, 1229365.66376979], [2610227.928, 1229366.046],
        [2610227.479502684, 1229366.433856641], [2610227.035890152, 1229366.827290926],
        [2610226.597231763, 1229367.226241341], [2610226.163596104, 1229367.630645509],
        [2610225.735050975, 1229368.040440199], [2610225.31166338, 1229368.455561339],
        [2610224.893499519, 1229368.875944022], [2610224.480624771, 1229369.301522521],
        [2610224.073103692, 1229369.732230294], [2610223.671, 1229370.168], [2610223.295454322,
        1229370.584404337], [2610222.924843981, 1229371.005207263], [2610222.55922049,
        1229371.430350287], [2610222.198634671, 1229371.859774314], [2610221.843136645,
        1229372.293419654], [2610221.492775826, 1229372.731226032], [2610221.147600914,
        1229373.173132592], [2610220.807659889, 1229373.61907791], [2610220.473, 1229374.069],
        [2610220.143649726, 1229374.522861494], [2610219.81967348, 1229374.98057456],
        [2610219.5011163, 1229375.44207557], [2610219.188022469, 1229375.907300367],
        [2610218.880435512, 1229376.376184279], [2610218.578398189, 1229376.848662123],
        [2610218.281952485, 1229377.32466822], [2610217.991139614, 1229377.804136397],
        [2610217.706, 1229378.287], [2610217.522720483, 1229378.665606816], [2610217.345690667,
        1229379.047175875], [2610217.174958413, 1229379.431604021], [2610217.010569877,
        1229379.818787326], [2610216.852569501, 1229380.208621116], [2610216.701,
        1229380.601], [2610216.555945138, 1229380.995698449], [2610216.417397415,
        1229381.392727802], [2610216.285394265, 1229381.791980788], [2610216.159971352,
        1229382.193349536], [2610216.041162564, 1229382.596725602], [2610215.929,
        1229383.002], [2610215.829054867, 1229383.385270314], [2610215.735052617,
        1229383.770041338], [2610215.64701576, 1229384.156220928], [2610215.56496538,
        1229384.543716603], [2610215.488921124, 1229384.93243557], [2610215.418901206,
        1229385.322284738], [2610215.35492239, 1229385.713170751], [2610215.297, 1229386.105],
        [2610215.245137021, 1229386.497766302], [2610215.199359472, 1229386.891288286],
        [2610215.159678318, 1229387.285471673], [2610215.126103069, 1229387.680222023],
        [2610215.098641766, 1229388.075444762], [2610215.07730099, 1229388.471045201],
        [2610215.062085852, 1229388.866928562], [2610215.053, 1229389.263], [2610215.096506935,
        1229389.598373535], [2610215.132740271, 1229389.934610664], [2610215.16168301,
        1229390.271553656], [2610215.183321575, 1229390.609044447], [2610215.197645816,
        1229390.946924718], [2610215.204649012, 1229391.285035967], [2610215.204327878,
        1229391.623219584], [2610215.196682565, 1229391.961316923], [2610215.18171666,
        1229392.299169381], [2610215.159437183, 1229392.636618468], [2610215.129854586,
        1229392.973505885], [2610215.092982745, 1229393.309673594], [2610215.048838958,
        1229393.644963898], [2610214.997443934, 1229393.979219508], [2610214.938821781,
        1229394.312283623], [2610214.873, 1229394.644], [2610214.800008871, 1229394.9742156],
        [2610214.719883121, 1229395.302772917], [2610214.632660338, 1229395.629517822],
        [2610214.538381439, 1229395.954297034], [2610214.437090653, 1229396.276958193],
        [2610214.328835496, 1229396.597349934], [2610214.213666752, 1229396.915321957],
        [2610214.091638449, 1229397.230725096], [2610213.962807832, 1229397.543411392],
        [2610213.827235337, 1229397.853234156], [2610213.684984565, 1229398.160048049],
        [2610213.536122245, 1229398.463709138], [2610213.380718213, 1229398.764074971],
        [2610213.21884537, 1229399.061004642], [2610213.050579654, 1229399.354358858],
        [2610212.876, 1229399.644], [2610212.688403178, 1229399.940449483], [2610212.494197006,
        1229400.232611811], [2610212.293479416, 1229400.520339654], [2610212.086351623,
        1229400.803487921], [2610211.872918078, 1229401.081913826], [2610211.653286408,
        1229401.355476969], [2610211.427567367, 1229401.624039397], [2610211.19587478,
        1229401.887465684], [2610210.958325483, 1229402.14562299], [2610210.715039265,
        1229402.398381133], [2610210.466138808, 1229402.645612656], [2610210.211749626,
        1229402.887192885], [2610209.952, 1229403.123], [2610209.687056901, 1229403.352884565],
        [2610209.417019318, 1229403.576762796], [2610209.142023385, 1229403.794521827],
        [2610208.862207738, 1229404.006051878], [2610208.577713443, 1229404.21124631],
        [2610208.288683923, 1229404.410001676], [2610207.995264889, 1229404.602217775],
        [2610207.697604263, 1229404.787797706], [2610207.395852108, 1229404.966647911],
        [2610207.090160548, 1229405.138678224], [2610206.780683692, 1229405.303801919],
        [2610206.46757756, 1229405.461935752], [2610206.151, 1229405.613], [2610176.726,
        1229417.257], [2610174.486, 1229418.143], [2610174.189, 1229418.259], [2610173.338,
        1229422.831], [2610172.475, 1229430.955], [2610170.758, 1229447.123], [2610170.466708784,
        1229448.572861031], [2610170.169076369, 1229450.021433613], [2610169.865108454,
        1229451.468690013], [2610169.554810858, 1229452.914602522], [2610169.238189522,
        1229454.359143456], [2610168.915250509, 1229455.802285159], [2610168.586,
        1229457.244], [2610168.250435392, 1229458.684298237], [2610167.908571686,
        1229460.123114357], [2610167.560415428, 1229461.56042081], [2610167.205973284,
        1229462.996190076], [2610166.84525204, 1229464.430394664], [2610166.478258603,
        1229465.863007116], [2610166.105, 1229467.294], [2610165.73796112, 1229468.677336431],
        [2610165.365062087, 1229470.059104694], [2610164.986309602, 1229471.439279965],
        [2610164.601710468, 1229472.817837446], [2610164.211271596, 1229474.19475237],
        [2610163.815, 1229475.57], [2610163.412857815, 1229476.943708096], [2610163.004895959,
        1229478.315699128], [2610162.591121761, 1229479.685948442], [2610162.171542658,
        1229481.054431415], [2610161.74616619, 1229482.421123454], [2610161.315, 1229483.786],
        [2610160.831158496, 1229485.294651202], [2610160.340226807, 1229486.801010098],
        [2610159.842215791, 1229488.305043368], [2610159.337136464, 1229489.806717742],
        [2610158.825, 1229491.306], [2610158.305843814, 1229492.802782336], [2610157.779654005,
        1229494.297106528], [2610157.246442211, 1229495.788939525], [2610156.706220226,
        1229497.278248329], [2610156.159, 1229498.765], [2610152.485, 1229507.282],
        [2610147.671, 1229515.603], [2610144.612, 1229522.18], [2610141.493, 1229535.609],
        [2610136.772, 1229549.893], [2610136.435, 1229555.07], [2610136.359, 1229570.868],
        [2610133.576, 1229583.866], [2610125.936, 1229595.333], [2610111.16, 1229608.637],
        [2610104.866, 1229614.877], [2610096.346, 1229631.644], [2610093.674, 1229640.416],
        [2610091.478, 1229655.749], [2610090.405, 1229675.342], [2610087.949, 1229692.408],
        [2610086.617, 1229707.487]], [[2610166.812, 1229704.769], [2610168.772, 1229691.834],
        [2610177.787, 1229675.567], [2610185.823, 1229657.34], [2610188.044, 1229648.042],
        [2610184.123, 1229633.735], [2610184.907, 1229630.207], [2610195.687, 1229628.051],
        [2610198.614, 1229634.348], [2610198.236, 1229641.77], [2610190.004, 1229676.068],
        [2610181.871, 1229698.999], [2610176.633, 1229718.817], [2610178.797, 1229727.158],
        [2610178.141, 1229733.317], [2610176.961, 1229734.824], [2610175.256, 1229735.021],
        [2610170.993, 1229729.517], [2610167.583, 1229717.919], [2610166.812, 1229704.769]]]},
        "properties": {"art_txt": "geschlossener_Wald"}}, {"type": "Feature", "id":
        8182079, "geometry": {"type": "Polygon", "coordinates": [[[2610079.871, 1229701.5],
        [2610084.712, 1229720.764], [2610085.882, 1229724.725], [2610091.282, 1229743.014],
        [2610101.749, 1229773.243], [2610115.465, 1229815.121], [2610133.467, 1229851.393],
        [2610133.722, 1229856.666], [2610148.263, 1229884.917], [2610163.058, 1229908.578],
        [2610170.832, 1229919.316], [2610176.459, 1229924.634], [2610181.303, 1229924.468],
        [2610185.714, 1229919.803], [2610187.24, 1229908.628], [2610186.734, 1229906.202],
        [2610185.05, 1229906.475], [2610184.141, 1229906.622], [2610184.296, 1229908.312],
        [2610183.288, 1229913.332], [2610183.285476111, 1229913.542784788], [2610183.275228236,
        1229913.753335442], [2610183.257270148, 1229913.963369021], [2610183.23162598,
        1229914.172603276], [2610183.198330191, 1229914.380757035], [2610183.157427526,
        1229914.587550577], [2610183.10897295, 1229914.792706008], [2610183.053031578,
        1229914.995947637], [2610182.989678584, 1229915.197002344], [2610182.918999105,
        1229915.395599947], [2610182.841088119, 1229915.591473568], [2610182.756050326,
        1229915.784359987], [2610182.664, 1229915.974], [2610182.565082523, 1229916.160099718],
        [2610182.459412002, 1229916.342449693], [2610182.347130379, 1229916.520804983],
        [2610182.228388476, 1229916.694926012], [2610182.103345794, 1229916.864578893],
        [2610181.972170296, 1229917.029535738], [2610181.835038183, 1229917.189574971],
        [2610181.692133658, 1229917.344481618], [2610181.543648678, 1229917.4940476],
        [2610181.389782696, 1229917.638072013], [2610181.23074239, 1229917.776361397],
        [2610181.066741394, 1229917.908729994], [2610180.898, 1229918.035], [2610180.730231127,
        1229918.152586685], [2610180.558379364, 1229918.264121412], [2610180.382662926,
        1229918.369462556], [2610180.203304932, 1229918.468476359], [2610180.020533124,
        1229918.561037096], [2610179.834579584, 1229918.647027235], [2610179.645680428,
        1229918.726337589], [2610179.454075515, 1229918.798867451], [2610179.260008141,
        1229918.864524726], [2610179.063724726, 1229918.923226042], [2610178.865474507,
        1229918.974896864], [2610178.665509215, 1229919.019471581], [2610178.46408276,
        1229919.056893593], [2610178.26145091, 1229919.087115383], [2610178.057870959,
        1229919.110098575], [2610177.853601409, 1229919.125813987], [2610177.648901634,
        1229919.134241664], [2610177.444031558, 1229919.135370904], [2610177.239251318,
        1229919.129200273], [2610177.034820938, 1229919.115737607], [2610176.831,
        1229919.095], [2610176.62801847, 1229919.067009282], [2610176.426163247, 1229919.031803443],
        [2610176.225690716, 1229918.989427198], [2610176.026855503, 1229918.939934371],
        [2610175.829910156, 1229918.883387823], [2610175.635104821, 1229918.819859378],
        [2610175.442686928, 1229918.749429724], [2610175.252900872, 1229918.672188317],
        [2610175.065987708, 1229918.588233263], [2610174.882184841, 1229918.497671197],
        [2610174.701725724, 1229918.400617145], [2610174.524839565, 1229918.297194378],
        [2610174.351751034, 1229918.187534257], [2610174.182679975, 1229918.071776066],
        [2610174.017841131, 1229917.950066832], [2610173.857443871, 1229917.822561142],
        [2610173.70169192, 1229917.689420947], [2610173.550783104, 1229917.550815352],
        [2610173.404909098, 1229917.406920404], [2610173.26425518, 1229917.257918869],
        [2610173.129, 1229917.104], [2610167.98, 1229911.6], [2610154.843, 1229890.585],
        [2610139.909, 1229863.445], [2610132.573, 1229848.916], [2610116.428, 1229814.045],
        [2610110.352, 1229795.138], [2610096.279, 1229750.197], [2610093.42, 1229736.896],
        [2610086.665, 1229719.215], [2610084.601, 1229707.575], [2610085.961, 1229692.178],
        [2610088.413, 1229675.144], [2610089.486, 1229655.553], [2610091.716, 1229639.98],
        [2610094.484, 1229630.894], [2610103.23, 1229613.683], [2610109.786, 1229607.183],
        [2610124.41, 1229594.015], [2610131.7, 1229583.074], [2610134.361, 1229570.652],
        [2610134.435, 1229555], [2610134.792, 1229549.509], [2610139.565, 1229535.067],
        [2610142.71, 1229521.524], [2610145.894, 1229514.679], [2610150.694, 1229506.382],
        [2610154.271, 1229498.095], [2610154.861551357, 1229496.41572995], [2610155.444840803,
        1229494.733923709], [2610156.020857446, 1229493.049612682], [2610156.58959053,
        1229491.362828319], [2610157.151029437, 1229489.673602117], [2610157.705163681,
        1229487.981965618], [2610158.251982917, 1229486.287950408], [2610158.791476934,
        1229484.591588119], [2610159.323635657, 1229482.892910427], [2610159.848449152,
        1229481.191949051], [2610160.365907616, 1229479.488735751], [2610160.876001389,
        1229477.78330233], [2610161.378720946, 1229476.075680635], [2610161.8740569,
        1229474.365902549], [2610162.362, 1229472.654], [2610162.842529302, 1229470.940047518],
        [2610163.315648036, 1229469.224034644], [2610163.781347368, 1229467.505993418],
        [2610164.239618602, 1229465.78595592], [2610164.690453182, 1229464.063954264],
        [2610165.133842689, 1229462.340020604], [2610165.569778846, 1229460.614187127],
        [2610165.998253511, 1229458.886486059], [2610166.419258686, 1229457.156949658],
        [2610166.832786509, 1229455.425610217], [2610167.238829259, 1229453.692500062],
        [2610167.637379355, 1229451.957651556], [2610168.028429355, 1229450.221097088],
        [2610168.411971957, 1229448.482869084], [2610168.788, 1229446.743], [2610171.358,
        1229422.543], [2610172.425, 1229416.801], [2610173.754, 1229416.281], [2610205.36,
        1229403.775], [2610205.656285474, 1229403.631768986], [2610205.949025397,
        1229403.481424235], [2610206.238048997, 1229403.32405345], [2610206.523187677,
        1229403.159748432], [2610206.804275103, 1229402.988605026], [2610207.081147303,
        1229402.810723069], [2610207.353642767, 1229402.626206327], [2610207.621602535,
        1229402.435162436], [2610207.884870296, 1229402.23770284], [2610208.143292474,
        1229402.033942726], [2610208.39671832, 1229401.824000957], [2610208.645, 1229401.608],
        [2610208.888031608, 1229401.386029431], [2610209.125630687, 1229401.158253282],
        [2610209.357658588, 1229400.924804468], [2610209.583979917, 1229400.685819213],
        [2610209.804462608, 1229400.441436973], [2610210.018978001, 1229400.191800353],
        [2610210.22740092, 1229399.937055023], [2610210.429609744, 1229399.677349637],
        [2610210.625486477, 1229399.412835741], [2610210.814916819, 1229399.143667686],
        [2610210.99779023, 1229398.870002542], [2610211.174, 1229398.592], [2610211.338634915,
        1229398.318312043], [2610211.496803555, 1229398.040836936], [2610211.648418849,
        1229397.759727428], [2610211.793397335, 1229397.475138264], [2610211.931659205,
        1229397.18722611], [2610212.063128346, 1229396.896149456], [2610212.187732386,
        1229396.602068538], [2610212.305402733, 1229396.305145244], [2610212.416074609,
        1229396.005543026], [2610212.519687092, 1229395.703426812], [2610212.616183144,
        1229395.398962914], [2610212.705509644, 1229395.092318935], [2610212.78761742,
        1229394.78366368], [2610212.862461272, 1229394.47316706], [2610212.93, 1229394.161],
        [2610212.990187676, 1229393.847383006], [2610213.043002198, 1229393.53244047],
        [2610213.088414502, 1229393.21634571], [2610213.126399597, 1229392.899272678],
        [2610213.156936579, 1229392.581395865], [2610213.180008643, 1229392.262890206],
        [2610213.195603091, 1229391.94393098], [2610213.203711342, 1229391.624693715],
        [2610213.204328934, 1229391.305354094], [2610213.197455527, 1229390.986087855],
        [2610213.183094904, 1229390.667070697], [2610213.161254966, 1229390.348478179],
        [2610213.131947734, 1229390.03048563], [2610213.095189336, 1229389.713268047],
        [2610213.051, 1229389.397], [2610213.0586035, 1229388.959874085], [2610213.073117571,
        1229388.522923034], [2610213.094538586, 1229388.086256091], [2610213.122861186,
        1229387.649982427], [2610213.158078294, 1229387.214211118], [2610213.200181102,
        1229386.779051109], [2610213.249159086, 1229386.344611199], [2610213.305,
        1229385.911], [2610213.36770744, 1229385.478211151], [2610213.437251801, 1229385.04646818],
        [2610213.513615688, 1229384.615879086], [2610213.596779998, 1229384.186551578],
        [2610213.686723927, 1229383.758593051], [2610213.783424978, 1229383.332110557],
        [2610213.88685896, 1229382.907210778], [2610213.997, 1229382.484], [2610214.119574759,
        1229382.041503239], [2610214.249503042, 1229381.601109555], [2610214.386748796,
        1229381.162941142], [2610214.531273943, 1229380.727119576], [2610214.68303838,
        1229380.293765782], [2610214.842, 1229379.863], [2610215.008072895, 1229379.435046864],
        [2610215.181249285, 1229379.009918612], [2610215.361481144, 1229378.587733143],
        [2610215.548718488, 1229378.168607542], [2610215.742909392, 1229377.752658043],
        [2610215.944, 1229377.34], [2610216.242340221, 1229376.833162276], [2610216.546670395,
        1229376.329898418], [2610216.856947718, 1229375.830279214], [2610217.173128546,
        1229375.334374939], [2610217.495168407, 1229374.842255346], [2610217.823022002,
        1229374.353989654], [2610218.156643218, 1229373.869646542], [2610218.495985128,
        1229373.389294135], [2610218.841, 1229372.913], [2610219.191624235, 1229372.440851176],
        [2610219.547823111, 1229371.97289367], [2610219.90954653, 1229371.5091933],
        [2610220.276743618, 1229371.04981528], [2610220.649362731, 1229370.594824222],
        [2610221.02735146, 1229370.144284117], [2610221.410656645, 1229369.698258331],
        [2610221.799224375, 1229369.256809596], [2610222.193, 1229368.82], [2610222.610884884,
        1229368.36731056], [2610223.034374418, 1229367.919859868], [2610223.463402932,
        1229367.477717312], [2610223.897903897, 1229367.040951451], [2610224.337809937,
        1229366.609630014], [2610224.783052838, 1229366.183819886], [2610225.233563555,
        1229365.763587094], [2610225.689272231, 1229365.348996804], [2610226.1501082,
        1229364.940113304], [2610226.616, 1229364.537], [2610227.086809004, 1229364.139774705],
        [2610227.562527212, 1229363.748442058], [2610228.043080876, 1229363.363062725],
        [2610228.528395498, 1229362.983696448], [2610229.018395843, 1229362.61040204],
        [2610229.51300595, 1229362.243237368], [2610230.012149142, 1229361.882259353],
        [2610230.515748041, 1229361.527523955], [2610231.023724576, 1229361.179086165],
        [2610231.536, 1229360.837], [2610244.12, 1229351.876], [2610244.701, 1229351.568],
        [2610246.002, 1229350.677], [2610238.976, 1229340.608], [2610238.11, 1229341.238],
        [2610222.587, 1229355.818], [2610208.491, 1229371.646], [2610188.672, 1229393.052],
        [2610183.701, 1229400.469], [2610166.447, 1229412.109], [2610167.913, 1229431.419],
        [2610164.138, 1229456.897], [2610148.336, 1229503.24], [2610143.12, 1229510.134],
        [2610133.535, 1229530.525], [2610132.27, 1229539.604], [2610113.865, 1229576.385],
        [2610100.493, 1229605.432], [2610094.606, 1229626.167], [2610087.003, 1229643.356],
        [2610080.058, 1229676.872], [2610079.871, 1229701.5]]]}, "properties": {"art_txt":
        "geschlossener_Wald"}}], "crs": {"type": "name", "properties": {"name": "urn:ogc:def:crs:EPSG::2056"}},
        "bbox": [2610079.871, 1229329.241, 2610278.824, 1229924.634]}

        '
    headers:
      Connection:
      - Keep-Alive
      Date:
      - Tue, 17 Sep 2024 13:44:04 GMT
      Keep-Alive:
      - timeout=10, max=300
      Server:
      - Kanton Solothurn
      Set-Cookie:
      - SCDID_S=2WxFaAlJvqjPRVctKngiTyhfC4GJtKg8jsd_28ozD82NOpyDu37gMQ$$; path=/;
        Secure; HttpOnly
      access-control-allow-origin:
      - '*'
      content-length:
      - '22853'
      content-type:
      - application/json
    status:
      code: 200
      message: OK
- request:
    body: null
    headers:
      Accept:
      - '*/*'
      Accept-Encoding:
      - gzip, deflate
      Connection:
      - keep-alive
      User-Agent:
      - python-requests/2.32.3
    method: GET
    uri: https://geo-i.so.ch/api/data/v1/ch.so.agi.av.bodenbedeckung.data/?filter=%5B%5B%22art_txt%22,%22ilike%22,%22%25Gewaesser%25%22%5D%5D&bbox=2610151.0,1229481.0,2610201.0,1229531.0
  response:
    body:
      string: '{"type": "FeatureCollection", "features": [{"type": "Feature", "id":
        8182116, "geometry": {"type": "Polygon", "coordinates": [[[2610006.354, 1229807.9],
        [2610052.161, 1229855.14], [2610083.262, 1229930.94], [2610204.265, 1230086.34],
        [2610256.167, 1230166.84], [2610315.669, 1230253.64], [2610363.87, 1230316.84],
        [2610421.272, 1230385.04], [2610467.023, 1230413.918], [2610501.236, 1230435.512],
        [2610535.423, 1230392.294], [2610500.544, 1230361.301], [2610494.244, 1230360.026],
        [2610493.322, 1230359.839], [2610486.68, 1230356.43], [2610461.359, 1230332.072],
        [2610451.795, 1230320.575], [2610450.523, 1230317.509], [2610451.284, 1230309.949],
        [2610448.604, 1230306.894], [2610427.952, 1230283.364], [2610402.105, 1230252.089],
        [2610380.313, 1230220.844], [2610366.436, 1230200.334], [2610360.72, 1230197.153],
        [2610360.273, 1230196.904], [2610356.658, 1230197.05], [2610351.45, 1230193.915],
        [2610344.812, 1230186.03], [2610338.42, 1230176.683], [2610333.383, 1230164.415],
        [2610330.145, 1230146.694], [2610320.87, 1230132.986], [2610317.211, 1230127.67],
        [2610306.876, 1230121.751], [2610297.959, 1230110.355], [2610290.938, 1230106.345],
        [2610279.073, 1230087.929], [2610275.651, 1230077.726], [2610280.508, 1230074.348],
        [2610274.648, 1230065.835], [2610263.87, 1230047.074], [2610252.593, 1230040.083],
        [2610242.841, 1230023.67], [2610238.942, 1230015.835], [2610236.846, 1230011.972],
        [2610236.552, 1230009.714], [2610240.154, 1230008.601], [2610239.826, 1230007.226],
        [2610237.403, 1230006.145], [2610234.928, 1230006.353], [2610228.982, 1229995.889],
        [2610228.423, 1229993.628], [2610227.742, 1229992.18], [2610227.61, 1229990.028],
        [2610227.027, 1229988.546], [2610225.204, 1229986.51], [2610224.582, 1229984.428],
        [2610224.42, 1229982.016], [2610224.197, 1229980.563], [2610224.796, 1229978.187],
        [2610224.928, 1229975.472], [2610222.624, 1229973.021], [2610221.302, 1229969.163],
        [2610220.669, 1229968.786], [2610219.456, 1229966.927], [2610219.361, 1229966.02],
        [2610219.374, 1229963.218], [2610218.74, 1229961.745], [2610218.908, 1229960.289],
        [2610217.945, 1229959.24], [2610216.504, 1229958.485], [2610215.736, 1229957.381],
        [2610214.739, 1229955.926], [2610213.796, 1229955.791], [2610213.915, 1229956.817],
        [2610215.143, 1229958.647], [2610215.062, 1229959.563], [2610214.433, 1229960.113],
        [2610213.624, 1229960.313], [2610212.92, 1229959.974], [2610210.596, 1229955.848],
        [2610208.286, 1229950.708], [2610207.278, 1229938.483], [2610204.708, 1229919.554],
        [2610203.029, 1229905.208], [2610202.752, 1229903.609], [2610186.734, 1229906.202],
        [2610187.24, 1229908.628], [2610185.714, 1229919.803], [2610181.303, 1229924.468],
        [2610176.459, 1229924.634], [2610170.832, 1229919.316], [2610163.058, 1229908.578],
        [2610148.263, 1229884.917], [2610133.722, 1229856.666], [2610133.467, 1229851.393],
        [2610115.465, 1229815.121], [2610101.749, 1229773.243], [2610091.282, 1229743.014],
        [2610085.882, 1229724.725], [2610084.712, 1229720.764], [2610079.871, 1229701.5],
        [2610080.058, 1229676.872], [2610087.003, 1229643.356], [2610094.606, 1229626.167],
        [2610100.493, 1229605.432], [2610113.865, 1229576.385], [2610132.27, 1229539.604],
        [2610133.535, 1229530.525], [2610143.12, 1229510.134], [2610148.336, 1229503.24],
        [2610164.138, 1229456.897], [2610167.913, 1229431.419], [2610166.447, 1229412.109],
        [2610183.701, 1229400.469], [2610188.672, 1229393.052], [2610208.491, 1229371.646],
        [2610222.587, 1229355.818], [2610238.11, 1229341.238], [2610236.625, 1229335.605],
        [2610224.9, 1229346.797], [2610219.375, 1229352.075], [2610205.088, 1229366.085],
        [2610181.036, 1229389.692], [2610173.705, 1229396.888], [2610179.051, 1229388.693],
        [2610182.512, 1229380.796], [2610187.286, 1229369.184], [2610195.088, 1229351.096],
        [2610203.187, 1229326.632], [2610210.299, 1229302.491], [2610211.712, 1229290.351],
        [2610216.224, 1229278.908], [2610202.96, 1229272.49], [2610189.693, 1229266.078],
        [2610189.664, 1229266.164], [2610030.801, 1229735.651], [2610006.354, 1229807.9]],
        [[2610249.528, 1230049.234], [2610250.629, 1230047.505], [2610250, 1230044.885],
        [2610251.311, 1230043.837], [2610255.767, 1230045.723], [2610258.1, 1230049.113],
        [2610261.667, 1230053.884], [2610265.233, 1230060.386], [2610269.147, 1230065.798],
        [2610271.048, 1230071.204], [2610272.196, 1230073.957], [2610271.409, 1230075.137],
        [2610270.065, 1230075.53], [2610268.983, 1230074.711], [2610267.705, 1230072.482],
        [2610262.849, 1230066.806], [2610262.062, 1230064.971], [2610260.62, 1230063.693],
        [2610258.965, 1230061.025], [2610254.928, 1230054.999], [2610252.516, 1230054.003],
        [2610249.528, 1230049.234]], [[2610293.351, 1230111.151], [2610294.651, 1230111.751],
        [2610296.591, 1230113.197], [2610299.795, 1230116.765], [2610303.164, 1230120.975],
        [2610305.774, 1230125.678], [2610305.691, 1230126.376], [2610305.938, 1230127.937],
        [2610305.548, 1230128.614], [2610304.335, 1230128.245], [2610302.158, 1230126.807],
        [2610298.562, 1230126.006], [2610297.617, 1230123.973], [2610297.537, 1230121.247],
        [2610293.745, 1230115.746], [2610293.351, 1230111.151]], [[2610309.085, 1230127.035],
        [2610309.447, 1230126.542], [2610311.427, 1230127.931], [2610313.662, 1230129.87],
        [2610317.114, 1230133.911], [2610318.298, 1230134.542], [2610318.495, 1230135.692],
        [2610322.538, 1230140.358], [2610325.498, 1230144.671], [2610325.794, 1230146.576],
        [2610327.438, 1230149.336], [2610328.391, 1230152.49], [2610328.457, 1230153.542],
        [2610328.227, 1230154.035], [2610327.668, 1230153.739], [2610326.841, 1230153.04],
        [2610326.151, 1230152.711], [2610324.047, 1230150.839], [2610316.026, 1230141.836],
        [2610313.457, 1230138.568], [2610311.189, 1230135.019], [2610309.874, 1230132.226],
        [2610309.545, 1230128.842], [2610309.085, 1230127.035]], [[2610310.727, 1230146.741],
        [2610311.148, 1230145.426], [2610312.674, 1230145.216], [2610314.674, 1230145.847],
        [2610316.831, 1230147.372], [2610319.462, 1230150.37], [2610321.672, 1230151.948],
        [2610322.62, 1230153.421], [2610325.724, 1230155.472], [2610328.25, 1230158.365],
        [2610328.742, 1230158.854], [2610328.671, 1230159.785], [2610328.04, 1230160.574],
        [2610328.04, 1230161.732], [2610326.356, 1230162.573], [2610325.251, 1230162.152],
        [2610324.409, 1230162.415], [2610320.357, 1230159.102], [2610316.41, 1230158.523],
        [2610313.411, 1230153.316], [2610312.253, 1230150.896], [2610310.727, 1230146.741]],
        [[2610357.084, 1230202.501], [2610357.875, 1230201.552], [2610359.932, 1230202.185],
        [2610361.725, 1230203.134], [2610364.151, 1230204.293], [2610366.893, 1230206.191],
        [2610369.926, 1230208.642], [2610372.93, 1230211.909], [2610376.017, 1230216.189],
        [2610377.703, 1230219.948], [2610377.703, 1230221.161], [2610376.754, 1230221.741],
        [2610373.59, 1230220.95], [2610369.793, 1230218.262], [2610366.313, 1230214.625],
        [2610362.938, 1230210.513], [2610360.196, 1230207.087], [2610357.084, 1230202.501]],
        [[2610363.241, 1230220.062], [2610363.558, 1230217.685], [2610365.143, 1230217.474],
        [2610366.623, 1230219.375], [2610367.416, 1230219.903], [2610368.79, 1230220.062],
        [2610369.582, 1230222.439], [2610371.855, 1230223.654], [2610374.286, 1230225.925],
        [2610376.188, 1230228.091], [2610377.509, 1230232.053], [2610377.509, 1230233.902],
        [2610376.981, 1230234.483], [2610375.871, 1230234.588], [2610374.497, 1230233.849],
        [2610373.123, 1230232], [2610369.318, 1230229.464], [2610367.469, 1230227.827],
        [2610366.147, 1230225.714], [2610364.298, 1230224.341], [2610363.241, 1230222.914],
        [2610363.241, 1230220.062]], [[2610381.312, 1230234.888], [2610381.478, 1230233.363],
        [2610382.009, 1230232.7], [2610384.266, 1230233.557], [2610386.79, 1230236.179],
        [2610390.677, 1230241.961], [2610394.695, 1230246.475], [2610398.746, 1230251.885],
        [2610399.045, 1230253.113], [2610401.37, 1230255.75], [2610403.918, 1230259.399],
        [2610403.748, 1230260.163], [2610407.824, 1230265.171], [2610407.909, 1230266.105],
        [2610405.871, 1230266.529], [2610402.984, 1230265.171], [2610399.757, 1230264.068],
        [2610397.549, 1230260.757], [2610397.549, 1230258.466], [2610394.577, 1230255.24],
        [2610392.284, 1230254.731], [2610388.718, 1230250.317], [2610387.283, 1230246.228],
        [2610385.923, 1230244.901], [2610385.16, 1230243.807], [2610383.601, 1230241.321],
        [2610383.369, 1230239.298], [2610382.772, 1230237.906], [2610381.843, 1230236.745],
        [2610381.312, 1230234.888]], [[2610406.47, 1230273.433], [2610406.969, 1230272.602],
        [2610407.9, 1230272.436], [2610409.031, 1230272.669], [2610414.618, 1230276.726],
        [2610416.748, 1230279.022], [2610416.881, 1230279.72], [2610420.64, 1230283.41],
        [2610421.804, 1230285.571], [2610423.101, 1230286.369], [2610428.289, 1230291.788],
        [2610429.453, 1230294.314], [2610430.783, 1230295.378], [2610431.349, 1230295.943],
        [2610431.249, 1230297.107], [2610430.684, 1230297.339], [2610428.223, 1230297.306],
        [2610427.258, 1230298.337], [2610425.993, 1230298.466], [2610425.128, 1230297.868],
        [2610424.496, 1230296.638], [2610423.731, 1230295.474], [2610421.869, 1230294.71],
        [2610419.175, 1230293.247], [2610417.545, 1230291.485], [2610416.647, 1230289.357],
        [2610415.849, 1230287.23], [2610415.15, 1230285.933], [2610413.986, 1230284.869],
        [2610412.623, 1230285.002], [2610409.064, 1230282.542], [2610408.066, 1230281.678],
        [2610407.334, 1230280.415], [2610407.068, 1230279.185], [2610406.47, 1230273.433]],
        [[2610433.452, 1230303.29], [2610433.494, 1230302.499], [2610433.931, 1230302.208],
        [2610434.597, 1230302.354], [2610435.847, 1230303.561], [2610436.7, 1230305.434],
        [2610438.595, 1230307.036], [2610440.177, 1230308.868], [2610440.614, 1230309.804],
        [2610442.363, 1230310.72], [2610444.029, 1230312.385], [2610445.299, 1230314.216],
        [2610445.257, 1230315.173], [2610444.341, 1230315.048], [2610442.509, 1230314.341],
        [2610442.113, 1230313.612], [2610441.031, 1230312.988], [2610439.657, 1230311.178],
        [2610438.178, 1230309.929], [2610436.721, 1230308.41], [2610433.91, 1230305.475],
        [2610433.452, 1230303.29]]]}, "properties": {"art_txt": "fliessendes Gewaesser"}}],
        "crs": {"type": "name", "properties": {"name": "urn:ogc:def:crs:EPSG::2056"}},
        "bbox": [2610006.354, 1229266.078, 2610535.423, 1230435.512]}

        '
    headers:
      Connection:
      - Keep-Alive
      Date:
      - Tue, 17 Sep 2024 13:44:04 GMT
      Keep-Alive:
      - timeout=10, max=300
      Server:
      - Kanton Solothurn
      Set-Cookie:
      - SCDID_S=C-L36v3B8j3A_nNfszZOclVQSPuck87i_CmVlGXucW1HvIwu62BRLg$$; path=/;
        Secure; HttpOnly
      access-control-allow-origin:
      - '*'
      content-length:
      - '10052'
      content-type:
      - application/json
    status:
      code: 200
      message: OK
- request:
    body: null
    headers:
      Accept:
      - '*/*'
      Accept-Encoding:
      - gzip, deflate
      Connection:
      - keep-alive
      User-Agent:
      - python-requests/2.32.3
    method: GET
    uri: https://api3.geo.admin.ch/rest/services/api/MapServer/identify?returnGeometry=False&sr=2056&mapExtent=0,0,0,0&tolerance=0&imageDisplay=0,0,0&layers=all:ch.bafu.bundesinventare-amphibien,ch.bafu.bundesinventare-amphibien_wanderobjekte,ch.bafu.bundesinventare-vogelreservate,ch.bafu.bundesinventare-auen,ch.bafu.bundesinventare-auen_anhang2,ch.bafu.bundesinventare-auen_vegetation_alpin,ch.bafu.bundesinventare-flachmoore,ch.bafu.bundesinventare-hochmoore,ch.bafu.bundesinventare-moorlandschaften,ch.bafu.bundesinventare-jagdbanngebiete,ch.bafu.bundesinventare-trockenwiesen_trockenweiden,ch.bafu.bundesinventare-trockenwiesen_trockenweiden_anhang2&geometryType=esriGeometryEnvelope&geometry=2610176.0,1229506.0,2610176.0,1229506.0
  response:
    body:
      string: '{"results": [{"layerBodId": "ch.bafu.bundesinventare-auen", "layerName":
        "Auengebiete", "featureId": 686, "id": 686, "attributes": {"name": "Emmenschachen",
        "objnummer": 45, "refobjblat": "https://data.geo.admin.ch/ch.bafu.bundesinventare-auen/objectsheets/2017revision/nr45.pdf",
        "auen_type": 3, "auen_type_de": "Fliessgew\u00e4sser", "auen_type_fr": "Cours
        d''eau", "auen_type_it": "Corso d''aqua", "shape_area": 149976.249018, "label":
        "Emmenschachen"}}]}'
    headers:
      Access-Control-Allow-Headers:
      - '*'
      Access-Control-Allow-Methods:
      - GET, HEAD, OPTIONS
      Access-Control-Allow-Origin:
      - '*'
      Cache-Control:
      - max-age=1800, public
      Connection:
      - keep-alive
      Content-Length:
      - '456'
      Content-Type:
      - application/json
      Date:
      - Tue, 17 Sep 2024 13:44:04 GMT
      Server:
      - Apache/2.4.59 (Debian)
      Via:
      - 1.1 b03c46754456cd1729ff37c2faafd4ec.cloudfront.net (CloudFront)
      X-Amz-Cf-Id:
      - aOI-fTB7c2Q8eWaxrUNNbLceaahS6uj8EcSpYjDr9UB_8gzNfdvbGA==
      X-Amz-Cf-Pop:
      - ZRH55-P1
      X-Cache:
      - Miss from cloudfront
      X-Ua-Compatible:
      - IE=Edge
    status:
      code: 200
      message: OK
- request:
    body: null
    headers:
      Accept:
      - '*/*'
      Accept-Encoding:
      - gzip, deflate
      Connection:
      - keep-alive
      User-Agent:
      - python-requests/2.32.3
    method: GET
    uri: https://api3.geo.admin.ch/rest/services/api/MapServer/identify?returnGeometry=False&sr=2056&mapExtent=0,0,0,0&tolerance=0&imageDisplay=0,0,0&layers=all:ch.bafu.bundesinventare-bln&geometryType=esriGeometryEnvelope&geometry=2610126.0,1229456.0,2610226.0,1229556.0
  response:
    body:
      string: '{"results": []}'
    headers:
      Access-Control-Allow-Headers:
      - '*'
      Access-Control-Allow-Methods:
      - GET, HEAD, OPTIONS
      Access-Control-Allow-Origin:
      - '*'
      Cache-Control:
      - max-age=1800, public
      Connection:
      - keep-alive
      Content-Length:
      - '15'
      Content-Type:
      - application/json
      Date:
      - Tue, 17 Sep 2024 13:44:04 GMT
      Server:
      - Apache/2.4.59 (Debian)
      Via:
      - 1.1 3c2af29a416fc74eb3d104df3f808fdc.cloudfront.net (CloudFront)
      X-Amz-Cf-Id:
      - PrysO_ej0Lla8Y7fjouj3YkcL-exyNUqqboxIBdpMTRNIUlsktHoUg==
      X-Amz-Cf-Pop:
      - ZRH55-P1
      X-Cache:
      - Miss from cloudfront
      X-Ua-Compatible:
      - IE=Edge
    status:
      code: 200
      message: OK
- request:
    body: null
    headers:
      Accept:
      - '*/*'
      Accept-Encoding:
      - gzip, deflate
      Connection:
      - keep-alive
      User-Agent:
      - python-requests/2.32.3
    method: GET
    uri: https://api3.geo.admin.ch/rest/services/api/MapServer/identify?returnGeometry=False&sr=2056&mapExtent=0,0,0,0&tolerance=0&imageDisplay=0,0,0&layers=all:ch.astra.ivs-nat,ch.astra.ivs-reg_loc&geometryType=esriGeometryEnvelope&geometry=2610151.0,1229481.0,2610201.0,1229531.0
  response:
    body:
      string: '{"results": []}'
    headers:
      Access-Control-Allow-Headers:
      - '*'
      Access-Control-Allow-Methods:
      - GET, HEAD, OPTIONS
      Access-Control-Allow-Origin:
      - '*'
      Cache-Control:
      - max-age=1800, public
      Connection:
      - keep-alive
      Content-Length:
      - '15'
      Content-Type:
      - application/json
      Date:
      - Tue, 17 Sep 2024 13:44:04 GMT
      Server:
      - Apache/2.4.59 (Debian)
      Via:
      - 1.1 fec5e83bcae9ab1295b776b3f64183d0.cloudfront.net (CloudFront)
      X-Amz-Cf-Id:
      - HuGLgf4Ke_0C5FobIliNAmEOxtQQL1w_nm1qFxMs8-q1wfwEVuVd8Q==
      X-Amz-Cf-Pop:
      - ZRH55-P1
      X-Cache:
      - Miss from cloudfront
      X-Ua-Compatible:
      - IE=Edge
    status:
      code: 200
      message: OK
version: 1
