interactions:
- request:
    body: geometry=2650228%2C1238860%2C2650230%2C1238862&layers=all&tolerance=0&mapExtent=2608986%2C1211613%2C2690520%2C1288912&geometryType=esriGeometryEnvelope&imageDisplay=10%2C10%2C96&returnGeometry=false&f=json
    headers:
      Accept:
      - '*/*'
      Accept-Encoding:
      - gzip, deflate
      Connection:
      - keep-alive
      Content-Length:
      - '205'
      Content-Type:
      - application/x-www-form-urlencoded
      User-Agent:
      - python-requests/2.32.3
    method: POST
    uri: https://www.ag.ch/geoportal/rest/services/afb_gischeck_diba/MapServer/identify
  response:
    body:
      string: "{\"results\":[{\"layerId\":1,\"layerName\":\"Gemeinden (Einzelfl\xE4chen)\",\"displayFieldName\":\"GEMEINDE\",\"value\":\"Oberkulm\",\"attributes\":{\"OBJECTID\":\"36\",\"GDENR\":\"4140\",\"GEMEINDE\":\"Oberkulm\",\"GEMEINDEZ\":\"Oberkulm\",\"GEMEINDEU\":\"Oberkulm\",\"BZNR\":\"1905\",\"BEZIRK\":\"Kulm\",\"KTNR\":\"19\",\"KANTON\":\"Aargau\",\"Shape\":\"Polygon\",\"SHAPE.STArea()\":\"9413301.319156\",\"SHAPE.STLength()\":\"15224.789428\"}},{\"layerId\":22,\"layerName\":\"AV:
        Parzellen\",\"displayFieldName\":\"NUMMER\",\"value\":\"83\",\"attributes\":{\"OBJECTID\":\"60849975\",\"FILEID\":\"175\",\"GDENR\":\"4140\",\"GDENRPARZ\":\"414000083\",\"NUMMER\":\"83\",\"EGRID\":\"CH768176397001\",\"ART\":\"Liegenschaft\",\"FLAECHE\":\"16564\",\"Shape\":\"Polygon\",\"SHAPE.STArea()\":\"16564.033629\",\"SHAPE.STLength()\":\"631.315566\"}},{\"layerId\":41,\"layerName\":\"\xDCberlagerte
        Schutzr\xE4ume f\xFCr Lebensr\xE4ume und Landschaften (ohne Gew\xE4sserraum)\",\"displayFieldName\":\"NameNummer\",\"value\":\"37167\",\"attributes\":{\"OBJECTID\":\"37167\",\"GDENR\":\"Oberkulm
        4140\",\"HNCode\":\"52\",\"HNBez\":\"\xDCberlagernde Schutzzonen f\xFCr Lebensr\xE4ume
        und Landschaften\",\"KTCode\":\"5211\",\"KTAbk\":\"LS\",\"KTBez\":\"Landschaftsschutzzone\",\"KTVerb\":\"Nutzungsplanfestlegung\",\"GDECode\":\"521101\",\"GDEBez\":\"Landschaftsschutzzone\",\"GDEAbk\":\"LSZ\",\"GDEZweck\":\"Null\",\"GDEVerb\":\"Nutzungsplanfestlegung\",\"NameNummer\":\"Null\",\"Rechtsstatus\":\"inKraft\",\"RRBNr\":\"1994-000492\",\"GeschNr\":\"BVUARE.86.440\",\"Bemerkungen\":\"Null\",\"KTLabel\":\"Null\",\"KTAAbk\":\"S\",\"Geolink\":\"3111\",\"Link\":\"https://oereblex.ag.ch/api/geolinks/3111.html\",\"OEREBexport\":\"ja\",\"OEREBexport_GWR\":\"nein\",\"SHAPE\":\"Polygon\",\"SHAPE.STArea()\":\"1258957.915253\",\"SHAPE.STLength()\":\"21543.157655\"}},{\"layerId\":43,\"layerName\":\"Gesch\xFCtzte
        Naturobjekte im Kulturlandplan\",\"displayFieldName\":\"NameNummer\",\"value\":\"Baum,
        Baumgruppe, Allee\",\"attributes\":{\"OBJECTID\":\"2763\",\"GDENR\":\"Oberkulm
        4140\",\"HNCode\":\"81\",\"HNBez\":\"Naturobjekte\",\"KTCode\":\"8121\",\"KTAbk\":\"EBkl\",\"KTBez\":\"Einzelbaum,
        gesch\xFCtzt\",\"KTVerb\":\"Nutzungsplanfestlegung\",\"GDECode\":\"812101\",\"GDEBez\":\"Einzelbaum
        ausserhalb Baugebiet\",\"GDEAbk\":\"EKl\",\"GDEZweck\":\"Null\",\"GDEVerb\":\"Nutzungsplanfestlegung\",\"NameNummer\":\"Baum,
        Baumgruppe, Allee\",\"Rechtsstatus\":\"inKraft\",\"RRBNr\":\"1994-000492\",\"GeschNr\":\"BVUARE.86.440\",\"Bemerkungen\":\"Null\",\"SHAPE\":\"Point\",\"KTLabel\":\"Null\",\"KTAAbk\":\"NO\",\"Geolink\":\"3111\",\"Link\":\"https://oereblex.ag.ch/api/geolinks/3111.html\",\"OEREBexport\":\"ja\"}},{\"layerId\":92,\"layerName\":\"Grundwasserschutzzonen\",\"displayFieldName\":\"NUMMER\",\"value\":\"030.089\",\"attributes\":{\"OBJECTID\":\"2230\",\"NUMMER\":\"030.089\",\"TYP\":\"S2\",\"TYPKANT\":\"S2\",\"ISTARECHT\":\"falsch\",\"RECHTSSTAT\":\"inKraft\",\"RECHTDATUM\":\"14.11.2022\",\"BEMSTATUS\":\"Null\",\"GEOLINK\":\"514\",\"BEZEICHNUNG\":\"Quellwasserfassungen
        Fornen, Stammling, Br\xF6nni, Beidel, R\xFCti, Cheeslih\xFCbel, Untere Br\xFCel,
        Hintere Br\xFCel und Obere Br\xFCel\",\"OEREBexport\":\"ja\",\"Shape\":\"Polygon\",\"SHAPE.STArea()\":\"45365.32645\",\"SHAPE.STLength()\":\"1203.928626\"}},{\"layerId\":93,\"layerName\":\"Gew\xE4sserschutzbereich
        Au\",\"displayFieldName\":\"TYP\",\"value\":\"Au\",\"attributes\":{\"OBJECTID_1\":\"45\",\"OBJECTID\":\"6\",\"TYP\":\"Au\",\"Shape\":\"Polygon\",\"SHAPE.STArea()\":\"418252121.725739\",\"SHAPE.STLength()\":\"942348.004738\"}},{\"layerId\":147,\"layerName\":\"Kulturlandplan:
        zusammengefasste Legende (6 Kategorien)\",\"displayFieldName\":\"NameNummer\",\"value\":\"154659\",\"attributes\":{\"OBJECTID\":\"154659\",\"GDENR\":\"Oberkulm
        4140\",\"HNCode\":\"21\",\"HNBez\":\"Allgemeine Landwirtschaftszonen\",\"KTAAbk\":\"Landwirtschaftszonen\",\"KTCode\":\"2111\",\"KTAbk\":\"AL\",\"KTBez\":\"Allgemeine
        Landwirtschaftszone\",\"KTVerb\":\"Nutzungsplanfestlegung\",\"GDECode\":\"211101\",\"GDEBez\":\"Landwirtschaftszone
        I\",\"GDEAbk\":\"LWZI\",\"GDEZweck\":\"Null\",\"GDEVerb\":\"Nutzungsplanfestlegung\",\"AZmin\":\"Null\",\"AZmax\":\"Null\",\"BMZmin\":\"Null\",\"BMZmax\":\"Null\",\"GFZmin\":\"Null\",\"GFZmax\":\"Null\",\"UEZmin\":\"Null\",\"UEZmax\":\"Null\",\"GZ\":\"Null\",\"WNZ\":\"Null\",\"NameNummer\":\"Null\",\"ES\":\"keine_ES\",\"ES_aufgest\":\"nein\",\"Strasse\":\"Null\",\"Rechtsstatus\":\"inKraft\",\"RRBNr\":\"1994-000492\",\"Bemerkung\":\"Null\",\"GeschNr\":\"BVUARE.86.440\",\"UB\":\"Null\",\"KTLabel\":\"Null\",\"Geolink\":\"3111\",\"Geolink_ES\":\"Null\",\"Link\":\"https://oereblex.ag.ch/api/geolinks/3111.html\",\"OEREBexport\":\"ja\",\"OEREBexport_ES\":\"nein\",\"OEREBexport_GWR\":\"nein\",\"Shape\":\"Polygon\",\"Shape.STArea()\":\"1964426.408708\",\"Shape.STLength()\":\"28852.084518\"}}]}"
    headers:
      Access-Control-Allow-Headers:
      - '*'
      Cache-Control:
      - must-revalidate,max-age=0,public
      Connection:
      - Keep-Alive
      Content-Encoding:
      - gzip
      Content-Length:
      - '1396'
      Content-Type:
      - application/json; charset=UTF-8
      Date:
      - Tue, 21 Jan 2025 13:41:23 GMT
      ETag:
      - '"15bb80cb"'
      Keep-Alive:
      - timeout=5, max=100
      Set-Cookie:
      - AGS_ROLES="wHTy1P0sKwtYMcMhA2WNy9xVE9RNTUGZ5dGP4eL4RKNLyXb5UA9YkA=="; Version=1;
        Max-Age=60; Expires=Tue, 21 Jan 2025 13:42:22 GMT; Path=/geoportal/rest; HttpOnly
      - XWAF=1791920065.47873.0000; path=/; Httponly; Secure
      - 'TS014419e9=0100bce510eae4a75798d5dea48b19e8ee417ed4abfd55cceccbe2570ed06315b3215c3fa754afcf680ef3bdf16aa2c6a87728a068c72906ace202d6d7c40ef821ccb4d224;
        Path=/; Domain=.www.ag.ch; '
      - TS01975bae=0100bce5108c08682df2527941b9a701e23f0532e6fd55cceccbe2570ed06315b3215c3fa77c1e8422eb50bb0ba2b92e87dbbed7ce5393d81070ec81e614223ca3c1e490a5;
        path=/geoportal/rest
      Strict-Transport-Security:
      - max-age=16070400; includeSubDomains
      Vary:
      - Origin
      X-Content-Type-Options:
      - nosniff
    status:
      code: 200
      message: OK
- request:
    body: geometry=2650209%2C1238841%2C2650249%2C1238881&layers=all&tolerance=0&mapExtent=2608986%2C1211613%2C2690520%2C1288912&geometryType=esriGeometryEnvelope&imageDisplay=10%2C10%2C96&returnGeometry=false&f=json
    headers:
      Accept:
      - '*/*'
      Accept-Encoding:
      - gzip, deflate
      Connection:
      - keep-alive
      Content-Length:
      - '205'
      Content-Type:
      - application/x-www-form-urlencoded
      Cookie:
      - AGS_ROLES="wHTy1P0sKwtYMcMhA2WNy9xVE9RNTUGZ5dGP4eL4RKNLyXb5UA9YkA=="; TS01975bae=0100bce5108c08682df2527941b9a701e23f0532e6fd55cceccbe2570ed06315b3215c3fa77c1e8422eb50bb0ba2b92e87dbbed7ce5393d81070ec81e614223ca3c1e490a5;
        TS014419e9=0100bce510eae4a75798d5dea48b19e8ee417ed4abfd55cceccbe2570ed06315b3215c3fa754afcf680ef3bdf16aa2c6a87728a068c72906ace202d6d7c40ef821ccb4d224;
        XWAF=1791920065.47873.0000
      User-Agent:
      - python-requests/2.32.3
    method: POST
    uri: https://www.ag.ch/geoportal/rest/services/afb_gischeck_diba/MapServer/identify
  response:
    body:
      string: "{\"results\":[{\"layerId\":1,\"layerName\":\"Gemeinden (Einzelfl\xE4chen)\",\"displayFieldName\":\"GEMEINDE\",\"value\":\"Oberkulm\",\"attributes\":{\"OBJECTID\":\"36\",\"GDENR\":\"4140\",\"GEMEINDE\":\"Oberkulm\",\"GEMEINDEZ\":\"Oberkulm\",\"GEMEINDEU\":\"Oberkulm\",\"BZNR\":\"1905\",\"BEZIRK\":\"Kulm\",\"KTNR\":\"19\",\"KANTON\":\"Aargau\",\"Shape\":\"Polygon\",\"SHAPE.STArea()\":\"9413301.319156\",\"SHAPE.STLength()\":\"15224.789428\"}},{\"layerId\":22,\"layerName\":\"AV:
        Parzellen\",\"displayFieldName\":\"NUMMER\",\"value\":\"88\",\"attributes\":{\"OBJECTID\":\"60848703\",\"FILEID\":\"175\",\"GDENR\":\"4140\",\"GDENRPARZ\":\"414000088\",\"NUMMER\":\"88\",\"EGRID\":\"CH368176397139\",\"ART\":\"Liegenschaft\",\"FLAECHE\":\"55440\",\"Shape\":\"Polygon\",\"SHAPE.STArea()\":\"55439.982737\",\"SHAPE.STLength()\":\"1568.665324\"}},{\"layerId\":22,\"layerName\":\"AV:
        Parzellen\",\"displayFieldName\":\"NUMMER\",\"value\":\"12\",\"attributes\":{\"OBJECTID\":\"60848588\",\"FILEID\":\"175\",\"GDENR\":\"4140\",\"GDENRPARZ\":\"414000012\",\"NUMMER\":\"12\",\"EGRID\":\"CH457176813968\",\"ART\":\"Liegenschaft\",\"FLAECHE\":\"119954\",\"Shape\":\"Polygon\",\"SHAPE.STArea()\":\"119954.310366\",\"SHAPE.STLength()\":\"2631.851661\"}},{\"layerId\":22,\"layerName\":\"AV:
        Parzellen\",\"displayFieldName\":\"NUMMER\",\"value\":\"83\",\"attributes\":{\"OBJECTID\":\"60849975\",\"FILEID\":\"175\",\"GDENR\":\"4140\",\"GDENRPARZ\":\"414000083\",\"NUMMER\":\"83\",\"EGRID\":\"CH768176397001\",\"ART\":\"Liegenschaft\",\"FLAECHE\":\"16564\",\"Shape\":\"Polygon\",\"SHAPE.STArea()\":\"16564.033629\",\"SHAPE.STLength()\":\"631.315566\"}},{\"layerId\":41,\"layerName\":\"\xDCberlagerte
        Schutzr\xE4ume f\xFCr Lebensr\xE4ume und Landschaften (ohne Gew\xE4sserraum)\",\"displayFieldName\":\"NameNummer\",\"value\":\"37167\",\"attributes\":{\"OBJECTID\":\"37167\",\"GDENR\":\"Oberkulm
        4140\",\"HNCode\":\"52\",\"HNBez\":\"\xDCberlagernde Schutzzonen f\xFCr Lebensr\xE4ume
        und Landschaften\",\"KTCode\":\"5211\",\"KTAbk\":\"LS\",\"KTBez\":\"Landschaftsschutzzone\",\"KTVerb\":\"Nutzungsplanfestlegung\",\"GDECode\":\"521101\",\"GDEBez\":\"Landschaftsschutzzone\",\"GDEAbk\":\"LSZ\",\"GDEZweck\":\"Null\",\"GDEVerb\":\"Nutzungsplanfestlegung\",\"NameNummer\":\"Null\",\"Rechtsstatus\":\"inKraft\",\"RRBNr\":\"1994-000492\",\"GeschNr\":\"BVUARE.86.440\",\"Bemerkungen\":\"Null\",\"KTLabel\":\"Null\",\"KTAAbk\":\"S\",\"Geolink\":\"3111\",\"Link\":\"https://oereblex.ag.ch/api/geolinks/3111.html\",\"OEREBexport\":\"ja\",\"OEREBexport_GWR\":\"nein\",\"SHAPE\":\"Polygon\",\"SHAPE.STArea()\":\"1258957.915253\",\"SHAPE.STLength()\":\"21543.157655\"}},{\"layerId\":43,\"layerName\":\"Gesch\xFCtzte
        Naturobjekte im Kulturlandplan\",\"displayFieldName\":\"NameNummer\",\"value\":\"Baum,
        Baumgruppe, Allee\",\"attributes\":{\"OBJECTID\":\"2763\",\"GDENR\":\"Oberkulm
        4140\",\"HNCode\":\"81\",\"HNBez\":\"Naturobjekte\",\"KTCode\":\"8121\",\"KTAbk\":\"EBkl\",\"KTBez\":\"Einzelbaum,
        gesch\xFCtzt\",\"KTVerb\":\"Nutzungsplanfestlegung\",\"GDECode\":\"812101\",\"GDEBez\":\"Einzelbaum
        ausserhalb Baugebiet\",\"GDEAbk\":\"EKl\",\"GDEZweck\":\"Null\",\"GDEVerb\":\"Nutzungsplanfestlegung\",\"NameNummer\":\"Baum,
        Baumgruppe, Allee\",\"Rechtsstatus\":\"inKraft\",\"RRBNr\":\"1994-000492\",\"GeschNr\":\"BVUARE.86.440\",\"Bemerkungen\":\"Null\",\"SHAPE\":\"Point\",\"KTLabel\":\"Null\",\"KTAAbk\":\"NO\",\"Geolink\":\"3111\",\"Link\":\"https://oereblex.ag.ch/api/geolinks/3111.html\",\"OEREBexport\":\"ja\"}},{\"layerId\":61,\"layerName\":\"Waldgrenze\",\"displayFieldName\":\"Gemeinde\",\"value\":\"Oberkulm\",\"attributes\":{\"OBJECTID\":\"2790017\",\"FILEID\":\"175\",\"GDENR\":\"4140\",\"Gemeinde\":\"Oberkulm\",\"Rechtskrft\":\"20190930\",\"Status\":\"gueltig\",\"LinArt\":\"ausgezogen\",\"ArtWG\":\"ausserhalb_Bauzonen\",\"Code\":\"1\",\"Bezeich\":\"4140\",\"Verbindl\":\"Nutzungsplanfestlegung\",\"NWaldstr\":\"nein\",\"Geolink\":\"75\",\"OEREBexport\":\"ja\",\"Shape\":\"Polyline\",\"Shape.STLength()\":\"2017.258575\"}},{\"layerId\":92,\"layerName\":\"Grundwasserschutzzonen\",\"displayFieldName\":\"NUMMER\",\"value\":\"030.089\",\"attributes\":{\"OBJECTID\":\"2230\",\"NUMMER\":\"030.089\",\"TYP\":\"S2\",\"TYPKANT\":\"S2\",\"ISTARECHT\":\"falsch\",\"RECHTSSTAT\":\"inKraft\",\"RECHTDATUM\":\"14.11.2022\",\"BEMSTATUS\":\"Null\",\"GEOLINK\":\"514\",\"BEZEICHNUNG\":\"Quellwasserfassungen
        Fornen, Stammling, Br\xF6nni, Beidel, R\xFCti, Cheeslih\xFCbel, Untere Br\xFCel,
        Hintere Br\xFCel und Obere Br\xFCel\",\"OEREBexport\":\"ja\",\"Shape\":\"Polygon\",\"SHAPE.STArea()\":\"45365.32645\",\"SHAPE.STLength()\":\"1203.928626\"}},{\"layerId\":92,\"layerName\":\"Grundwasserschutzzonen\",\"displayFieldName\":\"NUMMER\",\"value\":\"030.089\",\"attributes\":{\"OBJECTID\":\"2231\",\"NUMMER\":\"030.089\",\"TYP\":\"S3\",\"TYPKANT\":\"S3\",\"ISTARECHT\":\"falsch\",\"RECHTSSTAT\":\"inKraft\",\"RECHTDATUM\":\"14.11.2022\",\"BEMSTATUS\":\"Null\",\"GEOLINK\":\"514\",\"BEZEICHNUNG\":\"Quellwasserfassungen
        Fornen, Stammling, Br\xF6nni, Beidel, R\xFCti, Cheeslih\xFCbel, Untere Br\xFCel,
        Hintere Br\xFCel und Obere Br\xFCel\",\"OEREBexport\":\"ja\",\"Shape\":\"Polygon\",\"SHAPE.STArea()\":\"42070.651999\",\"SHAPE.STLength()\":\"1377.565716\"}},{\"layerId\":93,\"layerName\":\"Gew\xE4sserschutzbereich
        Au\",\"displayFieldName\":\"TYP\",\"value\":\"Au\",\"attributes\":{\"OBJECTID_1\":\"45\",\"OBJECTID\":\"6\",\"TYP\":\"Au\",\"Shape\":\"Polygon\",\"SHAPE.STArea()\":\"418252121.725739\",\"SHAPE.STLength()\":\"942348.004738\"}},{\"layerId\":134,\"layerName\":\"Gefahrenhinweiskarte:
        Prozess permanente Rutschungen\",\"displayFieldName\":\"quelle\",\"value\":\"3\",\"attributes\":{\"OBJECTID\":\"1002\",\"quelle\":\"3\",\"Klasse\":\"permanenter
        Rutsch\",\"PERMARU_ID\":\"1002\",\"SHAPE\":\"Polygon\",\"SHAPE.STArea()\":\"154066.709084\",\"SHAPE.STLength()\":\"1734.082467\"}},{\"layerId\":147,\"layerName\":\"Kulturlandplan:
        zusammengefasste Legende (6 Kategorien)\",\"displayFieldName\":\"NameNummer\",\"value\":\"154659\",\"attributes\":{\"OBJECTID\":\"154659\",\"GDENR\":\"Oberkulm
        4140\",\"HNCode\":\"21\",\"HNBez\":\"Allgemeine Landwirtschaftszonen\",\"KTAAbk\":\"Landwirtschaftszonen\",\"KTCode\":\"2111\",\"KTAbk\":\"AL\",\"KTBez\":\"Allgemeine
        Landwirtschaftszone\",\"KTVerb\":\"Nutzungsplanfestlegung\",\"GDECode\":\"211101\",\"GDEBez\":\"Landwirtschaftszone
        I\",\"GDEAbk\":\"LWZI\",\"GDEZweck\":\"Null\",\"GDEVerb\":\"Nutzungsplanfestlegung\",\"AZmin\":\"Null\",\"AZmax\":\"Null\",\"BMZmin\":\"Null\",\"BMZmax\":\"Null\",\"GFZmin\":\"Null\",\"GFZmax\":\"Null\",\"UEZmin\":\"Null\",\"UEZmax\":\"Null\",\"GZ\":\"Null\",\"WNZ\":\"Null\",\"NameNummer\":\"Null\",\"ES\":\"keine_ES\",\"ES_aufgest\":\"nein\",\"Strasse\":\"Null\",\"Rechtsstatus\":\"inKraft\",\"RRBNr\":\"1994-000492\",\"Bemerkung\":\"Null\",\"GeschNr\":\"BVUARE.86.440\",\"UB\":\"Null\",\"KTLabel\":\"Null\",\"Geolink\":\"3111\",\"Geolink_ES\":\"Null\",\"Link\":\"https://oereblex.ag.ch/api/geolinks/3111.html\",\"OEREBexport\":\"ja\",\"OEREBexport_ES\":\"nein\",\"OEREBexport_GWR\":\"nein\",\"Shape\":\"Polygon\",\"Shape.STArea()\":\"1964426.408708\",\"Shape.STLength()\":\"28852.084518\"}},{\"layerId\":147,\"layerName\":\"Kulturlandplan:
        zusammengefasste Legende (6 Kategorien)\",\"displayFieldName\":\"NameNummer\",\"value\":\"28114\",\"attributes\":{\"OBJECTID\":\"28114\",\"GDENR\":\"Oberkulm
        4140\",\"HNCode\":\"44\",\"HNBez\":\"Wald\",\"KTAAbk\":\"Wald\",\"KTCode\":\"4491\",\"KTAbk\":\"Wa\",\"KTBez\":\"Wald\",\"KTVerb\":\"Orientierungsinhalt\",\"GDECode\":\"449101\",\"GDEBez\":\"Wald\",\"GDEAbk\":\"Wald\",\"GDEZweck\":\"Null\",\"GDEVerb\":\"orientierend\",\"AZmin\":\"Null\",\"AZmax\":\"Null\",\"BMZmin\":\"Null\",\"BMZmax\":\"Null\",\"GFZmin\":\"Null\",\"GFZmax\":\"Null\",\"UEZmin\":\"Null\",\"UEZmax\":\"Null\",\"GZ\":\"Null\",\"WNZ\":\"Null\",\"NameNummer\":\"Null\",\"ES\":\"keine_ES\",\"ES_aufgest\":\"nein\",\"Strasse\":\"nein\",\"Rechtsstatus\":\"inKraft\",\"RRBNr\":\"1994-000492\",\"Bemerkung\":\"Null\",\"GeschNr\":\"BVUARE.86.440\",\"UB\":\"Null\",\"KTLabel\":\"Null\",\"Geolink\":\"3111\",\"Geolink_ES\":\"Null\",\"Link\":\"https://oereblex.ag.ch/api/geolinks/3111.html\",\"OEREBexport\":\"nein\",\"OEREBexport_ES\":\"nein\",\"OEREBexport_GWR\":\"nein\",\"Shape\":\"Polygon\",\"Shape.STArea()\":\"67347.229953\",\"Shape.STLength()\":\"2011.774547\"}}]}"
    headers:
      Access-Control-Allow-Headers:
      - '*'
      Cache-Control:
      - must-revalidate,max-age=0,public
      Connection:
      - Keep-Alive
      Content-Encoding:
      - gzip
      Content-Length:
      - '1886'
      Content-Type:
      - application/json; charset=UTF-8
      Date:
      - Tue, 21 Jan 2025 13:41:24 GMT
      ETag:
      - '"776de557"'
      Keep-Alive:
      - timeout=5, max=100
      Set-Cookie:
      - AGS_ROLES="wHTy1P0sKwtYMcMhA2WNy9xVE9RNTUGZ5dGP4eL4RKNLyXb5UA9YkA=="; Version=1;
        Max-Age=60; Expires=Tue, 21 Jan 2025 13:42:23 GMT; Path=/geoportal/rest; HttpOnly
      - XWAF=1791920065.47873.0000; path=/; Httponly; Secure
      - 'TS014419e9=0100bce510eae4a75798d5dea48b19e8ee417ed4abfd55cceccbe2570ed06315b3215c3fa754afcf680ef3bdf16aa2c6a87728a068c72906ace202d6d7c40ef821ccb4d224;
        Path=/; Domain=.www.ag.ch; '
      - TS01975bae=0100bce5108c08682df2527941b9a701e23f0532e6fd55cceccbe2570ed06315b3215c3fa77c1e8422eb50bb0ba2b92e87dbbed7ce5393d81070ec81e614223ca3c1e490a5;
        path=/geoportal/rest
      Strict-Transport-Security:
      - max-age=16070400; includeSubDomains
      Vary:
      - Origin
      X-Content-Type-Options:
      - nosniff
    status:
      code: 200
      message: OK
- request:
    body: geometry=2650228%2C1238860%2C2650230%2C1238862&layers=all&tolerance=0&mapExtent=2608986%2C1211613%2C2690520%2C1288912&geometryType=esriGeometryEnvelope&imageDisplay=10%2C10%2C96&returnGeometry=false&f=json
    headers:
      Accept:
      - '*/*'
      Accept-Encoding:
      - gzip, deflate
      Connection:
      - keep-alive
      Content-Length:
      - '205'
      Content-Type:
      - application/x-www-form-urlencoded
      User-Agent:
      - python-requests/2.32.3
    method: POST
    uri: https://www.ag.ch/geoportal/rest/services/afb_gischeck_diba/MapServer/identify
  response:
    body:
      string: "{\"results\":[{\"layerId\":1,\"layerName\":\"Gemeinden (Einzelfl\xE4chen)\",\"displayFieldName\":\"GEMEINDE\",\"value\":\"Oberkulm\",\"attributes\":{\"OBJECTID\":\"36\",\"GDENR\":\"4140\",\"GEMEINDE\":\"Oberkulm\",\"GEMEINDEZ\":\"Oberkulm\",\"GEMEINDEU\":\"Oberkulm\",\"BZNR\":\"1905\",\"BEZIRK\":\"Kulm\",\"KTNR\":\"19\",\"KANTON\":\"Aargau\",\"Shape\":\"Polygon\",\"SHAPE.STArea()\":\"9413301.319156\",\"SHAPE.STLength()\":\"15224.789428\"}},{\"layerId\":22,\"layerName\":\"AV:
        Parzellen\",\"displayFieldName\":\"NUMMER\",\"value\":\"83\",\"attributes\":{\"OBJECTID\":\"60849975\",\"FILEID\":\"175\",\"GDENR\":\"4140\",\"GDENRPARZ\":\"414000083\",\"NUMMER\":\"83\",\"EGRID\":\"CH768176397001\",\"ART\":\"Liegenschaft\",\"FLAECHE\":\"16564\",\"Shape\":\"Polygon\",\"SHAPE.STArea()\":\"16564.033629\",\"SHAPE.STLength()\":\"631.315566\"}},{\"layerId\":41,\"layerName\":\"\xDCberlagerte
        Schutzr\xE4ume f\xFCr Lebensr\xE4ume und Landschaften (ohne Gew\xE4sserraum)\",\"displayFieldName\":\"NameNummer\",\"value\":\"37167\",\"attributes\":{\"OBJECTID\":\"37167\",\"GDENR\":\"Oberkulm
        4140\",\"HNCode\":\"52\",\"HNBez\":\"\xDCberlagernde Schutzzonen f\xFCr Lebensr\xE4ume
        und Landschaften\",\"KTCode\":\"5211\",\"KTAbk\":\"LS\",\"KTBez\":\"Landschaftsschutzzone\",\"KTVerb\":\"Nutzungsplanfestlegung\",\"GDECode\":\"521101\",\"GDEBez\":\"Landschaftsschutzzone\",\"GDEAbk\":\"LSZ\",\"GDEZweck\":\"Null\",\"GDEVerb\":\"Nutzungsplanfestlegung\",\"NameNummer\":\"Null\",\"Rechtsstatus\":\"inKraft\",\"RRBNr\":\"1994-000492\",\"GeschNr\":\"BVUARE.86.440\",\"Bemerkungen\":\"Null\",\"KTLabel\":\"Null\",\"KTAAbk\":\"S\",\"Geolink\":\"3111\",\"Link\":\"https://oereblex.ag.ch/api/geolinks/3111.html\",\"OEREBexport\":\"ja\",\"OEREBexport_GWR\":\"nein\",\"SHAPE\":\"Polygon\",\"SHAPE.STArea()\":\"1258957.915253\",\"SHAPE.STLength()\":\"21543.157655\"}},{\"layerId\":43,\"layerName\":\"Gesch\xFCtzte
        Naturobjekte im Kulturlandplan\",\"displayFieldName\":\"NameNummer\",\"value\":\"Baum,
        Baumgruppe, Allee\",\"attributes\":{\"OBJECTID\":\"2763\",\"GDENR\":\"Oberkulm
        4140\",\"HNCode\":\"81\",\"HNBez\":\"Naturobjekte\",\"KTCode\":\"8121\",\"KTAbk\":\"EBkl\",\"KTBez\":\"Einzelbaum,
        gesch\xFCtzt\",\"KTVerb\":\"Nutzungsplanfestlegung\",\"GDECode\":\"812101\",\"GDEBez\":\"Einzelbaum
        ausserhalb Baugebiet\",\"GDEAbk\":\"EKl\",\"GDEZweck\":\"Null\",\"GDEVerb\":\"Nutzungsplanfestlegung\",\"NameNummer\":\"Baum,
        Baumgruppe, Allee\",\"Rechtsstatus\":\"inKraft\",\"RRBNr\":\"1994-000492\",\"GeschNr\":\"BVUARE.86.440\",\"Bemerkungen\":\"Null\",\"SHAPE\":\"Point\",\"KTLabel\":\"Null\",\"KTAAbk\":\"NO\",\"Geolink\":\"3111\",\"Link\":\"https://oereblex.ag.ch/api/geolinks/3111.html\",\"OEREBexport\":\"ja\"}},{\"layerId\":92,\"layerName\":\"Grundwasserschutzzonen\",\"displayFieldName\":\"NUMMER\",\"value\":\"030.089\",\"attributes\":{\"OBJECTID\":\"2230\",\"NUMMER\":\"030.089\",\"TYP\":\"S2\",\"TYPKANT\":\"S2\",\"ISTARECHT\":\"falsch\",\"RECHTSSTAT\":\"inKraft\",\"RECHTDATUM\":\"14.11.2022\",\"BEMSTATUS\":\"Null\",\"GEOLINK\":\"514\",\"BEZEICHNUNG\":\"Quellwasserfassungen
        Fornen, Stammling, Br\xF6nni, Beidel, R\xFCti, Cheeslih\xFCbel, Untere Br\xFCel,
        Hintere Br\xFCel und Obere Br\xFCel\",\"OEREBexport\":\"ja\",\"Shape\":\"Polygon\",\"SHAPE.STArea()\":\"45365.32645\",\"SHAPE.STLength()\":\"1203.928626\"}},{\"layerId\":93,\"layerName\":\"Gew\xE4sserschutzbereich
        Au\",\"displayFieldName\":\"TYP\",\"value\":\"Au\",\"attributes\":{\"OBJECTID_1\":\"45\",\"OBJECTID\":\"6\",\"TYP\":\"Au\",\"Shape\":\"Polygon\",\"SHAPE.STArea()\":\"418252121.725739\",\"SHAPE.STLength()\":\"942348.004738\"}},{\"layerId\":147,\"layerName\":\"Kulturlandplan:
        zusammengefasste Legende (6 Kategorien)\",\"displayFieldName\":\"NameNummer\",\"value\":\"154659\",\"attributes\":{\"OBJECTID\":\"154659\",\"GDENR\":\"Oberkulm
        4140\",\"HNCode\":\"21\",\"HNBez\":\"Allgemeine Landwirtschaftszonen\",\"KTAAbk\":\"Landwirtschaftszonen\",\"KTCode\":\"2111\",\"KTAbk\":\"AL\",\"KTBez\":\"Allgemeine
        Landwirtschaftszone\",\"KTVerb\":\"Nutzungsplanfestlegung\",\"GDECode\":\"211101\",\"GDEBez\":\"Landwirtschaftszone
        I\",\"GDEAbk\":\"LWZI\",\"GDEZweck\":\"Null\",\"GDEVerb\":\"Nutzungsplanfestlegung\",\"AZmin\":\"Null\",\"AZmax\":\"Null\",\"BMZmin\":\"Null\",\"BMZmax\":\"Null\",\"GFZmin\":\"Null\",\"GFZmax\":\"Null\",\"UEZmin\":\"Null\",\"UEZmax\":\"Null\",\"GZ\":\"Null\",\"WNZ\":\"Null\",\"NameNummer\":\"Null\",\"ES\":\"keine_ES\",\"ES_aufgest\":\"nein\",\"Strasse\":\"Null\",\"Rechtsstatus\":\"inKraft\",\"RRBNr\":\"1994-000492\",\"Bemerkung\":\"Null\",\"GeschNr\":\"BVUARE.86.440\",\"UB\":\"Null\",\"KTLabel\":\"Null\",\"Geolink\":\"3111\",\"Geolink_ES\":\"Null\",\"Link\":\"https://oereblex.ag.ch/api/geolinks/3111.html\",\"OEREBexport\":\"ja\",\"OEREBexport_ES\":\"nein\",\"OEREBexport_GWR\":\"nein\",\"Shape\":\"Polygon\",\"Shape.STArea()\":\"1964426.408708\",\"Shape.STLength()\":\"28852.084518\"}}]}"
    headers:
      Access-Control-Allow-Headers:
      - '*'
      Cache-Control:
      - must-revalidate,max-age=0,public
      Connection:
      - Keep-Alive
      Content-Encoding:
      - gzip
      Content-Length:
      - '1396'
      Content-Type:
      - application/json; charset=UTF-8
      Date:
      - Tue, 21 Jan 2025 14:08:53 GMT
      ETag:
      - '"15bb80cb"'
      Keep-Alive:
      - timeout=5, max=100
      Set-Cookie:
      - AGS_ROLES="wHTy1P0sKwtYMcMhA2WNy9xVE9RNTUGZ5dGP4eL4RKNLyXb5UA9YkA=="; Version=1;
        Max-Age=60; Expires=Tue, 21 Jan 2025 14:09:52 GMT; Path=/geoportal/rest; HttpOnly
      - XWAF=1775142849.47873.0000; path=/; Httponly; Secure
      - 'TS014419e9=0100bce510b78016329fb0e276b71c81c2dee0a47fdcf85f434731fce5d22cccc553279537999c58dbf38e8d04956cc0f9eefa8a485d61c68743f86aded6dc6b42f2534762;
        Path=/; Domain=.www.ag.ch; '
      - TS01975bae=0100bce510536054256fd5a7e3effba30f3e979b8bdcf85f434731fce5d22cccc55327953726647bd3f5ff75357890e1e187331dd64bf401bec0f1be1f33399476faf7c64e;
        path=/geoportal/rest
      Strict-Transport-Security:
      - max-age=16070400; includeSubDomains
      Vary:
      - Origin
      X-Content-Type-Options:
      - nosniff
    status:
      code: 200
      message: OK
- request:
    body: geometry=2650209%2C1238841%2C2650249%2C1238881&layers=all&tolerance=0&mapExtent=2608986%2C1211613%2C2690520%2C1288912&geometryType=esriGeometryEnvelope&imageDisplay=10%2C10%2C96&returnGeometry=false&f=json
    headers:
      Accept:
      - '*/*'
      Accept-Encoding:
      - gzip, deflate
      Connection:
      - keep-alive
      Content-Length:
      - '205'
      Content-Type:
      - application/x-www-form-urlencoded
      Cookie:
      - AGS_ROLES="wHTy1P0sKwtYMcMhA2WNy9xVE9RNTUGZ5dGP4eL4RKNLyXb5UA9YkA=="; TS01975bae=0100bce510536054256fd5a7e3effba30f3e979b8bdcf85f434731fce5d22cccc55327953726647bd3f5ff75357890e1e187331dd64bf401bec0f1be1f33399476faf7c64e;
        TS014419e9=0100bce510b78016329fb0e276b71c81c2dee0a47fdcf85f434731fce5d22cccc553279537999c58dbf38e8d04956cc0f9eefa8a485d61c68743f86aded6dc6b42f2534762;
        XWAF=1775142849.47873.0000
      User-Agent:
      - python-requests/2.32.3
    method: POST
    uri: https://www.ag.ch/geoportal/rest/services/afb_gischeck_diba/MapServer/identify
  response:
    body:
      string: "{\"results\":[{\"layerId\":1,\"layerName\":\"Gemeinden (Einzelfl\xE4chen)\",\"displayFieldName\":\"GEMEINDE\",\"value\":\"Oberkulm\",\"attributes\":{\"OBJECTID\":\"36\",\"GDENR\":\"4140\",\"GEMEINDE\":\"Oberkulm\",\"GEMEINDEZ\":\"Oberkulm\",\"GEMEINDEU\":\"Oberkulm\",\"BZNR\":\"1905\",\"BEZIRK\":\"Kulm\",\"KTNR\":\"19\",\"KANTON\":\"Aargau\",\"Shape\":\"Polygon\",\"SHAPE.STArea()\":\"9413301.319156\",\"SHAPE.STLength()\":\"15224.789428\"}},{\"layerId\":22,\"layerName\":\"AV:
        Parzellen\",\"displayFieldName\":\"NUMMER\",\"value\":\"88\",\"attributes\":{\"OBJECTID\":\"60848703\",\"FILEID\":\"175\",\"GDENR\":\"4140\",\"GDENRPARZ\":\"414000088\",\"NUMMER\":\"88\",\"EGRID\":\"CH368176397139\",\"ART\":\"Liegenschaft\",\"FLAECHE\":\"55440\",\"Shape\":\"Polygon\",\"SHAPE.STArea()\":\"55439.982737\",\"SHAPE.STLength()\":\"1568.665324\"}},{\"layerId\":22,\"layerName\":\"AV:
        Parzellen\",\"displayFieldName\":\"NUMMER\",\"value\":\"12\",\"attributes\":{\"OBJECTID\":\"60848588\",\"FILEID\":\"175\",\"GDENR\":\"4140\",\"GDENRPARZ\":\"414000012\",\"NUMMER\":\"12\",\"EGRID\":\"CH457176813968\",\"ART\":\"Liegenschaft\",\"FLAECHE\":\"119954\",\"Shape\":\"Polygon\",\"SHAPE.STArea()\":\"119954.310366\",\"SHAPE.STLength()\":\"2631.851661\"}},{\"layerId\":22,\"layerName\":\"AV:
        Parzellen\",\"displayFieldName\":\"NUMMER\",\"value\":\"83\",\"attributes\":{\"OBJECTID\":\"60849975\",\"FILEID\":\"175\",\"GDENR\":\"4140\",\"GDENRPARZ\":\"414000083\",\"NUMMER\":\"83\",\"EGRID\":\"CH768176397001\",\"ART\":\"Liegenschaft\",\"FLAECHE\":\"16564\",\"Shape\":\"Polygon\",\"SHAPE.STArea()\":\"16564.033629\",\"SHAPE.STLength()\":\"631.315566\"}},{\"layerId\":41,\"layerName\":\"\xDCberlagerte
        Schutzr\xE4ume f\xFCr Lebensr\xE4ume und Landschaften (ohne Gew\xE4sserraum)\",\"displayFieldName\":\"NameNummer\",\"value\":\"37167\",\"attributes\":{\"OBJECTID\":\"37167\",\"GDENR\":\"Oberkulm
        4140\",\"HNCode\":\"52\",\"HNBez\":\"\xDCberlagernde Schutzzonen f\xFCr Lebensr\xE4ume
        und Landschaften\",\"KTCode\":\"5211\",\"KTAbk\":\"LS\",\"KTBez\":\"Landschaftsschutzzone\",\"KTVerb\":\"Nutzungsplanfestlegung\",\"GDECode\":\"521101\",\"GDEBez\":\"Landschaftsschutzzone\",\"GDEAbk\":\"LSZ\",\"GDEZweck\":\"Null\",\"GDEVerb\":\"Nutzungsplanfestlegung\",\"NameNummer\":\"Null\",\"Rechtsstatus\":\"inKraft\",\"RRBNr\":\"1994-000492\",\"GeschNr\":\"BVUARE.86.440\",\"Bemerkungen\":\"Null\",\"KTLabel\":\"Null\",\"KTAAbk\":\"S\",\"Geolink\":\"3111\",\"Link\":\"https://oereblex.ag.ch/api/geolinks/3111.html\",\"OEREBexport\":\"ja\",\"OEREBexport_GWR\":\"nein\",\"SHAPE\":\"Polygon\",\"SHAPE.STArea()\":\"1258957.915253\",\"SHAPE.STLength()\":\"21543.157655\"}},{\"layerId\":43,\"layerName\":\"Gesch\xFCtzte
        Naturobjekte im Kulturlandplan\",\"displayFieldName\":\"NameNummer\",\"value\":\"Baum,
        Baumgruppe, Allee\",\"attributes\":{\"OBJECTID\":\"2763\",\"GDENR\":\"Oberkulm
        4140\",\"HNCode\":\"81\",\"HNBez\":\"Naturobjekte\",\"KTCode\":\"8121\",\"KTAbk\":\"EBkl\",\"KTBez\":\"Einzelbaum,
        gesch\xFCtzt\",\"KTVerb\":\"Nutzungsplanfestlegung\",\"GDECode\":\"812101\",\"GDEBez\":\"Einzelbaum
        ausserhalb Baugebiet\",\"GDEAbk\":\"EKl\",\"GDEZweck\":\"Null\",\"GDEVerb\":\"Nutzungsplanfestlegung\",\"NameNummer\":\"Baum,
        Baumgruppe, Allee\",\"Rechtsstatus\":\"inKraft\",\"RRBNr\":\"1994-000492\",\"GeschNr\":\"BVUARE.86.440\",\"Bemerkungen\":\"Null\",\"SHAPE\":\"Point\",\"KTLabel\":\"Null\",\"KTAAbk\":\"NO\",\"Geolink\":\"3111\",\"Link\":\"https://oereblex.ag.ch/api/geolinks/3111.html\",\"OEREBexport\":\"ja\"}},{\"layerId\":61,\"layerName\":\"Waldgrenze\",\"displayFieldName\":\"Gemeinde\",\"value\":\"Oberkulm\",\"attributes\":{\"OBJECTID\":\"2790017\",\"FILEID\":\"175\",\"GDENR\":\"4140\",\"Gemeinde\":\"Oberkulm\",\"Rechtskrft\":\"20190930\",\"Status\":\"gueltig\",\"LinArt\":\"ausgezogen\",\"ArtWG\":\"ausserhalb_Bauzonen\",\"Code\":\"1\",\"Bezeich\":\"4140\",\"Verbindl\":\"Nutzungsplanfestlegung\",\"NWaldstr\":\"nein\",\"Geolink\":\"75\",\"OEREBexport\":\"ja\",\"Shape\":\"Polyline\",\"Shape.STLength()\":\"2017.258575\"}},{\"layerId\":92,\"layerName\":\"Grundwasserschutzzonen\",\"displayFieldName\":\"NUMMER\",\"value\":\"030.089\",\"attributes\":{\"OBJECTID\":\"2230\",\"NUMMER\":\"030.089\",\"TYP\":\"S2\",\"TYPKANT\":\"S2\",\"ISTARECHT\":\"falsch\",\"RECHTSSTAT\":\"inKraft\",\"RECHTDATUM\":\"14.11.2022\",\"BEMSTATUS\":\"Null\",\"GEOLINK\":\"514\",\"BEZEICHNUNG\":\"Quellwasserfassungen
        Fornen, Stammling, Br\xF6nni, Beidel, R\xFCti, Cheeslih\xFCbel, Untere Br\xFCel,
        Hintere Br\xFCel und Obere Br\xFCel\",\"OEREBexport\":\"ja\",\"Shape\":\"Polygon\",\"SHAPE.STArea()\":\"45365.32645\",\"SHAPE.STLength()\":\"1203.928626\"}},{\"layerId\":92,\"layerName\":\"Grundwasserschutzzonen\",\"displayFieldName\":\"NUMMER\",\"value\":\"030.089\",\"attributes\":{\"OBJECTID\":\"2231\",\"NUMMER\":\"030.089\",\"TYP\":\"S3\",\"TYPKANT\":\"S3\",\"ISTARECHT\":\"falsch\",\"RECHTSSTAT\":\"inKraft\",\"RECHTDATUM\":\"14.11.2022\",\"BEMSTATUS\":\"Null\",\"GEOLINK\":\"514\",\"BEZEICHNUNG\":\"Quellwasserfassungen
        Fornen, Stammling, Br\xF6nni, Beidel, R\xFCti, Cheeslih\xFCbel, Untere Br\xFCel,
        Hintere Br\xFCel und Obere Br\xFCel\",\"OEREBexport\":\"ja\",\"Shape\":\"Polygon\",\"SHAPE.STArea()\":\"42070.651999\",\"SHAPE.STLength()\":\"1377.565716\"}},{\"layerId\":93,\"layerName\":\"Gew\xE4sserschutzbereich
        Au\",\"displayFieldName\":\"TYP\",\"value\":\"Au\",\"attributes\":{\"OBJECTID_1\":\"45\",\"OBJECTID\":\"6\",\"TYP\":\"Au\",\"Shape\":\"Polygon\",\"SHAPE.STArea()\":\"418252121.725739\",\"SHAPE.STLength()\":\"942348.004738\"}},{\"layerId\":134,\"layerName\":\"Gefahrenhinweiskarte:
        Prozess permanente Rutschungen\",\"displayFieldName\":\"quelle\",\"value\":\"3\",\"attributes\":{\"OBJECTID\":\"1002\",\"quelle\":\"3\",\"Klasse\":\"permanenter
        Rutsch\",\"PERMARU_ID\":\"1002\",\"SHAPE\":\"Polygon\",\"SHAPE.STArea()\":\"154066.709084\",\"SHAPE.STLength()\":\"1734.082467\"}},{\"layerId\":147,\"layerName\":\"Kulturlandplan:
        zusammengefasste Legende (6 Kategorien)\",\"displayFieldName\":\"NameNummer\",\"value\":\"154659\",\"attributes\":{\"OBJECTID\":\"154659\",\"GDENR\":\"Oberkulm
        4140\",\"HNCode\":\"21\",\"HNBez\":\"Allgemeine Landwirtschaftszonen\",\"KTAAbk\":\"Landwirtschaftszonen\",\"KTCode\":\"2111\",\"KTAbk\":\"AL\",\"KTBez\":\"Allgemeine
        Landwirtschaftszone\",\"KTVerb\":\"Nutzungsplanfestlegung\",\"GDECode\":\"211101\",\"GDEBez\":\"Landwirtschaftszone
        I\",\"GDEAbk\":\"LWZI\",\"GDEZweck\":\"Null\",\"GDEVerb\":\"Nutzungsplanfestlegung\",\"AZmin\":\"Null\",\"AZmax\":\"Null\",\"BMZmin\":\"Null\",\"BMZmax\":\"Null\",\"GFZmin\":\"Null\",\"GFZmax\":\"Null\",\"UEZmin\":\"Null\",\"UEZmax\":\"Null\",\"GZ\":\"Null\",\"WNZ\":\"Null\",\"NameNummer\":\"Null\",\"ES\":\"keine_ES\",\"ES_aufgest\":\"nein\",\"Strasse\":\"Null\",\"Rechtsstatus\":\"inKraft\",\"RRBNr\":\"1994-000492\",\"Bemerkung\":\"Null\",\"GeschNr\":\"BVUARE.86.440\",\"UB\":\"Null\",\"KTLabel\":\"Null\",\"Geolink\":\"3111\",\"Geolink_ES\":\"Null\",\"Link\":\"https://oereblex.ag.ch/api/geolinks/3111.html\",\"OEREBexport\":\"ja\",\"OEREBexport_ES\":\"nein\",\"OEREBexport_GWR\":\"nein\",\"Shape\":\"Polygon\",\"Shape.STArea()\":\"1964426.408708\",\"Shape.STLength()\":\"28852.084518\"}},{\"layerId\":147,\"layerName\":\"Kulturlandplan:
        zusammengefasste Legende (6 Kategorien)\",\"displayFieldName\":\"NameNummer\",\"value\":\"28114\",\"attributes\":{\"OBJECTID\":\"28114\",\"GDENR\":\"Oberkulm
        4140\",\"HNCode\":\"44\",\"HNBez\":\"Wald\",\"KTAAbk\":\"Wald\",\"KTCode\":\"4491\",\"KTAbk\":\"Wa\",\"KTBez\":\"Wald\",\"KTVerb\":\"Orientierungsinhalt\",\"GDECode\":\"449101\",\"GDEBez\":\"Wald\",\"GDEAbk\":\"Wald\",\"GDEZweck\":\"Null\",\"GDEVerb\":\"orientierend\",\"AZmin\":\"Null\",\"AZmax\":\"Null\",\"BMZmin\":\"Null\",\"BMZmax\":\"Null\",\"GFZmin\":\"Null\",\"GFZmax\":\"Null\",\"UEZmin\":\"Null\",\"UEZmax\":\"Null\",\"GZ\":\"Null\",\"WNZ\":\"Null\",\"NameNummer\":\"Null\",\"ES\":\"keine_ES\",\"ES_aufgest\":\"nein\",\"Strasse\":\"nein\",\"Rechtsstatus\":\"inKraft\",\"RRBNr\":\"1994-000492\",\"Bemerkung\":\"Null\",\"GeschNr\":\"BVUARE.86.440\",\"UB\":\"Null\",\"KTLabel\":\"Null\",\"Geolink\":\"3111\",\"Geolink_ES\":\"Null\",\"Link\":\"https://oereblex.ag.ch/api/geolinks/3111.html\",\"OEREBexport\":\"nein\",\"OEREBexport_ES\":\"nein\",\"OEREBexport_GWR\":\"nein\",\"Shape\":\"Polygon\",\"Shape.STArea()\":\"67347.229953\",\"Shape.STLength()\":\"2011.774547\"}}]}"
    headers:
      Access-Control-Allow-Headers:
      - '*'
      Cache-Control:
      - must-revalidate,max-age=0,public
      Connection:
      - Keep-Alive
      Content-Encoding:
      - gzip
      Content-Length:
      - '1886'
      Content-Type:
      - application/json; charset=UTF-8
      Date:
      - Tue, 21 Jan 2025 14:08:53 GMT
      ETag:
      - '"776de557"'
      Keep-Alive:
      - timeout=5, max=100
      Set-Cookie:
      - AGS_ROLES="wHTy1P0sKwtYMcMhA2WNy9xVE9RNTUGZ5dGP4eL4RKNLyXb5UA9YkA=="; Version=1;
        Max-Age=60; Expires=Tue, 21 Jan 2025 14:09:53 GMT; Path=/geoportal/rest; HttpOnly
      - XWAF=1775142849.47873.0000; path=/; Httponly; Secure
      - 'TS014419e9=0100bce510b78016329fb0e276b71c81c2dee0a47fdcf85f434731fce5d22cccc553279537999c58dbf38e8d04956cc0f9eefa8a485d61c68743f86aded6dc6b42f2534762;
        Path=/; Domain=.www.ag.ch; '
      - TS01975bae=0100bce510536054256fd5a7e3effba30f3e979b8bdcf85f434731fce5d22cccc55327953726647bd3f5ff75357890e1e187331dd64bf401bec0f1be1f33399476faf7c64e;
        path=/geoportal/rest
      Strict-Transport-Security:
      - max-age=16070400; includeSubDomains
      Vary:
      - Origin
      X-Content-Type-Options:
      - nosniff
    status:
      code: 200
      message: OK
- request:
    body: geometry=2650228%2C1238860%2C2650230%2C1238862&layers=all&tolerance=0&mapExtent=2608986%2C1211613%2C2690520%2C1288912&geometryType=esriGeometryEnvelope&imageDisplay=10%2C10%2C96&returnGeometry=false&f=json
    headers:
      Accept:
      - '*/*'
      Accept-Encoding:
      - gzip, deflate
      Connection:
      - keep-alive
      Content-Length:
      - '205'
      Content-Type:
      - application/x-www-form-urlencoded
      User-Agent:
      - python-requests/2.32.3
    method: POST
    uri: https://www.ag.ch/geoportal/rest/services/afb_gischeck_diba/MapServer/identify
  response:
    body:
      string: "{\"results\":[{\"layerId\":1,\"layerName\":\"Gemeinden (Einzelfl\xE4chen)\",\"displayFieldName\":\"GEMEINDE\",\"value\":\"Oberkulm\",\"attributes\":{\"OBJECTID\":\"36\",\"GDENR\":\"4140\",\"GEMEINDE\":\"Oberkulm\",\"GEMEINDEZ\":\"Oberkulm\",\"GEMEINDEU\":\"Oberkulm\",\"BZNR\":\"1905\",\"BEZIRK\":\"Kulm\",\"KTNR\":\"19\",\"KANTON\":\"Aargau\",\"Shape\":\"Polygon\",\"SHAPE.STArea()\":\"9413301.319156\",\"SHAPE.STLength()\":\"15224.789428\"}},{\"layerId\":22,\"layerName\":\"AV:
        Parzellen\",\"displayFieldName\":\"NUMMER\",\"value\":\"83\",\"attributes\":{\"OBJECTID\":\"60849975\",\"FILEID\":\"175\",\"GDENR\":\"4140\",\"GDENRPARZ\":\"414000083\",\"NUMMER\":\"83\",\"EGRID\":\"CH768176397001\",\"ART\":\"Liegenschaft\",\"FLAECHE\":\"16564\",\"Shape\":\"Polygon\",\"SHAPE.STArea()\":\"16564.033629\",\"SHAPE.STLength()\":\"631.315566\"}},{\"layerId\":41,\"layerName\":\"\xDCberlagerte
        Schutzr\xE4ume f\xFCr Lebensr\xE4ume und Landschaften (ohne Gew\xE4sserraum)\",\"displayFieldName\":\"NameNummer\",\"value\":\"37167\",\"attributes\":{\"OBJECTID\":\"37167\",\"GDENR\":\"Oberkulm
        4140\",\"HNCode\":\"52\",\"HNBez\":\"\xDCberlagernde Schutzzonen f\xFCr Lebensr\xE4ume
        und Landschaften\",\"KTCode\":\"5211\",\"KTAbk\":\"LS\",\"KTBez\":\"Landschaftsschutzzone\",\"KTVerb\":\"Nutzungsplanfestlegung\",\"GDECode\":\"521101\",\"GDEBez\":\"Landschaftsschutzzone\",\"GDEAbk\":\"LSZ\",\"GDEZweck\":\"Null\",\"GDEVerb\":\"Nutzungsplanfestlegung\",\"NameNummer\":\"Null\",\"Rechtsstatus\":\"inKraft\",\"RRBNr\":\"1994-000492\",\"GeschNr\":\"BVUARE.86.440\",\"Bemerkungen\":\"Null\",\"KTLabel\":\"Null\",\"KTAAbk\":\"S\",\"Geolink\":\"3111\",\"Link\":\"https://oereblex.ag.ch/api/geolinks/3111.html\",\"OEREBexport\":\"ja\",\"OEREBexport_GWR\":\"nein\",\"SHAPE\":\"Polygon\",\"SHAPE.STArea()\":\"1258957.915253\",\"SHAPE.STLength()\":\"21543.157655\"}},{\"layerId\":43,\"layerName\":\"Gesch\xFCtzte
        Naturobjekte im Kulturlandplan\",\"displayFieldName\":\"NameNummer\",\"value\":\"Baum,
        Baumgruppe, Allee\",\"attributes\":{\"OBJECTID\":\"2763\",\"GDENR\":\"Oberkulm
        4140\",\"HNCode\":\"81\",\"HNBez\":\"Naturobjekte\",\"KTCode\":\"8121\",\"KTAbk\":\"EBkl\",\"KTBez\":\"Einzelbaum,
        gesch\xFCtzt\",\"KTVerb\":\"Nutzungsplanfestlegung\",\"GDECode\":\"812101\",\"GDEBez\":\"Einzelbaum
        ausserhalb Baugebiet\",\"GDEAbk\":\"EKl\",\"GDEZweck\":\"Null\",\"GDEVerb\":\"Nutzungsplanfestlegung\",\"NameNummer\":\"Baum,
        Baumgruppe, Allee\",\"Rechtsstatus\":\"inKraft\",\"RRBNr\":\"1994-000492\",\"GeschNr\":\"BVUARE.86.440\",\"Bemerkungen\":\"Null\",\"SHAPE\":\"Point\",\"KTLabel\":\"Null\",\"KTAAbk\":\"NO\",\"Geolink\":\"3111\",\"Link\":\"https://oereblex.ag.ch/api/geolinks/3111.html\",\"OEREBexport\":\"ja\"}},{\"layerId\":92,\"layerName\":\"Grundwasserschutzzonen\",\"displayFieldName\":\"NUMMER\",\"value\":\"030.089\",\"attributes\":{\"OBJECTID\":\"2230\",\"NUMMER\":\"030.089\",\"TYP\":\"S2\",\"TYPKANT\":\"S2\",\"ISTARECHT\":\"falsch\",\"RECHTSSTAT\":\"inKraft\",\"RECHTDATUM\":\"14.11.2022\",\"BEMSTATUS\":\"Null\",\"GEOLINK\":\"514\",\"BEZEICHNUNG\":\"Quellwasserfassungen
        Fornen, Stammling, Br\xF6nni, Beidel, R\xFCti, Cheeslih\xFCbel, Untere Br\xFCel,
        Hintere Br\xFCel und Obere Br\xFCel\",\"OEREBexport\":\"ja\",\"Shape\":\"Polygon\",\"SHAPE.STArea()\":\"45365.32645\",\"SHAPE.STLength()\":\"1203.928626\"}},{\"layerId\":93,\"layerName\":\"Gew\xE4sserschutzbereich
        Au\",\"displayFieldName\":\"TYP\",\"value\":\"Au\",\"attributes\":{\"OBJECTID_1\":\"45\",\"OBJECTID\":\"6\",\"TYP\":\"Au\",\"Shape\":\"Polygon\",\"SHAPE.STArea()\":\"418252121.725739\",\"SHAPE.STLength()\":\"942348.004738\"}},{\"layerId\":147,\"layerName\":\"Kulturlandplan:
        zusammengefasste Legende (6 Kategorien)\",\"displayFieldName\":\"NameNummer\",\"value\":\"154659\",\"attributes\":{\"OBJECTID\":\"154659\",\"GDENR\":\"Oberkulm
        4140\",\"HNCode\":\"21\",\"HNBez\":\"Allgemeine Landwirtschaftszonen\",\"KTAAbk\":\"Landwirtschaftszonen\",\"KTCode\":\"2111\",\"KTAbk\":\"AL\",\"KTBez\":\"Allgemeine
        Landwirtschaftszone\",\"KTVerb\":\"Nutzungsplanfestlegung\",\"GDECode\":\"211101\",\"GDEBez\":\"Landwirtschaftszone
        I\",\"GDEAbk\":\"LWZI\",\"GDEZweck\":\"Null\",\"GDEVerb\":\"Nutzungsplanfestlegung\",\"AZmin\":\"Null\",\"AZmax\":\"Null\",\"BMZmin\":\"Null\",\"BMZmax\":\"Null\",\"GFZmin\":\"Null\",\"GFZmax\":\"Null\",\"UEZmin\":\"Null\",\"UEZmax\":\"Null\",\"GZ\":\"Null\",\"WNZ\":\"Null\",\"NameNummer\":\"Null\",\"ES\":\"keine_ES\",\"ES_aufgest\":\"nein\",\"Strasse\":\"Null\",\"Rechtsstatus\":\"inKraft\",\"RRBNr\":\"1994-000492\",\"Bemerkung\":\"Null\",\"GeschNr\":\"BVUARE.86.440\",\"UB\":\"Null\",\"KTLabel\":\"Null\",\"Geolink\":\"3111\",\"Geolink_ES\":\"Null\",\"Link\":\"https://oereblex.ag.ch/api/geolinks/3111.html\",\"OEREBexport\":\"ja\",\"OEREBexport_ES\":\"nein\",\"OEREBexport_GWR\":\"nein\",\"Shape\":\"Polygon\",\"Shape.STArea()\":\"1964426.408708\",\"Shape.STLength()\":\"28852.084518\"}}]}"
    headers:
      Access-Control-Allow-Headers:
      - '*'
      Cache-Control:
      - must-revalidate,max-age=0,public
      Connection:
      - Keep-Alive
      Content-Encoding:
      - gzip
      Content-Length:
      - '1396'
      Content-Type:
      - application/json; charset=UTF-8
      Date:
      - Wed, 22 Jan 2025 08:49:26 GMT
      ETag:
      - '"15bb80cb"'
      Keep-Alive:
      - timeout=5, max=100
      Set-Cookie:
      - AGS_ROLES="wHTy1P0sKwtYMcMhA2WNy9xVE9RNTUGZ5dGP4eL4RKNLyXb5UA9YkA=="; Version=1;
        Max-Age=60; Expires=Wed, 22 Jan 2025 08:50:26 GMT; Path=/geoportal/rest; HttpOnly
      - XWAF=1775142849.47873.0000; path=/; Httponly; Secure
      - 'TS014419e9=0100bce510facf4fe5e596ec6becdba193c68e480e10b563202f70688191d966d12252943aa77f77ebb15cd4470e320ff37b081b5aba69e2bbb5f0fa6bc8ba77f15a5cca9b;
        Path=/; Domain=.www.ag.ch; '
      - TS01975bae=0100bce51004b0868819952f7b9457f7d16102dbc610b563202f70688191d966d12252943afe5c6c52cc29a05039f7ff1cede80d7394a894c3fb7f88f4f20b3f3ad91dba13;
        path=/geoportal/rest
      Strict-Transport-Security:
      - max-age=16070400; includeSubDomains
      Vary:
      - Origin
      X-Content-Type-Options:
      - nosniff
    status:
      code: 200
      message: OK
- request:
    body: geometry=2650209%2C1238841%2C2650249%2C1238881&layers=all&tolerance=0&mapExtent=2608986%2C1211613%2C2690520%2C1288912&geometryType=esriGeometryEnvelope&imageDisplay=10%2C10%2C96&returnGeometry=false&f=json
    headers:
      Accept:
      - '*/*'
      Accept-Encoding:
      - gzip, deflate
      Connection:
      - keep-alive
      Content-Length:
      - '205'
      Content-Type:
      - application/x-www-form-urlencoded
      Cookie:
      - AGS_ROLES="wHTy1P0sKwtYMcMhA2WNy9xVE9RNTUGZ5dGP4eL4RKNLyXb5UA9YkA=="; TS01975bae=0100bce51004b0868819952f7b9457f7d16102dbc610b563202f70688191d966d12252943afe5c6c52cc29a05039f7ff1cede80d7394a894c3fb7f88f4f20b3f3ad91dba13;
        TS014419e9=0100bce510facf4fe5e596ec6becdba193c68e480e10b563202f70688191d966d12252943aa77f77ebb15cd4470e320ff37b081b5aba69e2bbb5f0fa6bc8ba77f15a5cca9b;
        XWAF=1775142849.47873.0000
      User-Agent:
      - python-requests/2.32.3
    method: POST
    uri: https://www.ag.ch/geoportal/rest/services/afb_gischeck_diba/MapServer/identify
  response:
    body:
      string: "{\"results\":[{\"layerId\":1,\"layerName\":\"Gemeinden (Einzelfl\xE4chen)\",\"displayFieldName\":\"GEMEINDE\",\"value\":\"Oberkulm\",\"attributes\":{\"OBJECTID\":\"36\",\"GDENR\":\"4140\",\"GEMEINDE\":\"Oberkulm\",\"GEMEINDEZ\":\"Oberkulm\",\"GEMEINDEU\":\"Oberkulm\",\"BZNR\":\"1905\",\"BEZIRK\":\"Kulm\",\"KTNR\":\"19\",\"KANTON\":\"Aargau\",\"Shape\":\"Polygon\",\"SHAPE.STArea()\":\"9413301.319156\",\"SHAPE.STLength()\":\"15224.789428\"}},{\"layerId\":22,\"layerName\":\"AV:
        Parzellen\",\"displayFieldName\":\"NUMMER\",\"value\":\"88\",\"attributes\":{\"OBJECTID\":\"60848703\",\"FILEID\":\"175\",\"GDENR\":\"4140\",\"GDENRPARZ\":\"414000088\",\"NUMMER\":\"88\",\"EGRID\":\"CH368176397139\",\"ART\":\"Liegenschaft\",\"FLAECHE\":\"55440\",\"Shape\":\"Polygon\",\"SHAPE.STArea()\":\"55439.982737\",\"SHAPE.STLength()\":\"1568.665324\"}},{\"layerId\":22,\"layerName\":\"AV:
        Parzellen\",\"displayFieldName\":\"NUMMER\",\"value\":\"12\",\"attributes\":{\"OBJECTID\":\"60848588\",\"FILEID\":\"175\",\"GDENR\":\"4140\",\"GDENRPARZ\":\"414000012\",\"NUMMER\":\"12\",\"EGRID\":\"CH457176813968\",\"ART\":\"Liegenschaft\",\"FLAECHE\":\"119954\",\"Shape\":\"Polygon\",\"SHAPE.STArea()\":\"119954.310366\",\"SHAPE.STLength()\":\"2631.851661\"}},{\"layerId\":22,\"layerName\":\"AV:
        Parzellen\",\"displayFieldName\":\"NUMMER\",\"value\":\"83\",\"attributes\":{\"OBJECTID\":\"60849975\",\"FILEID\":\"175\",\"GDENR\":\"4140\",\"GDENRPARZ\":\"414000083\",\"NUMMER\":\"83\",\"EGRID\":\"CH768176397001\",\"ART\":\"Liegenschaft\",\"FLAECHE\":\"16564\",\"Shape\":\"Polygon\",\"SHAPE.STArea()\":\"16564.033629\",\"SHAPE.STLength()\":\"631.315566\"}},{\"layerId\":41,\"layerName\":\"\xDCberlagerte
        Schutzr\xE4ume f\xFCr Lebensr\xE4ume und Landschaften (ohne Gew\xE4sserraum)\",\"displayFieldName\":\"NameNummer\",\"value\":\"37167\",\"attributes\":{\"OBJECTID\":\"37167\",\"GDENR\":\"Oberkulm
        4140\",\"HNCode\":\"52\",\"HNBez\":\"\xDCberlagernde Schutzzonen f\xFCr Lebensr\xE4ume
        und Landschaften\",\"KTCode\":\"5211\",\"KTAbk\":\"LS\",\"KTBez\":\"Landschaftsschutzzone\",\"KTVerb\":\"Nutzungsplanfestlegung\",\"GDECode\":\"521101\",\"GDEBez\":\"Landschaftsschutzzone\",\"GDEAbk\":\"LSZ\",\"GDEZweck\":\"Null\",\"GDEVerb\":\"Nutzungsplanfestlegung\",\"NameNummer\":\"Null\",\"Rechtsstatus\":\"inKraft\",\"RRBNr\":\"1994-000492\",\"GeschNr\":\"BVUARE.86.440\",\"Bemerkungen\":\"Null\",\"KTLabel\":\"Null\",\"KTAAbk\":\"S\",\"Geolink\":\"3111\",\"Link\":\"https://oereblex.ag.ch/api/geolinks/3111.html\",\"OEREBexport\":\"ja\",\"OEREBexport_GWR\":\"nein\",\"SHAPE\":\"Polygon\",\"SHAPE.STArea()\":\"1258957.915253\",\"SHAPE.STLength()\":\"21543.157655\"}},{\"layerId\":43,\"layerName\":\"Gesch\xFCtzte
        Naturobjekte im Kulturlandplan\",\"displayFieldName\":\"NameNummer\",\"value\":\"Baum,
        Baumgruppe, Allee\",\"attributes\":{\"OBJECTID\":\"2763\",\"GDENR\":\"Oberkulm
        4140\",\"HNCode\":\"81\",\"HNBez\":\"Naturobjekte\",\"KTCode\":\"8121\",\"KTAbk\":\"EBkl\",\"KTBez\":\"Einzelbaum,
        gesch\xFCtzt\",\"KTVerb\":\"Nutzungsplanfestlegung\",\"GDECode\":\"812101\",\"GDEBez\":\"Einzelbaum
        ausserhalb Baugebiet\",\"GDEAbk\":\"EKl\",\"GDEZweck\":\"Null\",\"GDEVerb\":\"Nutzungsplanfestlegung\",\"NameNummer\":\"Baum,
        Baumgruppe, Allee\",\"Rechtsstatus\":\"inKraft\",\"RRBNr\":\"1994-000492\",\"GeschNr\":\"BVUARE.86.440\",\"Bemerkungen\":\"Null\",\"SHAPE\":\"Point\",\"KTLabel\":\"Null\",\"KTAAbk\":\"NO\",\"Geolink\":\"3111\",\"Link\":\"https://oereblex.ag.ch/api/geolinks/3111.html\",\"OEREBexport\":\"ja\"}},{\"layerId\":61,\"layerName\":\"Waldgrenze\",\"displayFieldName\":\"Gemeinde\",\"value\":\"Oberkulm\",\"attributes\":{\"OBJECTID\":\"2790017\",\"FILEID\":\"175\",\"GDENR\":\"4140\",\"Gemeinde\":\"Oberkulm\",\"Rechtskrft\":\"20190930\",\"Status\":\"gueltig\",\"LinArt\":\"ausgezogen\",\"ArtWG\":\"ausserhalb_Bauzonen\",\"Code\":\"1\",\"Bezeich\":\"4140\",\"Verbindl\":\"Nutzungsplanfestlegung\",\"NWaldstr\":\"nein\",\"Geolink\":\"75\",\"OEREBexport\":\"ja\",\"Shape\":\"Polyline\",\"Shape.STLength()\":\"2017.258575\"}},{\"layerId\":92,\"layerName\":\"Grundwasserschutzzonen\",\"displayFieldName\":\"NUMMER\",\"value\":\"030.089\",\"attributes\":{\"OBJECTID\":\"2230\",\"NUMMER\":\"030.089\",\"TYP\":\"S2\",\"TYPKANT\":\"S2\",\"ISTARECHT\":\"falsch\",\"RECHTSSTAT\":\"inKraft\",\"RECHTDATUM\":\"14.11.2022\",\"BEMSTATUS\":\"Null\",\"GEOLINK\":\"514\",\"BEZEICHNUNG\":\"Quellwasserfassungen
        Fornen, Stammling, Br\xF6nni, Beidel, R\xFCti, Cheeslih\xFCbel, Untere Br\xFCel,
        Hintere Br\xFCel und Obere Br\xFCel\",\"OEREBexport\":\"ja\",\"Shape\":\"Polygon\",\"SHAPE.STArea()\":\"45365.32645\",\"SHAPE.STLength()\":\"1203.928626\"}},{\"layerId\":92,\"layerName\":\"Grundwasserschutzzonen\",\"displayFieldName\":\"NUMMER\",\"value\":\"030.089\",\"attributes\":{\"OBJECTID\":\"2231\",\"NUMMER\":\"030.089\",\"TYP\":\"S3\",\"TYPKANT\":\"S3\",\"ISTARECHT\":\"falsch\",\"RECHTSSTAT\":\"inKraft\",\"RECHTDATUM\":\"14.11.2022\",\"BEMSTATUS\":\"Null\",\"GEOLINK\":\"514\",\"BEZEICHNUNG\":\"Quellwasserfassungen
        Fornen, Stammling, Br\xF6nni, Beidel, R\xFCti, Cheeslih\xFCbel, Untere Br\xFCel,
        Hintere Br\xFCel und Obere Br\xFCel\",\"OEREBexport\":\"ja\",\"Shape\":\"Polygon\",\"SHAPE.STArea()\":\"42070.651999\",\"SHAPE.STLength()\":\"1377.565716\"}},{\"layerId\":93,\"layerName\":\"Gew\xE4sserschutzbereich
        Au\",\"displayFieldName\":\"TYP\",\"value\":\"Au\",\"attributes\":{\"OBJECTID_1\":\"45\",\"OBJECTID\":\"6\",\"TYP\":\"Au\",\"Shape\":\"Polygon\",\"SHAPE.STArea()\":\"418252121.725739\",\"SHAPE.STLength()\":\"942348.004738\"}},{\"layerId\":134,\"layerName\":\"Gefahrenhinweiskarte:
        Prozess permanente Rutschungen\",\"displayFieldName\":\"quelle\",\"value\":\"3\",\"attributes\":{\"OBJECTID\":\"1002\",\"quelle\":\"3\",\"Klasse\":\"permanenter
        Rutsch\",\"PERMARU_ID\":\"1002\",\"SHAPE\":\"Polygon\",\"SHAPE.STArea()\":\"154066.709084\",\"SHAPE.STLength()\":\"1734.082467\"}},{\"layerId\":147,\"layerName\":\"Kulturlandplan:
        zusammengefasste Legende (6 Kategorien)\",\"displayFieldName\":\"NameNummer\",\"value\":\"154659\",\"attributes\":{\"OBJECTID\":\"154659\",\"GDENR\":\"Oberkulm
        4140\",\"HNCode\":\"21\",\"HNBez\":\"Allgemeine Landwirtschaftszonen\",\"KTAAbk\":\"Landwirtschaftszonen\",\"KTCode\":\"2111\",\"KTAbk\":\"AL\",\"KTBez\":\"Allgemeine
        Landwirtschaftszone\",\"KTVerb\":\"Nutzungsplanfestlegung\",\"GDECode\":\"211101\",\"GDEBez\":\"Landwirtschaftszone
        I\",\"GDEAbk\":\"LWZI\",\"GDEZweck\":\"Null\",\"GDEVerb\":\"Nutzungsplanfestlegung\",\"AZmin\":\"Null\",\"AZmax\":\"Null\",\"BMZmin\":\"Null\",\"BMZmax\":\"Null\",\"GFZmin\":\"Null\",\"GFZmax\":\"Null\",\"UEZmin\":\"Null\",\"UEZmax\":\"Null\",\"GZ\":\"Null\",\"WNZ\":\"Null\",\"NameNummer\":\"Null\",\"ES\":\"keine_ES\",\"ES_aufgest\":\"nein\",\"Strasse\":\"Null\",\"Rechtsstatus\":\"inKraft\",\"RRBNr\":\"1994-000492\",\"Bemerkung\":\"Null\",\"GeschNr\":\"BVUARE.86.440\",\"UB\":\"Null\",\"KTLabel\":\"Null\",\"Geolink\":\"3111\",\"Geolink_ES\":\"Null\",\"Link\":\"https://oereblex.ag.ch/api/geolinks/3111.html\",\"OEREBexport\":\"ja\",\"OEREBexport_ES\":\"nein\",\"OEREBexport_GWR\":\"nein\",\"Shape\":\"Polygon\",\"Shape.STArea()\":\"1964426.408708\",\"Shape.STLength()\":\"28852.084518\"}},{\"layerId\":147,\"layerName\":\"Kulturlandplan:
        zusammengefasste Legende (6 Kategorien)\",\"displayFieldName\":\"NameNummer\",\"value\":\"28114\",\"attributes\":{\"OBJECTID\":\"28114\",\"GDENR\":\"Oberkulm
        4140\",\"HNCode\":\"44\",\"HNBez\":\"Wald\",\"KTAAbk\":\"Wald\",\"KTCode\":\"4491\",\"KTAbk\":\"Wa\",\"KTBez\":\"Wald\",\"KTVerb\":\"Orientierungsinhalt\",\"GDECode\":\"449101\",\"GDEBez\":\"Wald\",\"GDEAbk\":\"Wald\",\"GDEZweck\":\"Null\",\"GDEVerb\":\"orientierend\",\"AZmin\":\"Null\",\"AZmax\":\"Null\",\"BMZmin\":\"Null\",\"BMZmax\":\"Null\",\"GFZmin\":\"Null\",\"GFZmax\":\"Null\",\"UEZmin\":\"Null\",\"UEZmax\":\"Null\",\"GZ\":\"Null\",\"WNZ\":\"Null\",\"NameNummer\":\"Null\",\"ES\":\"keine_ES\",\"ES_aufgest\":\"nein\",\"Strasse\":\"nein\",\"Rechtsstatus\":\"inKraft\",\"RRBNr\":\"1994-000492\",\"Bemerkung\":\"Null\",\"GeschNr\":\"BVUARE.86.440\",\"UB\":\"Null\",\"KTLabel\":\"Null\",\"Geolink\":\"3111\",\"Geolink_ES\":\"Null\",\"Link\":\"https://oereblex.ag.ch/api/geolinks/3111.html\",\"OEREBexport\":\"nein\",\"OEREBexport_ES\":\"nein\",\"OEREBexport_GWR\":\"nein\",\"Shape\":\"Polygon\",\"Shape.STArea()\":\"67347.229953\",\"Shape.STLength()\":\"2011.774547\"}}]}"
    headers:
      Access-Control-Allow-Headers:
      - '*'
      Cache-Control:
      - must-revalidate,max-age=0,public
      Connection:
      - Keep-Alive
      Content-Encoding:
      - gzip
      Content-Length:
      - '1886'
      Content-Type:
      - application/json; charset=UTF-8
      Date:
      - Wed, 22 Jan 2025 08:49:27 GMT
      ETag:
      - '"776de557"'
      Keep-Alive:
      - timeout=5, max=100
      Set-Cookie:
      - AGS_ROLES="wHTy1P0sKwtYMcMhA2WNy9xVE9RNTUGZ5dGP4eL4RKNLyXb5UA9YkA=="; Version=1;
        Max-Age=60; Expires=Wed, 22 Jan 2025 08:50:26 GMT; Path=/geoportal/rest; HttpOnly
      - XWAF=1775142849.47873.0000; path=/; Httponly; Secure
      - 'TS014419e9=0100bce510facf4fe5e596ec6becdba193c68e480e10b563202f70688191d966d12252943aa77f77ebb15cd4470e320ff37b081b5aba69e2bbb5f0fa6bc8ba77f15a5cca9b;
        Path=/; Domain=.www.ag.ch; '
      - TS01975bae=0100bce51004b0868819952f7b9457f7d16102dbc610b563202f70688191d966d12252943afe5c6c52cc29a05039f7ff1cede80d7394a894c3fb7f88f4f20b3f3ad91dba13;
        path=/geoportal/rest
      Strict-Transport-Security:
      - max-age=16070400; includeSubDomains
      Vary:
      - Origin
      X-Content-Type-Options:
      - nosniff
    status:
      code: 200
      message: OK
- request:
    body: geometry=2650228%2C1238860%2C2650230%2C1238862&layers=all&tolerance=0&mapExtent=2608986%2C1211613%2C2690520%2C1288912&geometryType=esriGeometryEnvelope&imageDisplay=10%2C10%2C96&returnGeometry=false&f=json
    headers:
      Accept:
      - '*/*'
      Accept-Encoding:
      - gzip, deflate
      Connection:
      - keep-alive
      Content-Length:
      - '205'
      Content-Type:
      - application/x-www-form-urlencoded
      User-Agent:
      - python-requests/2.32.3
    method: POST
    uri: https://www.ag.ch/geoportal/rest/services/afb_gischeck_diba/MapServer/identify
  response:
    body:
      string: "{\"results\":[{\"layerId\":1,\"layerName\":\"Gemeinden (Einzelfl\xE4chen)\",\"displayFieldName\":\"GEMEINDE\",\"value\":\"Oberkulm\",\"attributes\":{\"OBJECTID\":\"36\",\"GDENR\":\"4140\",\"GEMEINDE\":\"Oberkulm\",\"GEMEINDEZ\":\"Oberkulm\",\"GEMEINDEU\":\"Oberkulm\",\"BZNR\":\"1905\",\"BEZIRK\":\"Kulm\",\"KTNR\":\"19\",\"KANTON\":\"Aargau\",\"Shape\":\"Polygon\",\"SHAPE.STArea()\":\"9413301.319156\",\"SHAPE.STLength()\":\"15224.789428\"}},{\"layerId\":22,\"layerName\":\"AV:
        Parzellen\",\"displayFieldName\":\"NUMMER\",\"value\":\"83\",\"attributes\":{\"OBJECTID\":\"60849975\",\"FILEID\":\"175\",\"GDENR\":\"4140\",\"GDENRPARZ\":\"414000083\",\"NUMMER\":\"83\",\"EGRID\":\"CH768176397001\",\"ART\":\"Liegenschaft\",\"FLAECHE\":\"16564\",\"Shape\":\"Polygon\",\"SHAPE.STArea()\":\"16564.033629\",\"SHAPE.STLength()\":\"631.315566\"}},{\"layerId\":41,\"layerName\":\"\xDCberlagerte
        Schutzr\xE4ume f\xFCr Lebensr\xE4ume und Landschaften (ohne Gew\xE4sserraum)\",\"displayFieldName\":\"NameNummer\",\"value\":\"37167\",\"attributes\":{\"OBJECTID\":\"37167\",\"GDENR\":\"Oberkulm
        4140\",\"HNCode\":\"52\",\"HNBez\":\"\xDCberlagernde Schutzzonen f\xFCr Lebensr\xE4ume
        und Landschaften\",\"KTCode\":\"5211\",\"KTAbk\":\"LS\",\"KTBez\":\"Landschaftsschutzzone\",\"KTVerb\":\"Nutzungsplanfestlegung\",\"GDECode\":\"521101\",\"GDEBez\":\"Landschaftsschutzzone\",\"GDEAbk\":\"LSZ\",\"GDEZweck\":\"Null\",\"GDEVerb\":\"Nutzungsplanfestlegung\",\"NameNummer\":\"Null\",\"Rechtsstatus\":\"inKraft\",\"RRBNr\":\"1994-000492\",\"GeschNr\":\"BVUARE.86.440\",\"Bemerkungen\":\"Null\",\"KTLabel\":\"Null\",\"KTAAbk\":\"S\",\"Geolink\":\"3111\",\"Link\":\"https://oereblex.ag.ch/api/geolinks/3111.html\",\"OEREBexport\":\"ja\",\"OEREBexport_GWR\":\"nein\",\"SHAPE\":\"Polygon\",\"SHAPE.STArea()\":\"1258957.915253\",\"SHAPE.STLength()\":\"21543.157655\"}},{\"layerId\":43,\"layerName\":\"Gesch\xFCtzte
        Naturobjekte im Kulturlandplan\",\"displayFieldName\":\"NameNummer\",\"value\":\"Baum,
        Baumgruppe, Allee\",\"attributes\":{\"OBJECTID\":\"2763\",\"GDENR\":\"Oberkulm
        4140\",\"HNCode\":\"81\",\"HNBez\":\"Naturobjekte\",\"KTCode\":\"8121\",\"KTAbk\":\"EBkl\",\"KTBez\":\"Einzelbaum,
        gesch\xFCtzt\",\"KTVerb\":\"Nutzungsplanfestlegung\",\"GDECode\":\"812101\",\"GDEBez\":\"Einzelbaum
        ausserhalb Baugebiet\",\"GDEAbk\":\"EKl\",\"GDEZweck\":\"Null\",\"GDEVerb\":\"Nutzungsplanfestlegung\",\"NameNummer\":\"Baum,
        Baumgruppe, Allee\",\"Rechtsstatus\":\"inKraft\",\"RRBNr\":\"1994-000492\",\"GeschNr\":\"BVUARE.86.440\",\"Bemerkungen\":\"Null\",\"SHAPE\":\"Point\",\"KTLabel\":\"Null\",\"KTAAbk\":\"NO\",\"Geolink\":\"3111\",\"Link\":\"https://oereblex.ag.ch/api/geolinks/3111.html\",\"OEREBexport\":\"ja\"}},{\"layerId\":92,\"layerName\":\"Grundwasserschutzzonen\",\"displayFieldName\":\"NUMMER\",\"value\":\"030.089\",\"attributes\":{\"OBJECTID\":\"2230\",\"NUMMER\":\"030.089\",\"TYP\":\"S2\",\"TYPKANT\":\"S2\",\"ISTARECHT\":\"falsch\",\"RECHTSSTAT\":\"inKraft\",\"RECHTDATUM\":\"14.11.2022\",\"BEMSTATUS\":\"Null\",\"GEOLINK\":\"514\",\"BEZEICHNUNG\":\"Quellwasserfassungen
        Fornen, Stammling, Br\xF6nni, Beidel, R\xFCti, Cheeslih\xFCbel, Untere Br\xFCel,
        Hintere Br\xFCel und Obere Br\xFCel\",\"OEREBexport\":\"ja\",\"Shape\":\"Polygon\",\"SHAPE.STArea()\":\"45365.32645\",\"SHAPE.STLength()\":\"1203.928626\"}},{\"layerId\":93,\"layerName\":\"Gew\xE4sserschutzbereich
        Au\",\"displayFieldName\":\"TYP\",\"value\":\"Au\",\"attributes\":{\"OBJECTID_1\":\"45\",\"OBJECTID\":\"6\",\"TYP\":\"Au\",\"Shape\":\"Polygon\",\"SHAPE.STArea()\":\"418252121.725739\",\"SHAPE.STLength()\":\"942348.004738\"}},{\"layerId\":147,\"layerName\":\"Kulturlandplan:
        zusammengefasste Legende (6 Kategorien)\",\"displayFieldName\":\"NameNummer\",\"value\":\"154659\",\"attributes\":{\"OBJECTID\":\"154659\",\"GDENR\":\"Oberkulm
        4140\",\"HNCode\":\"21\",\"HNBez\":\"Allgemeine Landwirtschaftszonen\",\"KTAAbk\":\"Landwirtschaftszonen\",\"KTCode\":\"2111\",\"KTAbk\":\"AL\",\"KTBez\":\"Allgemeine
        Landwirtschaftszone\",\"KTVerb\":\"Nutzungsplanfestlegung\",\"GDECode\":\"211101\",\"GDEBez\":\"Landwirtschaftszone
        I\",\"GDEAbk\":\"LWZI\",\"GDEZweck\":\"Null\",\"GDEVerb\":\"Nutzungsplanfestlegung\",\"AZmin\":\"Null\",\"AZmax\":\"Null\",\"BMZmin\":\"Null\",\"BMZmax\":\"Null\",\"GFZmin\":\"Null\",\"GFZmax\":\"Null\",\"UEZmin\":\"Null\",\"UEZmax\":\"Null\",\"GZ\":\"Null\",\"WNZ\":\"Null\",\"NameNummer\":\"Null\",\"ES\":\"keine_ES\",\"ES_aufgest\":\"nein\",\"Strasse\":\"Null\",\"Rechtsstatus\":\"inKraft\",\"RRBNr\":\"1994-000492\",\"Bemerkung\":\"Null\",\"GeschNr\":\"BVUARE.86.440\",\"UB\":\"Null\",\"KTLabel\":\"Null\",\"Geolink\":\"3111\",\"Geolink_ES\":\"Null\",\"Link\":\"https://oereblex.ag.ch/api/geolinks/3111.html\",\"OEREBexport\":\"ja\",\"OEREBexport_ES\":\"nein\",\"OEREBexport_GWR\":\"nein\",\"Shape\":\"Polygon\",\"Shape.STArea()\":\"1964426.408708\",\"Shape.STLength()\":\"28852.084518\"}}]}"
    headers:
      Access-Control-Allow-Headers:
      - '*'
      Cache-Control:
      - must-revalidate,max-age=0,public
      Connection:
      - Keep-Alive
      Content-Encoding:
      - gzip
      Content-Length:
      - '1396'
      Content-Type:
      - application/json; charset=UTF-8
      Date:
      - Wed, 22 Jan 2025 09:28:27 GMT
      ETag:
      - '"15bb80cb"'
      Keep-Alive:
      - timeout=5, max=100
      Set-Cookie:
      - AGS_ROLES="wHTy1P0sKwtYMcMhA2WNy9xVE9RNTUGZ5dGP4eL4RKNLyXb5UA9YkA=="; Version=1;
        Max-Age=60; Expires=Wed, 22 Jan 2025 09:29:26 GMT; Path=/geoportal/rest; HttpOnly
      - XWAF=1791920065.47873.0000; path=/; Httponly; Secure
      - 'TS014419e9=0100bce5101e56c5d3be2d2b25b0abeff0a5c4b0c2d46fa304033b94adb8427beb46863c351374fbd82b2c5089b3cde4ea44229c911abbc7d57fa3e78a4c0b22011a9aa602;
        Path=/; Domain=.www.ag.ch; '
      - TS01975bae=0100bce51083d2756dac0197e66331b3e642d507c8d46fa304033b94adb8427beb46863c358f31c5ac9de5b5403a4097b382bc7a9c72a769d9de841c5cdb5c38d4f97e53ba;
        path=/geoportal/rest
      Strict-Transport-Security:
      - max-age=16070400; includeSubDomains
      Vary:
      - Origin
      X-Content-Type-Options:
      - nosniff
    status:
      code: 200
      message: OK
- request:
    body: geometry=2650209%2C1238841%2C2650249%2C1238881&layers=all&tolerance=0&mapExtent=2608986%2C1211613%2C2690520%2C1288912&geometryType=esriGeometryEnvelope&imageDisplay=10%2C10%2C96&returnGeometry=false&f=json
    headers:
      Accept:
      - '*/*'
      Accept-Encoding:
      - gzip, deflate
      Connection:
      - keep-alive
      Content-Length:
      - '205'
      Content-Type:
      - application/x-www-form-urlencoded
      Cookie:
      - AGS_ROLES="wHTy1P0sKwtYMcMhA2WNy9xVE9RNTUGZ5dGP4eL4RKNLyXb5UA9YkA=="; TS01975bae=0100bce51083d2756dac0197e66331b3e642d507c8d46fa304033b94adb8427beb46863c358f31c5ac9de5b5403a4097b382bc7a9c72a769d9de841c5cdb5c38d4f97e53ba;
        TS014419e9=0100bce5101e56c5d3be2d2b25b0abeff0a5c4b0c2d46fa304033b94adb8427beb46863c351374fbd82b2c5089b3cde4ea44229c911abbc7d57fa3e78a4c0b22011a9aa602;
        XWAF=1791920065.47873.0000
      User-Agent:
      - python-requests/2.32.3
    method: POST
    uri: https://www.ag.ch/geoportal/rest/services/afb_gischeck_diba/MapServer/identify
  response:
    body:
      string: "{\"results\":[{\"layerId\":1,\"layerName\":\"Gemeinden (Einzelfl\xE4chen)\",\"displayFieldName\":\"GEMEINDE\",\"value\":\"Oberkulm\",\"attributes\":{\"OBJECTID\":\"36\",\"GDENR\":\"4140\",\"GEMEINDE\":\"Oberkulm\",\"GEMEINDEZ\":\"Oberkulm\",\"GEMEINDEU\":\"Oberkulm\",\"BZNR\":\"1905\",\"BEZIRK\":\"Kulm\",\"KTNR\":\"19\",\"KANTON\":\"Aargau\",\"Shape\":\"Polygon\",\"SHAPE.STArea()\":\"9413301.319156\",\"SHAPE.STLength()\":\"15224.789428\"}},{\"layerId\":22,\"layerName\":\"AV:
        Parzellen\",\"displayFieldName\":\"NUMMER\",\"value\":\"88\",\"attributes\":{\"OBJECTID\":\"60848703\",\"FILEID\":\"175\",\"GDENR\":\"4140\",\"GDENRPARZ\":\"414000088\",\"NUMMER\":\"88\",\"EGRID\":\"CH368176397139\",\"ART\":\"Liegenschaft\",\"FLAECHE\":\"55440\",\"Shape\":\"Polygon\",\"SHAPE.STArea()\":\"55439.982737\",\"SHAPE.STLength()\":\"1568.665324\"}},{\"layerId\":22,\"layerName\":\"AV:
        Parzellen\",\"displayFieldName\":\"NUMMER\",\"value\":\"12\",\"attributes\":{\"OBJECTID\":\"60848588\",\"FILEID\":\"175\",\"GDENR\":\"4140\",\"GDENRPARZ\":\"414000012\",\"NUMMER\":\"12\",\"EGRID\":\"CH457176813968\",\"ART\":\"Liegenschaft\",\"FLAECHE\":\"119954\",\"Shape\":\"Polygon\",\"SHAPE.STArea()\":\"119954.310366\",\"SHAPE.STLength()\":\"2631.851661\"}},{\"layerId\":22,\"layerName\":\"AV:
        Parzellen\",\"displayFieldName\":\"NUMMER\",\"value\":\"83\",\"attributes\":{\"OBJECTID\":\"60849975\",\"FILEID\":\"175\",\"GDENR\":\"4140\",\"GDENRPARZ\":\"414000083\",\"NUMMER\":\"83\",\"EGRID\":\"CH768176397001\",\"ART\":\"Liegenschaft\",\"FLAECHE\":\"16564\",\"Shape\":\"Polygon\",\"SHAPE.STArea()\":\"16564.033629\",\"SHAPE.STLength()\":\"631.315566\"}},{\"layerId\":41,\"layerName\":\"\xDCberlagerte
        Schutzr\xE4ume f\xFCr Lebensr\xE4ume und Landschaften (ohne Gew\xE4sserraum)\",\"displayFieldName\":\"NameNummer\",\"value\":\"37167\",\"attributes\":{\"OBJECTID\":\"37167\",\"GDENR\":\"Oberkulm
        4140\",\"HNCode\":\"52\",\"HNBez\":\"\xDCberlagernde Schutzzonen f\xFCr Lebensr\xE4ume
        und Landschaften\",\"KTCode\":\"5211\",\"KTAbk\":\"LS\",\"KTBez\":\"Landschaftsschutzzone\",\"KTVerb\":\"Nutzungsplanfestlegung\",\"GDECode\":\"521101\",\"GDEBez\":\"Landschaftsschutzzone\",\"GDEAbk\":\"LSZ\",\"GDEZweck\":\"Null\",\"GDEVerb\":\"Nutzungsplanfestlegung\",\"NameNummer\":\"Null\",\"Rechtsstatus\":\"inKraft\",\"RRBNr\":\"1994-000492\",\"GeschNr\":\"BVUARE.86.440\",\"Bemerkungen\":\"Null\",\"KTLabel\":\"Null\",\"KTAAbk\":\"S\",\"Geolink\":\"3111\",\"Link\":\"https://oereblex.ag.ch/api/geolinks/3111.html\",\"OEREBexport\":\"ja\",\"OEREBexport_GWR\":\"nein\",\"SHAPE\":\"Polygon\",\"SHAPE.STArea()\":\"1258957.915253\",\"SHAPE.STLength()\":\"21543.157655\"}},{\"layerId\":43,\"layerName\":\"Gesch\xFCtzte
        Naturobjekte im Kulturlandplan\",\"displayFieldName\":\"NameNummer\",\"value\":\"Baum,
        Baumgruppe, Allee\",\"attributes\":{\"OBJECTID\":\"2763\",\"GDENR\":\"Oberkulm
        4140\",\"HNCode\":\"81\",\"HNBez\":\"Naturobjekte\",\"KTCode\":\"8121\",\"KTAbk\":\"EBkl\",\"KTBez\":\"Einzelbaum,
        gesch\xFCtzt\",\"KTVerb\":\"Nutzungsplanfestlegung\",\"GDECode\":\"812101\",\"GDEBez\":\"Einzelbaum
        ausserhalb Baugebiet\",\"GDEAbk\":\"EKl\",\"GDEZweck\":\"Null\",\"GDEVerb\":\"Nutzungsplanfestlegung\",\"NameNummer\":\"Baum,
        Baumgruppe, Allee\",\"Rechtsstatus\":\"inKraft\",\"RRBNr\":\"1994-000492\",\"GeschNr\":\"BVUARE.86.440\",\"Bemerkungen\":\"Null\",\"SHAPE\":\"Point\",\"KTLabel\":\"Null\",\"KTAAbk\":\"NO\",\"Geolink\":\"3111\",\"Link\":\"https://oereblex.ag.ch/api/geolinks/3111.html\",\"OEREBexport\":\"ja\"}},{\"layerId\":61,\"layerName\":\"Waldgrenze\",\"displayFieldName\":\"Gemeinde\",\"value\":\"Oberkulm\",\"attributes\":{\"OBJECTID\":\"2790017\",\"FILEID\":\"175\",\"GDENR\":\"4140\",\"Gemeinde\":\"Oberkulm\",\"Rechtskrft\":\"20190930\",\"Status\":\"gueltig\",\"LinArt\":\"ausgezogen\",\"ArtWG\":\"ausserhalb_Bauzonen\",\"Code\":\"1\",\"Bezeich\":\"4140\",\"Verbindl\":\"Nutzungsplanfestlegung\",\"NWaldstr\":\"nein\",\"Geolink\":\"75\",\"OEREBexport\":\"ja\",\"Shape\":\"Polyline\",\"Shape.STLength()\":\"2017.258575\"}},{\"layerId\":92,\"layerName\":\"Grundwasserschutzzonen\",\"displayFieldName\":\"NUMMER\",\"value\":\"030.089\",\"attributes\":{\"OBJECTID\":\"2230\",\"NUMMER\":\"030.089\",\"TYP\":\"S2\",\"TYPKANT\":\"S2\",\"ISTARECHT\":\"falsch\",\"RECHTSSTAT\":\"inKraft\",\"RECHTDATUM\":\"14.11.2022\",\"BEMSTATUS\":\"Null\",\"GEOLINK\":\"514\",\"BEZEICHNUNG\":\"Quellwasserfassungen
        Fornen, Stammling, Br\xF6nni, Beidel, R\xFCti, Cheeslih\xFCbel, Untere Br\xFCel,
        Hintere Br\xFCel und Obere Br\xFCel\",\"OEREBexport\":\"ja\",\"Shape\":\"Polygon\",\"SHAPE.STArea()\":\"45365.32645\",\"SHAPE.STLength()\":\"1203.928626\"}},{\"layerId\":92,\"layerName\":\"Grundwasserschutzzonen\",\"displayFieldName\":\"NUMMER\",\"value\":\"030.089\",\"attributes\":{\"OBJECTID\":\"2231\",\"NUMMER\":\"030.089\",\"TYP\":\"S3\",\"TYPKANT\":\"S3\",\"ISTARECHT\":\"falsch\",\"RECHTSSTAT\":\"inKraft\",\"RECHTDATUM\":\"14.11.2022\",\"BEMSTATUS\":\"Null\",\"GEOLINK\":\"514\",\"BEZEICHNUNG\":\"Quellwasserfassungen
        Fornen, Stammling, Br\xF6nni, Beidel, R\xFCti, Cheeslih\xFCbel, Untere Br\xFCel,
        Hintere Br\xFCel und Obere Br\xFCel\",\"OEREBexport\":\"ja\",\"Shape\":\"Polygon\",\"SHAPE.STArea()\":\"42070.651999\",\"SHAPE.STLength()\":\"1377.565716\"}},{\"layerId\":93,\"layerName\":\"Gew\xE4sserschutzbereich
        Au\",\"displayFieldName\":\"TYP\",\"value\":\"Au\",\"attributes\":{\"OBJECTID_1\":\"45\",\"OBJECTID\":\"6\",\"TYP\":\"Au\",\"Shape\":\"Polygon\",\"SHAPE.STArea()\":\"418252121.725739\",\"SHAPE.STLength()\":\"942348.004738\"}},{\"layerId\":134,\"layerName\":\"Gefahrenhinweiskarte:
        Prozess permanente Rutschungen\",\"displayFieldName\":\"quelle\",\"value\":\"3\",\"attributes\":{\"OBJECTID\":\"1002\",\"quelle\":\"3\",\"Klasse\":\"permanenter
        Rutsch\",\"PERMARU_ID\":\"1002\",\"SHAPE\":\"Polygon\",\"SHAPE.STArea()\":\"154066.709084\",\"SHAPE.STLength()\":\"1734.082467\"}},{\"layerId\":147,\"layerName\":\"Kulturlandplan:
        zusammengefasste Legende (6 Kategorien)\",\"displayFieldName\":\"NameNummer\",\"value\":\"154659\",\"attributes\":{\"OBJECTID\":\"154659\",\"GDENR\":\"Oberkulm
        4140\",\"HNCode\":\"21\",\"HNBez\":\"Allgemeine Landwirtschaftszonen\",\"KTAAbk\":\"Landwirtschaftszonen\",\"KTCode\":\"2111\",\"KTAbk\":\"AL\",\"KTBez\":\"Allgemeine
        Landwirtschaftszone\",\"KTVerb\":\"Nutzungsplanfestlegung\",\"GDECode\":\"211101\",\"GDEBez\":\"Landwirtschaftszone
        I\",\"GDEAbk\":\"LWZI\",\"GDEZweck\":\"Null\",\"GDEVerb\":\"Nutzungsplanfestlegung\",\"AZmin\":\"Null\",\"AZmax\":\"Null\",\"BMZmin\":\"Null\",\"BMZmax\":\"Null\",\"GFZmin\":\"Null\",\"GFZmax\":\"Null\",\"UEZmin\":\"Null\",\"UEZmax\":\"Null\",\"GZ\":\"Null\",\"WNZ\":\"Null\",\"NameNummer\":\"Null\",\"ES\":\"keine_ES\",\"ES_aufgest\":\"nein\",\"Strasse\":\"Null\",\"Rechtsstatus\":\"inKraft\",\"RRBNr\":\"1994-000492\",\"Bemerkung\":\"Null\",\"GeschNr\":\"BVUARE.86.440\",\"UB\":\"Null\",\"KTLabel\":\"Null\",\"Geolink\":\"3111\",\"Geolink_ES\":\"Null\",\"Link\":\"https://oereblex.ag.ch/api/geolinks/3111.html\",\"OEREBexport\":\"ja\",\"OEREBexport_ES\":\"nein\",\"OEREBexport_GWR\":\"nein\",\"Shape\":\"Polygon\",\"Shape.STArea()\":\"1964426.408708\",\"Shape.STLength()\":\"28852.084518\"}},{\"layerId\":147,\"layerName\":\"Kulturlandplan:
        zusammengefasste Legende (6 Kategorien)\",\"displayFieldName\":\"NameNummer\",\"value\":\"28114\",\"attributes\":{\"OBJECTID\":\"28114\",\"GDENR\":\"Oberkulm
        4140\",\"HNCode\":\"44\",\"HNBez\":\"Wald\",\"KTAAbk\":\"Wald\",\"KTCode\":\"4491\",\"KTAbk\":\"Wa\",\"KTBez\":\"Wald\",\"KTVerb\":\"Orientierungsinhalt\",\"GDECode\":\"449101\",\"GDEBez\":\"Wald\",\"GDEAbk\":\"Wald\",\"GDEZweck\":\"Null\",\"GDEVerb\":\"orientierend\",\"AZmin\":\"Null\",\"AZmax\":\"Null\",\"BMZmin\":\"Null\",\"BMZmax\":\"Null\",\"GFZmin\":\"Null\",\"GFZmax\":\"Null\",\"UEZmin\":\"Null\",\"UEZmax\":\"Null\",\"GZ\":\"Null\",\"WNZ\":\"Null\",\"NameNummer\":\"Null\",\"ES\":\"keine_ES\",\"ES_aufgest\":\"nein\",\"Strasse\":\"nein\",\"Rechtsstatus\":\"inKraft\",\"RRBNr\":\"1994-000492\",\"Bemerkung\":\"Null\",\"GeschNr\":\"BVUARE.86.440\",\"UB\":\"Null\",\"KTLabel\":\"Null\",\"Geolink\":\"3111\",\"Geolink_ES\":\"Null\",\"Link\":\"https://oereblex.ag.ch/api/geolinks/3111.html\",\"OEREBexport\":\"nein\",\"OEREBexport_ES\":\"nein\",\"OEREBexport_GWR\":\"nein\",\"Shape\":\"Polygon\",\"Shape.STArea()\":\"67347.229953\",\"Shape.STLength()\":\"2011.774547\"}}]}"
    headers:
      Access-Control-Allow-Headers:
      - '*'
      Cache-Control:
      - must-revalidate,max-age=0,public
      Connection:
      - Keep-Alive
      Content-Encoding:
      - gzip
      Content-Length:
      - '1886'
      Content-Type:
      - application/json; charset=UTF-8
      Date:
      - Wed, 22 Jan 2025 09:28:29 GMT
      ETag:
      - '"776de557"'
      Keep-Alive:
      - timeout=5, max=100
      Set-Cookie:
      - AGS_ROLES="wHTy1P0sKwtYMcMhA2WNy9xVE9RNTUGZ5dGP4eL4RKNLyXb5UA9YkA=="; Version=1;
        Max-Age=60; Expires=Wed, 22 Jan 2025 09:29:28 GMT; Path=/geoportal/rest; HttpOnly
      - XWAF=1791920065.47873.0000; path=/; Httponly; Secure
      - 'TS014419e9=0100bce5101e56c5d3be2d2b25b0abeff0a5c4b0c2d46fa304033b94adb8427beb46863c351374fbd82b2c5089b3cde4ea44229c911abbc7d57fa3e78a4c0b22011a9aa602;
        Path=/; Domain=.www.ag.ch; '
      - TS01975bae=0100bce51083d2756dac0197e66331b3e642d507c8d46fa304033b94adb8427beb46863c358f31c5ac9de5b5403a4097b382bc7a9c72a769d9de841c5cdb5c38d4f97e53ba;
        path=/geoportal/rest
      Strict-Transport-Security:
      - max-age=16070400; includeSubDomains
      Vary:
      - Origin
      X-Content-Type-Options:
      - nosniff
    status:
      code: 200
      message: OK
- request:
    body: geometry=2650228%2C1238860%2C2650230%2C1238862&layers=all&tolerance=0&mapExtent=2608986%2C1211613%2C2690520%2C1288912&geometryType=esriGeometryEnvelope&imageDisplay=10%2C10%2C96&returnGeometry=false&f=json
    headers:
      Accept:
      - '*/*'
      Accept-Encoding:
      - gzip, deflate
      Connection:
      - keep-alive
      Content-Length:
      - '205'
      Content-Type:
      - application/x-www-form-urlencoded
      User-Agent:
      - python-requests/2.32.3
    method: POST
    uri: https://www.ag.ch/geoportal/rest/services/afb_gischeck_diba/MapServer/identify
  response:
    body:
      string: "{\"results\":[{\"layerId\":1,\"layerName\":\"Gemeinden (Einzelfl\xE4chen)\",\"displayFieldName\":\"GEMEINDE\",\"value\":\"Oberkulm\",\"attributes\":{\"OBJECTID\":\"36\",\"GDENR\":\"4140\",\"GEMEINDE\":\"Oberkulm\",\"GEMEINDEZ\":\"Oberkulm\",\"GEMEINDEU\":\"Oberkulm\",\"BZNR\":\"1905\",\"BEZIRK\":\"Kulm\",\"KTNR\":\"19\",\"KANTON\":\"Aargau\",\"Shape\":\"Polygon\",\"SHAPE.STArea()\":\"9413301.319156\",\"SHAPE.STLength()\":\"15224.789428\"}},{\"layerId\":22,\"layerName\":\"AV:
        Parzellen\",\"displayFieldName\":\"NUMMER\",\"value\":\"83\",\"attributes\":{\"OBJECTID\":\"60849975\",\"FILEID\":\"175\",\"GDENR\":\"4140\",\"GDENRPARZ\":\"414000083\",\"NUMMER\":\"83\",\"EGRID\":\"CH768176397001\",\"ART\":\"Liegenschaft\",\"FLAECHE\":\"16564\",\"Shape\":\"Polygon\",\"SHAPE.STArea()\":\"16564.033629\",\"SHAPE.STLength()\":\"631.315566\"}},{\"layerId\":41,\"layerName\":\"\xDCberlagerte
        Schutzr\xE4ume f\xFCr Lebensr\xE4ume und Landschaften (ohne Gew\xE4sserraum)\",\"displayFieldName\":\"NameNummer\",\"value\":\"37167\",\"attributes\":{\"OBJECTID\":\"37167\",\"GDENR\":\"Oberkulm
        4140\",\"HNCode\":\"52\",\"HNBez\":\"\xDCberlagernde Schutzzonen f\xFCr Lebensr\xE4ume
        und Landschaften\",\"KTCode\":\"5211\",\"KTAbk\":\"LS\",\"KTBez\":\"Landschaftsschutzzone\",\"KTVerb\":\"Nutzungsplanfestlegung\",\"GDECode\":\"521101\",\"GDEBez\":\"Landschaftsschutzzone\",\"GDEAbk\":\"LSZ\",\"GDEZweck\":\"Null\",\"GDEVerb\":\"Nutzungsplanfestlegung\",\"NameNummer\":\"Null\",\"Rechtsstatus\":\"inKraft\",\"RRBNr\":\"1994-000492\",\"GeschNr\":\"BVUARE.86.440\",\"Bemerkungen\":\"Null\",\"KTLabel\":\"Null\",\"KTAAbk\":\"S\",\"Geolink\":\"3111\",\"Link\":\"https://oereblex.ag.ch/api/geolinks/3111.html\",\"OEREBexport\":\"ja\",\"OEREBexport_GWR\":\"nein\",\"SHAPE\":\"Polygon\",\"SHAPE.STArea()\":\"1258957.915253\",\"SHAPE.STLength()\":\"21543.157655\"}},{\"layerId\":43,\"layerName\":\"Gesch\xFCtzte
        Naturobjekte im Kulturlandplan\",\"displayFieldName\":\"NameNummer\",\"value\":\"Baum,
        Baumgruppe, Allee\",\"attributes\":{\"OBJECTID\":\"2763\",\"GDENR\":\"Oberkulm
        4140\",\"HNCode\":\"81\",\"HNBez\":\"Naturobjekte\",\"KTCode\":\"8121\",\"KTAbk\":\"EBkl\",\"KTBez\":\"Einzelbaum,
        gesch\xFCtzt\",\"KTVerb\":\"Nutzungsplanfestlegung\",\"GDECode\":\"812101\",\"GDEBez\":\"Einzelbaum
        ausserhalb Baugebiet\",\"GDEAbk\":\"EKl\",\"GDEZweck\":\"Null\",\"GDEVerb\":\"Nutzungsplanfestlegung\",\"NameNummer\":\"Baum,
        Baumgruppe, Allee\",\"Rechtsstatus\":\"inKraft\",\"RRBNr\":\"1994-000492\",\"GeschNr\":\"BVUARE.86.440\",\"Bemerkungen\":\"Null\",\"SHAPE\":\"Point\",\"KTLabel\":\"Null\",\"KTAAbk\":\"NO\",\"Geolink\":\"3111\",\"Link\":\"https://oereblex.ag.ch/api/geolinks/3111.html\",\"OEREBexport\":\"ja\"}},{\"layerId\":92,\"layerName\":\"Grundwasserschutzzonen\",\"displayFieldName\":\"NUMMER\",\"value\":\"030.089\",\"attributes\":{\"OBJECTID\":\"2230\",\"NUMMER\":\"030.089\",\"TYP\":\"S2\",\"TYPKANT\":\"S2\",\"ISTARECHT\":\"falsch\",\"RECHTSSTAT\":\"inKraft\",\"RECHTDATUM\":\"14.11.2022\",\"BEMSTATUS\":\"Null\",\"GEOLINK\":\"514\",\"BEZEICHNUNG\":\"Quellwasserfassungen
        Fornen, Stammling, Br\xF6nni, Beidel, R\xFCti, Cheeslih\xFCbel, Untere Br\xFCel,
        Hintere Br\xFCel und Obere Br\xFCel\",\"OEREBexport\":\"ja\",\"Shape\":\"Polygon\",\"SHAPE.STArea()\":\"45365.32645\",\"SHAPE.STLength()\":\"1203.928626\"}},{\"layerId\":93,\"layerName\":\"Gew\xE4sserschutzbereich
        Au\",\"displayFieldName\":\"TYP\",\"value\":\"Au\",\"attributes\":{\"OBJECTID_1\":\"45\",\"OBJECTID\":\"6\",\"TYP\":\"Au\",\"Shape\":\"Polygon\",\"SHAPE.STArea()\":\"418252121.725739\",\"SHAPE.STLength()\":\"942348.004738\"}},{\"layerId\":147,\"layerName\":\"Kulturlandplan:
        zusammengefasste Legende (6 Kategorien)\",\"displayFieldName\":\"NameNummer\",\"value\":\"154659\",\"attributes\":{\"OBJECTID\":\"154659\",\"GDENR\":\"Oberkulm
        4140\",\"HNCode\":\"21\",\"HNBez\":\"Allgemeine Landwirtschaftszonen\",\"KTAAbk\":\"Landwirtschaftszonen\",\"KTCode\":\"2111\",\"KTAbk\":\"AL\",\"KTBez\":\"Allgemeine
        Landwirtschaftszone\",\"KTVerb\":\"Nutzungsplanfestlegung\",\"GDECode\":\"211101\",\"GDEBez\":\"Landwirtschaftszone
        I\",\"GDEAbk\":\"LWZI\",\"GDEZweck\":\"Null\",\"GDEVerb\":\"Nutzungsplanfestlegung\",\"AZmin\":\"Null\",\"AZmax\":\"Null\",\"BMZmin\":\"Null\",\"BMZmax\":\"Null\",\"GFZmin\":\"Null\",\"GFZmax\":\"Null\",\"UEZmin\":\"Null\",\"UEZmax\":\"Null\",\"GZ\":\"Null\",\"WNZ\":\"Null\",\"NameNummer\":\"Null\",\"ES\":\"keine_ES\",\"ES_aufgest\":\"nein\",\"Strasse\":\"Null\",\"Rechtsstatus\":\"inKraft\",\"RRBNr\":\"1994-000492\",\"Bemerkung\":\"Null\",\"GeschNr\":\"BVUARE.86.440\",\"UB\":\"Null\",\"KTLabel\":\"Null\",\"Geolink\":\"3111\",\"Geolink_ES\":\"Null\",\"Link\":\"https://oereblex.ag.ch/api/geolinks/3111.html\",\"OEREBexport\":\"ja\",\"OEREBexport_ES\":\"nein\",\"OEREBexport_GWR\":\"nein\",\"Shape\":\"Polygon\",\"Shape.STArea()\":\"1964426.408708\",\"Shape.STLength()\":\"28852.084518\"}}]}"
    headers:
      Access-Control-Allow-Headers:
      - '*'
      Cache-Control:
      - must-revalidate,max-age=0,public
      Connection:
      - Keep-Alive
      Content-Encoding:
      - gzip
      Content-Length:
      - '1396'
      Content-Type:
      - application/json; charset=UTF-8
      Date:
      - Wed, 22 Jan 2025 09:51:56 GMT
      ETag:
      - '"15bb80cb"'
      Keep-Alive:
      - timeout=5, max=100
      Set-Cookie:
      - AGS_ROLES="wHTy1P0sKwtYMcMhA2WNy9xVE9RNTUGZ5dGP4eL4RKNLyXb5UA9YkA=="; Version=1;
        Max-Age=60; Expires=Wed, 22 Jan 2025 09:52:55 GMT; Path=/geoportal/rest; HttpOnly
      - XWAF=1791920065.47873.0000; path=/; Httponly; Secure
      - 'TS014419e9=0100bce5109e008437ef3ba59bf8fde4d786f007da33bde73ee72a755eec313e0abe4eb0c568160fa748e11208561d2ae2e8c02931449ad99c17f0cc54790542a12ea5d99f;
        Path=/; Domain=.www.ag.ch; '
      - TS01975bae=0100bce510d131cacc7338148cd1d061bb693a2b0b33bde73ee72a755eec313e0abe4eb0c5dfda7d500312caa552f772ca20bbccc8f9887f3a246ddeee1e1d27faec81c1e6;
        path=/geoportal/rest
      Strict-Transport-Security:
      - max-age=16070400; includeSubDomains
      Vary:
      - Origin
      X-Content-Type-Options:
      - nosniff
    status:
      code: 200
      message: OK
- request:
    body: geometry=2650209%2C1238841%2C2650249%2C1238881&layers=all&tolerance=0&mapExtent=2608986%2C1211613%2C2690520%2C1288912&geometryType=esriGeometryEnvelope&imageDisplay=10%2C10%2C96&returnGeometry=false&f=json
    headers:
      Accept:
      - '*/*'
      Accept-Encoding:
      - gzip, deflate
      Connection:
      - keep-alive
      Content-Length:
      - '205'
      Content-Type:
      - application/x-www-form-urlencoded
      Cookie:
      - AGS_ROLES="wHTy1P0sKwtYMcMhA2WNy9xVE9RNTUGZ5dGP4eL4RKNLyXb5UA9YkA=="; TS01975bae=0100bce510d131cacc7338148cd1d061bb693a2b0b33bde73ee72a755eec313e0abe4eb0c5dfda7d500312caa552f772ca20bbccc8f9887f3a246ddeee1e1d27faec81c1e6;
        TS014419e9=0100bce5109e008437ef3ba59bf8fde4d786f007da33bde73ee72a755eec313e0abe4eb0c568160fa748e11208561d2ae2e8c02931449ad99c17f0cc54790542a12ea5d99f;
        XWAF=1791920065.47873.0000
      User-Agent:
      - python-requests/2.32.3
    method: POST
    uri: https://www.ag.ch/geoportal/rest/services/afb_gischeck_diba/MapServer/identify
  response:
    body:
      string: "{\"results\":[{\"layerId\":1,\"layerName\":\"Gemeinden (Einzelfl\xE4chen)\",\"displayFieldName\":\"GEMEINDE\",\"value\":\"Oberkulm\",\"attributes\":{\"OBJECTID\":\"36\",\"GDENR\":\"4140\",\"GEMEINDE\":\"Oberkulm\",\"GEMEINDEZ\":\"Oberkulm\",\"GEMEINDEU\":\"Oberkulm\",\"BZNR\":\"1905\",\"BEZIRK\":\"Kulm\",\"KTNR\":\"19\",\"KANTON\":\"Aargau\",\"Shape\":\"Polygon\",\"SHAPE.STArea()\":\"9413301.319156\",\"SHAPE.STLength()\":\"15224.789428\"}},{\"layerId\":22,\"layerName\":\"AV:
        Parzellen\",\"displayFieldName\":\"NUMMER\",\"value\":\"88\",\"attributes\":{\"OBJECTID\":\"60848703\",\"FILEID\":\"175\",\"GDENR\":\"4140\",\"GDENRPARZ\":\"414000088\",\"NUMMER\":\"88\",\"EGRID\":\"CH368176397139\",\"ART\":\"Liegenschaft\",\"FLAECHE\":\"55440\",\"Shape\":\"Polygon\",\"SHAPE.STArea()\":\"55439.982737\",\"SHAPE.STLength()\":\"1568.665324\"}},{\"layerId\":22,\"layerName\":\"AV:
        Parzellen\",\"displayFieldName\":\"NUMMER\",\"value\":\"12\",\"attributes\":{\"OBJECTID\":\"60848588\",\"FILEID\":\"175\",\"GDENR\":\"4140\",\"GDENRPARZ\":\"414000012\",\"NUMMER\":\"12\",\"EGRID\":\"CH457176813968\",\"ART\":\"Liegenschaft\",\"FLAECHE\":\"119954\",\"Shape\":\"Polygon\",\"SHAPE.STArea()\":\"119954.310366\",\"SHAPE.STLength()\":\"2631.851661\"}},{\"layerId\":22,\"layerName\":\"AV:
        Parzellen\",\"displayFieldName\":\"NUMMER\",\"value\":\"83\",\"attributes\":{\"OBJECTID\":\"60849975\",\"FILEID\":\"175\",\"GDENR\":\"4140\",\"GDENRPARZ\":\"414000083\",\"NUMMER\":\"83\",\"EGRID\":\"CH768176397001\",\"ART\":\"Liegenschaft\",\"FLAECHE\":\"16564\",\"Shape\":\"Polygon\",\"SHAPE.STArea()\":\"16564.033629\",\"SHAPE.STLength()\":\"631.315566\"}},{\"layerId\":41,\"layerName\":\"\xDCberlagerte
        Schutzr\xE4ume f\xFCr Lebensr\xE4ume und Landschaften (ohne Gew\xE4sserraum)\",\"displayFieldName\":\"NameNummer\",\"value\":\"37167\",\"attributes\":{\"OBJECTID\":\"37167\",\"GDENR\":\"Oberkulm
        4140\",\"HNCode\":\"52\",\"HNBez\":\"\xDCberlagernde Schutzzonen f\xFCr Lebensr\xE4ume
        und Landschaften\",\"KTCode\":\"5211\",\"KTAbk\":\"LS\",\"KTBez\":\"Landschaftsschutzzone\",\"KTVerb\":\"Nutzungsplanfestlegung\",\"GDECode\":\"521101\",\"GDEBez\":\"Landschaftsschutzzone\",\"GDEAbk\":\"LSZ\",\"GDEZweck\":\"Null\",\"GDEVerb\":\"Nutzungsplanfestlegung\",\"NameNummer\":\"Null\",\"Rechtsstatus\":\"inKraft\",\"RRBNr\":\"1994-000492\",\"GeschNr\":\"BVUARE.86.440\",\"Bemerkungen\":\"Null\",\"KTLabel\":\"Null\",\"KTAAbk\":\"S\",\"Geolink\":\"3111\",\"Link\":\"https://oereblex.ag.ch/api/geolinks/3111.html\",\"OEREBexport\":\"ja\",\"OEREBexport_GWR\":\"nein\",\"SHAPE\":\"Polygon\",\"SHAPE.STArea()\":\"1258957.915253\",\"SHAPE.STLength()\":\"21543.157655\"}},{\"layerId\":43,\"layerName\":\"Gesch\xFCtzte
        Naturobjekte im Kulturlandplan\",\"displayFieldName\":\"NameNummer\",\"value\":\"Baum,
        Baumgruppe, Allee\",\"attributes\":{\"OBJECTID\":\"2763\",\"GDENR\":\"Oberkulm
        4140\",\"HNCode\":\"81\",\"HNBez\":\"Naturobjekte\",\"KTCode\":\"8121\",\"KTAbk\":\"EBkl\",\"KTBez\":\"Einzelbaum,
        gesch\xFCtzt\",\"KTVerb\":\"Nutzungsplanfestlegung\",\"GDECode\":\"812101\",\"GDEBez\":\"Einzelbaum
        ausserhalb Baugebiet\",\"GDEAbk\":\"EKl\",\"GDEZweck\":\"Null\",\"GDEVerb\":\"Nutzungsplanfestlegung\",\"NameNummer\":\"Baum,
        Baumgruppe, Allee\",\"Rechtsstatus\":\"inKraft\",\"RRBNr\":\"1994-000492\",\"GeschNr\":\"BVUARE.86.440\",\"Bemerkungen\":\"Null\",\"SHAPE\":\"Point\",\"KTLabel\":\"Null\",\"KTAAbk\":\"NO\",\"Geolink\":\"3111\",\"Link\":\"https://oereblex.ag.ch/api/geolinks/3111.html\",\"OEREBexport\":\"ja\"}},{\"layerId\":61,\"layerName\":\"Waldgrenze\",\"displayFieldName\":\"Gemeinde\",\"value\":\"Oberkulm\",\"attributes\":{\"OBJECTID\":\"2790017\",\"FILEID\":\"175\",\"GDENR\":\"4140\",\"Gemeinde\":\"Oberkulm\",\"Rechtskrft\":\"20190930\",\"Status\":\"gueltig\",\"LinArt\":\"ausgezogen\",\"ArtWG\":\"ausserhalb_Bauzonen\",\"Code\":\"1\",\"Bezeich\":\"4140\",\"Verbindl\":\"Nutzungsplanfestlegung\",\"NWaldstr\":\"nein\",\"Geolink\":\"75\",\"OEREBexport\":\"ja\",\"Shape\":\"Polyline\",\"Shape.STLength()\":\"2017.258575\"}},{\"layerId\":92,\"layerName\":\"Grundwasserschutzzonen\",\"displayFieldName\":\"NUMMER\",\"value\":\"030.089\",\"attributes\":{\"OBJECTID\":\"2230\",\"NUMMER\":\"030.089\",\"TYP\":\"S2\",\"TYPKANT\":\"S2\",\"ISTARECHT\":\"falsch\",\"RECHTSSTAT\":\"inKraft\",\"RECHTDATUM\":\"14.11.2022\",\"BEMSTATUS\":\"Null\",\"GEOLINK\":\"514\",\"BEZEICHNUNG\":\"Quellwasserfassungen
        Fornen, Stammling, Br\xF6nni, Beidel, R\xFCti, Cheeslih\xFCbel, Untere Br\xFCel,
        Hintere Br\xFCel und Obere Br\xFCel\",\"OEREBexport\":\"ja\",\"Shape\":\"Polygon\",\"SHAPE.STArea()\":\"45365.32645\",\"SHAPE.STLength()\":\"1203.928626\"}},{\"layerId\":92,\"layerName\":\"Grundwasserschutzzonen\",\"displayFieldName\":\"NUMMER\",\"value\":\"030.089\",\"attributes\":{\"OBJECTID\":\"2231\",\"NUMMER\":\"030.089\",\"TYP\":\"S3\",\"TYPKANT\":\"S3\",\"ISTARECHT\":\"falsch\",\"RECHTSSTAT\":\"inKraft\",\"RECHTDATUM\":\"14.11.2022\",\"BEMSTATUS\":\"Null\",\"GEOLINK\":\"514\",\"BEZEICHNUNG\":\"Quellwasserfassungen
        Fornen, Stammling, Br\xF6nni, Beidel, R\xFCti, Cheeslih\xFCbel, Untere Br\xFCel,
        Hintere Br\xFCel und Obere Br\xFCel\",\"OEREBexport\":\"ja\",\"Shape\":\"Polygon\",\"SHAPE.STArea()\":\"42070.651999\",\"SHAPE.STLength()\":\"1377.565716\"}},{\"layerId\":93,\"layerName\":\"Gew\xE4sserschutzbereich
        Au\",\"displayFieldName\":\"TYP\",\"value\":\"Au\",\"attributes\":{\"OBJECTID_1\":\"45\",\"OBJECTID\":\"6\",\"TYP\":\"Au\",\"Shape\":\"Polygon\",\"SHAPE.STArea()\":\"418252121.725739\",\"SHAPE.STLength()\":\"942348.004738\"}},{\"layerId\":134,\"layerName\":\"Gefahrenhinweiskarte:
        Prozess permanente Rutschungen\",\"displayFieldName\":\"quelle\",\"value\":\"3\",\"attributes\":{\"OBJECTID\":\"1002\",\"quelle\":\"3\",\"Klasse\":\"permanenter
        Rutsch\",\"PERMARU_ID\":\"1002\",\"SHAPE\":\"Polygon\",\"SHAPE.STArea()\":\"154066.709084\",\"SHAPE.STLength()\":\"1734.082467\"}},{\"layerId\":147,\"layerName\":\"Kulturlandplan:
        zusammengefasste Legende (6 Kategorien)\",\"displayFieldName\":\"NameNummer\",\"value\":\"154659\",\"attributes\":{\"OBJECTID\":\"154659\",\"GDENR\":\"Oberkulm
        4140\",\"HNCode\":\"21\",\"HNBez\":\"Allgemeine Landwirtschaftszonen\",\"KTAAbk\":\"Landwirtschaftszonen\",\"KTCode\":\"2111\",\"KTAbk\":\"AL\",\"KTBez\":\"Allgemeine
        Landwirtschaftszone\",\"KTVerb\":\"Nutzungsplanfestlegung\",\"GDECode\":\"211101\",\"GDEBez\":\"Landwirtschaftszone
        I\",\"GDEAbk\":\"LWZI\",\"GDEZweck\":\"Null\",\"GDEVerb\":\"Nutzungsplanfestlegung\",\"AZmin\":\"Null\",\"AZmax\":\"Null\",\"BMZmin\":\"Null\",\"BMZmax\":\"Null\",\"GFZmin\":\"Null\",\"GFZmax\":\"Null\",\"UEZmin\":\"Null\",\"UEZmax\":\"Null\",\"GZ\":\"Null\",\"WNZ\":\"Null\",\"NameNummer\":\"Null\",\"ES\":\"keine_ES\",\"ES_aufgest\":\"nein\",\"Strasse\":\"Null\",\"Rechtsstatus\":\"inKraft\",\"RRBNr\":\"1994-000492\",\"Bemerkung\":\"Null\",\"GeschNr\":\"BVUARE.86.440\",\"UB\":\"Null\",\"KTLabel\":\"Null\",\"Geolink\":\"3111\",\"Geolink_ES\":\"Null\",\"Link\":\"https://oereblex.ag.ch/api/geolinks/3111.html\",\"OEREBexport\":\"ja\",\"OEREBexport_ES\":\"nein\",\"OEREBexport_GWR\":\"nein\",\"Shape\":\"Polygon\",\"Shape.STArea()\":\"1964426.408708\",\"Shape.STLength()\":\"28852.084518\"}},{\"layerId\":147,\"layerName\":\"Kulturlandplan:
        zusammengefasste Legende (6 Kategorien)\",\"displayFieldName\":\"NameNummer\",\"value\":\"28114\",\"attributes\":{\"OBJECTID\":\"28114\",\"GDENR\":\"Oberkulm
        4140\",\"HNCode\":\"44\",\"HNBez\":\"Wald\",\"KTAAbk\":\"Wald\",\"KTCode\":\"4491\",\"KTAbk\":\"Wa\",\"KTBez\":\"Wald\",\"KTVerb\":\"Orientierungsinhalt\",\"GDECode\":\"449101\",\"GDEBez\":\"Wald\",\"GDEAbk\":\"Wald\",\"GDEZweck\":\"Null\",\"GDEVerb\":\"orientierend\",\"AZmin\":\"Null\",\"AZmax\":\"Null\",\"BMZmin\":\"Null\",\"BMZmax\":\"Null\",\"GFZmin\":\"Null\",\"GFZmax\":\"Null\",\"UEZmin\":\"Null\",\"UEZmax\":\"Null\",\"GZ\":\"Null\",\"WNZ\":\"Null\",\"NameNummer\":\"Null\",\"ES\":\"keine_ES\",\"ES_aufgest\":\"nein\",\"Strasse\":\"nein\",\"Rechtsstatus\":\"inKraft\",\"RRBNr\":\"1994-000492\",\"Bemerkung\":\"Null\",\"GeschNr\":\"BVUARE.86.440\",\"UB\":\"Null\",\"KTLabel\":\"Null\",\"Geolink\":\"3111\",\"Geolink_ES\":\"Null\",\"Link\":\"https://oereblex.ag.ch/api/geolinks/3111.html\",\"OEREBexport\":\"nein\",\"OEREBexport_ES\":\"nein\",\"OEREBexport_GWR\":\"nein\",\"Shape\":\"Polygon\",\"Shape.STArea()\":\"67347.229953\",\"Shape.STLength()\":\"2011.774547\"}}]}"
    headers:
      Access-Control-Allow-Headers:
      - '*'
      Cache-Control:
      - must-revalidate,max-age=0,public
      Connection:
      - Keep-Alive
      Content-Encoding:
      - gzip
      Content-Length:
      - '1886'
      Content-Type:
      - application/json; charset=UTF-8
      Date:
      - Wed, 22 Jan 2025 09:51:56 GMT
      ETag:
      - '"776de557"'
      Keep-Alive:
      - timeout=5, max=100
      Set-Cookie:
      - AGS_ROLES="wHTy1P0sKwtYMcMhA2WNy9xVE9RNTUGZ5dGP4eL4RKNLyXb5UA9YkA=="; Version=1;
        Max-Age=60; Expires=Wed, 22 Jan 2025 09:52:56 GMT; Path=/geoportal/rest; HttpOnly
      - XWAF=1791920065.47873.0000; path=/; Httponly; Secure
      - 'TS014419e9=0100bce5109e008437ef3ba59bf8fde4d786f007da33bde73ee72a755eec313e0abe4eb0c568160fa748e11208561d2ae2e8c02931449ad99c17f0cc54790542a12ea5d99f;
        Path=/; Domain=.www.ag.ch; '
      - TS01975bae=0100bce510d131cacc7338148cd1d061bb693a2b0b33bde73ee72a755eec313e0abe4eb0c5dfda7d500312caa552f772ca20bbccc8f9887f3a246ddeee1e1d27faec81c1e6;
        path=/geoportal/rest
      Strict-Transport-Security:
      - max-age=16070400; includeSubDomains
      Vary:
      - Origin
      X-Content-Type-Options:
      - nosniff
    status:
      code: 200
      message: OK
- request:
    body: geometry=2650228%2C1238860%2C2650230%2C1238862&layers=all&tolerance=0&mapExtent=2608986%2C1211613%2C2690520%2C1288912&geometryType=esriGeometryEnvelope&imageDisplay=10%2C10%2C96&returnGeometry=false&f=json
    headers:
      Accept:
      - '*/*'
      Accept-Encoding:
      - gzip, deflate
      Connection:
      - keep-alive
      Content-Length:
      - '205'
      Content-Type:
      - application/x-www-form-urlencoded
      User-Agent:
      - python-requests/2.32.3
    method: POST
    uri: https://www.ag.ch/geoportal/rest/services/afb_gischeck_diba/MapServer/identify
  response:
    body:
      string: "{\"results\":[{\"layerId\":1,\"layerName\":\"Gemeinden (Einzelfl\xE4chen)\",\"displayFieldName\":\"GEMEINDE\",\"value\":\"Oberkulm\",\"attributes\":{\"OBJECTID\":\"36\",\"GDENR\":\"4140\",\"GEMEINDE\":\"Oberkulm\",\"GEMEINDEZ\":\"Oberkulm\",\"GEMEINDEU\":\"Oberkulm\",\"BZNR\":\"1905\",\"BEZIRK\":\"Kulm\",\"KTNR\":\"19\",\"KANTON\":\"Aargau\",\"Shape\":\"Polygon\",\"SHAPE.STArea()\":\"9413301.319156\",\"SHAPE.STLength()\":\"15224.789428\"}},{\"layerId\":22,\"layerName\":\"AV:
        Parzellen\",\"displayFieldName\":\"NUMMER\",\"value\":\"83\",\"attributes\":{\"OBJECTID\":\"60849975\",\"FILEID\":\"175\",\"GDENR\":\"4140\",\"GDENRPARZ\":\"414000083\",\"NUMMER\":\"83\",\"EGRID\":\"CH768176397001\",\"ART\":\"Liegenschaft\",\"FLAECHE\":\"16564\",\"Shape\":\"Polygon\",\"SHAPE.STArea()\":\"16564.033629\",\"SHAPE.STLength()\":\"631.315566\"}},{\"layerId\":41,\"layerName\":\"\xDCberlagerte
        Schutzr\xE4ume f\xFCr Lebensr\xE4ume und Landschaften (ohne Gew\xE4sserraum)\",\"displayFieldName\":\"NameNummer\",\"value\":\"37167\",\"attributes\":{\"OBJECTID\":\"37167\",\"GDENR\":\"Oberkulm
        4140\",\"HNCode\":\"52\",\"HNBez\":\"\xDCberlagernde Schutzzonen f\xFCr Lebensr\xE4ume
        und Landschaften\",\"KTCode\":\"5211\",\"KTAbk\":\"LS\",\"KTBez\":\"Landschaftsschutzzone\",\"KTVerb\":\"Nutzungsplanfestlegung\",\"GDECode\":\"521101\",\"GDEBez\":\"Landschaftsschutzzone\",\"GDEAbk\":\"LSZ\",\"GDEZweck\":\"Null\",\"GDEVerb\":\"Nutzungsplanfestlegung\",\"NameNummer\":\"Null\",\"Rechtsstatus\":\"inKraft\",\"RRBNr\":\"1994-000492\",\"GeschNr\":\"BVUARE.86.440\",\"Bemerkungen\":\"Null\",\"KTLabel\":\"Null\",\"KTAAbk\":\"S\",\"Geolink\":\"3111\",\"Link\":\"https://oereblex.ag.ch/api/geolinks/3111.html\",\"OEREBexport\":\"ja\",\"OEREBexport_GWR\":\"nein\",\"SHAPE\":\"Polygon\",\"SHAPE.STArea()\":\"1258957.915253\",\"SHAPE.STLength()\":\"21543.157655\"}},{\"layerId\":43,\"layerName\":\"Gesch\xFCtzte
        Naturobjekte im Kulturlandplan\",\"displayFieldName\":\"NameNummer\",\"value\":\"Baum,
        Baumgruppe, Allee\",\"attributes\":{\"OBJECTID\":\"2763\",\"GDENR\":\"Oberkulm
        4140\",\"HNCode\":\"81\",\"HNBez\":\"Naturobjekte\",\"KTCode\":\"8121\",\"KTAbk\":\"EBkl\",\"KTBez\":\"Einzelbaum,
        gesch\xFCtzt\",\"KTVerb\":\"Nutzungsplanfestlegung\",\"GDECode\":\"812101\",\"GDEBez\":\"Einzelbaum
        ausserhalb Baugebiet\",\"GDEAbk\":\"EKl\",\"GDEZweck\":\"Null\",\"GDEVerb\":\"Nutzungsplanfestlegung\",\"NameNummer\":\"Baum,
        Baumgruppe, Allee\",\"Rechtsstatus\":\"inKraft\",\"RRBNr\":\"1994-000492\",\"GeschNr\":\"BVUARE.86.440\",\"Bemerkungen\":\"Null\",\"SHAPE\":\"Point\",\"KTLabel\":\"Null\",\"KTAAbk\":\"NO\",\"Geolink\":\"3111\",\"Link\":\"https://oereblex.ag.ch/api/geolinks/3111.html\",\"OEREBexport\":\"ja\"}},{\"layerId\":92,\"layerName\":\"Grundwasserschutzzonen\",\"displayFieldName\":\"NUMMER\",\"value\":\"030.089\",\"attributes\":{\"OBJECTID\":\"2230\",\"NUMMER\":\"030.089\",\"TYP\":\"S2\",\"TYPKANT\":\"S2\",\"ISTARECHT\":\"falsch\",\"RECHTSSTAT\":\"inKraft\",\"RECHTDATUM\":\"14.11.2022\",\"BEMSTATUS\":\"Null\",\"GEOLINK\":\"514\",\"BEZEICHNUNG\":\"Quellwasserfassungen
        Fornen, Stammling, Br\xF6nni, Beidel, R\xFCti, Cheeslih\xFCbel, Untere Br\xFCel,
        Hintere Br\xFCel und Obere Br\xFCel\",\"OEREBexport\":\"ja\",\"Shape\":\"Polygon\",\"SHAPE.STArea()\":\"45365.32645\",\"SHAPE.STLength()\":\"1203.928626\"}},{\"layerId\":93,\"layerName\":\"Gew\xE4sserschutzbereich
        Au\",\"displayFieldName\":\"TYP\",\"value\":\"Au\",\"attributes\":{\"OBJECTID_1\":\"45\",\"OBJECTID\":\"6\",\"TYP\":\"Au\",\"Shape\":\"Polygon\",\"SHAPE.STArea()\":\"418252121.725739\",\"SHAPE.STLength()\":\"942348.004738\"}},{\"layerId\":147,\"layerName\":\"Kulturlandplan:
        zusammengefasste Legende (6 Kategorien)\",\"displayFieldName\":\"NameNummer\",\"value\":\"154659\",\"attributes\":{\"OBJECTID\":\"154659\",\"GDENR\":\"Oberkulm
        4140\",\"HNCode\":\"21\",\"HNBez\":\"Allgemeine Landwirtschaftszonen\",\"KTAAbk\":\"Landwirtschaftszonen\",\"KTCode\":\"2111\",\"KTAbk\":\"AL\",\"KTBez\":\"Allgemeine
        Landwirtschaftszone\",\"KTVerb\":\"Nutzungsplanfestlegung\",\"GDECode\":\"211101\",\"GDEBez\":\"Landwirtschaftszone
        I\",\"GDEAbk\":\"LWZI\",\"GDEZweck\":\"Null\",\"GDEVerb\":\"Nutzungsplanfestlegung\",\"AZmin\":\"Null\",\"AZmax\":\"Null\",\"BMZmin\":\"Null\",\"BMZmax\":\"Null\",\"GFZmin\":\"Null\",\"GFZmax\":\"Null\",\"UEZmin\":\"Null\",\"UEZmax\":\"Null\",\"GZ\":\"Null\",\"WNZ\":\"Null\",\"NameNummer\":\"Null\",\"ES\":\"keine_ES\",\"ES_aufgest\":\"nein\",\"Strasse\":\"Null\",\"Rechtsstatus\":\"inKraft\",\"RRBNr\":\"1994-000492\",\"Bemerkung\":\"Null\",\"GeschNr\":\"BVUARE.86.440\",\"UB\":\"Null\",\"KTLabel\":\"Null\",\"Geolink\":\"3111\",\"Geolink_ES\":\"Null\",\"Link\":\"https://oereblex.ag.ch/api/geolinks/3111.html\",\"OEREBexport\":\"ja\",\"OEREBexport_ES\":\"nein\",\"OEREBexport_GWR\":\"nein\",\"Shape\":\"Polygon\",\"Shape.STArea()\":\"1964426.408708\",\"Shape.STLength()\":\"28852.084518\"}}]}"
    headers:
      Access-Control-Allow-Headers:
      - '*'
      Cache-Control:
      - must-revalidate,max-age=0,public
      Connection:
      - Keep-Alive
      Content-Encoding:
      - gzip
      Content-Length:
      - '1396'
      Content-Type:
      - application/json; charset=UTF-8
      Date:
      - Wed, 22 Jan 2025 10:59:56 GMT
      ETag:
      - '"15bb80cb"'
      Keep-Alive:
      - timeout=5, max=100
      Set-Cookie:
      - AGS_ROLES="wHTy1P0sKwtYMcMhA2WNy9xVE9RNTUGZ5dGP4eL4RKNLyXb5UA9YkA=="; Version=1;
        Max-Age=60; Expires=Wed, 22 Jan 2025 11:00:55 GMT; Path=/geoportal/rest; HttpOnly
      - XWAF=1775142849.47873.0000; path=/; Httponly; Secure
      - 'TS014419e9=0100bce510bee79adef0d28e7f68dabc3cf98adf0d5052903f223d330ff5acbe04c1eef1a737b34d557c9c4e3007812ba7a6550d13682468e38aeba27d034ed0be2b7f5f38;
        Path=/; Domain=.www.ag.ch; '
      - TS01975bae=0100bce5105e17acbd3ebc8644283d5866420960805052903f223d330ff5acbe04c1eef1a7734944aa7a0d2807f56f8369ca216386f7adebc4769b3d5429ca4a60ef593d1f;
        path=/geoportal/rest
      Strict-Transport-Security:
      - max-age=16070400; includeSubDomains
      Vary:
      - Origin
      X-Content-Type-Options:
      - nosniff
    status:
      code: 200
      message: OK
- request:
    body: geometry=2650209%2C1238841%2C2650249%2C1238881&layers=all&tolerance=0&mapExtent=2608986%2C1211613%2C2690520%2C1288912&geometryType=esriGeometryEnvelope&imageDisplay=10%2C10%2C96&returnGeometry=false&f=json
    headers:
      Accept:
      - '*/*'
      Accept-Encoding:
      - gzip, deflate
      Connection:
      - keep-alive
      Content-Length:
      - '205'
      Content-Type:
      - application/x-www-form-urlencoded
      Cookie:
      - AGS_ROLES="wHTy1P0sKwtYMcMhA2WNy9xVE9RNTUGZ5dGP4eL4RKNLyXb5UA9YkA=="; TS01975bae=0100bce5105e17acbd3ebc8644283d5866420960805052903f223d330ff5acbe04c1eef1a7734944aa7a0d2807f56f8369ca216386f7adebc4769b3d5429ca4a60ef593d1f;
        TS014419e9=0100bce510bee79adef0d28e7f68dabc3cf98adf0d5052903f223d330ff5acbe04c1eef1a737b34d557c9c4e3007812ba7a6550d13682468e38aeba27d034ed0be2b7f5f38;
        XWAF=1775142849.47873.0000
      User-Agent:
      - python-requests/2.32.3
    method: POST
    uri: https://www.ag.ch/geoportal/rest/services/afb_gischeck_diba/MapServer/identify
  response:
    body:
      string: "{\"results\":[{\"layerId\":1,\"layerName\":\"Gemeinden (Einzelfl\xE4chen)\",\"displayFieldName\":\"GEMEINDE\",\"value\":\"Oberkulm\",\"attributes\":{\"OBJECTID\":\"36\",\"GDENR\":\"4140\",\"GEMEINDE\":\"Oberkulm\",\"GEMEINDEZ\":\"Oberkulm\",\"GEMEINDEU\":\"Oberkulm\",\"BZNR\":\"1905\",\"BEZIRK\":\"Kulm\",\"KTNR\":\"19\",\"KANTON\":\"Aargau\",\"Shape\":\"Polygon\",\"SHAPE.STArea()\":\"9413301.319156\",\"SHAPE.STLength()\":\"15224.789428\"}},{\"layerId\":22,\"layerName\":\"AV:
        Parzellen\",\"displayFieldName\":\"NUMMER\",\"value\":\"88\",\"attributes\":{\"OBJECTID\":\"60848703\",\"FILEID\":\"175\",\"GDENR\":\"4140\",\"GDENRPARZ\":\"414000088\",\"NUMMER\":\"88\",\"EGRID\":\"CH368176397139\",\"ART\":\"Liegenschaft\",\"FLAECHE\":\"55440\",\"Shape\":\"Polygon\",\"SHAPE.STArea()\":\"55439.982737\",\"SHAPE.STLength()\":\"1568.665324\"}},{\"layerId\":22,\"layerName\":\"AV:
        Parzellen\",\"displayFieldName\":\"NUMMER\",\"value\":\"12\",\"attributes\":{\"OBJECTID\":\"60848588\",\"FILEID\":\"175\",\"GDENR\":\"4140\",\"GDENRPARZ\":\"414000012\",\"NUMMER\":\"12\",\"EGRID\":\"CH457176813968\",\"ART\":\"Liegenschaft\",\"FLAECHE\":\"119954\",\"Shape\":\"Polygon\",\"SHAPE.STArea()\":\"119954.310366\",\"SHAPE.STLength()\":\"2631.851661\"}},{\"layerId\":22,\"layerName\":\"AV:
        Parzellen\",\"displayFieldName\":\"NUMMER\",\"value\":\"83\",\"attributes\":{\"OBJECTID\":\"60849975\",\"FILEID\":\"175\",\"GDENR\":\"4140\",\"GDENRPARZ\":\"414000083\",\"NUMMER\":\"83\",\"EGRID\":\"CH768176397001\",\"ART\":\"Liegenschaft\",\"FLAECHE\":\"16564\",\"Shape\":\"Polygon\",\"SHAPE.STArea()\":\"16564.033629\",\"SHAPE.STLength()\":\"631.315566\"}},{\"layerId\":41,\"layerName\":\"\xDCberlagerte
        Schutzr\xE4ume f\xFCr Lebensr\xE4ume und Landschaften (ohne Gew\xE4sserraum)\",\"displayFieldName\":\"NameNummer\",\"value\":\"37167\",\"attributes\":{\"OBJECTID\":\"37167\",\"GDENR\":\"Oberkulm
        4140\",\"HNCode\":\"52\",\"HNBez\":\"\xDCberlagernde Schutzzonen f\xFCr Lebensr\xE4ume
        und Landschaften\",\"KTCode\":\"5211\",\"KTAbk\":\"LS\",\"KTBez\":\"Landschaftsschutzzone\",\"KTVerb\":\"Nutzungsplanfestlegung\",\"GDECode\":\"521101\",\"GDEBez\":\"Landschaftsschutzzone\",\"GDEAbk\":\"LSZ\",\"GDEZweck\":\"Null\",\"GDEVerb\":\"Nutzungsplanfestlegung\",\"NameNummer\":\"Null\",\"Rechtsstatus\":\"inKraft\",\"RRBNr\":\"1994-000492\",\"GeschNr\":\"BVUARE.86.440\",\"Bemerkungen\":\"Null\",\"KTLabel\":\"Null\",\"KTAAbk\":\"S\",\"Geolink\":\"3111\",\"Link\":\"https://oereblex.ag.ch/api/geolinks/3111.html\",\"OEREBexport\":\"ja\",\"OEREBexport_GWR\":\"nein\",\"SHAPE\":\"Polygon\",\"SHAPE.STArea()\":\"1258957.915253\",\"SHAPE.STLength()\":\"21543.157655\"}},{\"layerId\":43,\"layerName\":\"Gesch\xFCtzte
        Naturobjekte im Kulturlandplan\",\"displayFieldName\":\"NameNummer\",\"value\":\"Baum,
        Baumgruppe, Allee\",\"attributes\":{\"OBJECTID\":\"2763\",\"GDENR\":\"Oberkulm
        4140\",\"HNCode\":\"81\",\"HNBez\":\"Naturobjekte\",\"KTCode\":\"8121\",\"KTAbk\":\"EBkl\",\"KTBez\":\"Einzelbaum,
        gesch\xFCtzt\",\"KTVerb\":\"Nutzungsplanfestlegung\",\"GDECode\":\"812101\",\"GDEBez\":\"Einzelbaum
        ausserhalb Baugebiet\",\"GDEAbk\":\"EKl\",\"GDEZweck\":\"Null\",\"GDEVerb\":\"Nutzungsplanfestlegung\",\"NameNummer\":\"Baum,
        Baumgruppe, Allee\",\"Rechtsstatus\":\"inKraft\",\"RRBNr\":\"1994-000492\",\"GeschNr\":\"BVUARE.86.440\",\"Bemerkungen\":\"Null\",\"SHAPE\":\"Point\",\"KTLabel\":\"Null\",\"KTAAbk\":\"NO\",\"Geolink\":\"3111\",\"Link\":\"https://oereblex.ag.ch/api/geolinks/3111.html\",\"OEREBexport\":\"ja\"}},{\"layerId\":61,\"layerName\":\"Waldgrenze\",\"displayFieldName\":\"Gemeinde\",\"value\":\"Oberkulm\",\"attributes\":{\"OBJECTID\":\"2790017\",\"FILEID\":\"175\",\"GDENR\":\"4140\",\"Gemeinde\":\"Oberkulm\",\"Rechtskrft\":\"20190930\",\"Status\":\"gueltig\",\"LinArt\":\"ausgezogen\",\"ArtWG\":\"ausserhalb_Bauzonen\",\"Code\":\"1\",\"Bezeich\":\"4140\",\"Verbindl\":\"Nutzungsplanfestlegung\",\"NWaldstr\":\"nein\",\"Geolink\":\"75\",\"OEREBexport\":\"ja\",\"Shape\":\"Polyline\",\"Shape.STLength()\":\"2017.258575\"}},{\"layerId\":92,\"layerName\":\"Grundwasserschutzzonen\",\"displayFieldName\":\"NUMMER\",\"value\":\"030.089\",\"attributes\":{\"OBJECTID\":\"2230\",\"NUMMER\":\"030.089\",\"TYP\":\"S2\",\"TYPKANT\":\"S2\",\"ISTARECHT\":\"falsch\",\"RECHTSSTAT\":\"inKraft\",\"RECHTDATUM\":\"14.11.2022\",\"BEMSTATUS\":\"Null\",\"GEOLINK\":\"514\",\"BEZEICHNUNG\":\"Quellwasserfassungen
        Fornen, Stammling, Br\xF6nni, Beidel, R\xFCti, Cheeslih\xFCbel, Untere Br\xFCel,
        Hintere Br\xFCel und Obere Br\xFCel\",\"OEREBexport\":\"ja\",\"Shape\":\"Polygon\",\"SHAPE.STArea()\":\"45365.32645\",\"SHAPE.STLength()\":\"1203.928626\"}},{\"layerId\":92,\"layerName\":\"Grundwasserschutzzonen\",\"displayFieldName\":\"NUMMER\",\"value\":\"030.089\",\"attributes\":{\"OBJECTID\":\"2231\",\"NUMMER\":\"030.089\",\"TYP\":\"S3\",\"TYPKANT\":\"S3\",\"ISTARECHT\":\"falsch\",\"RECHTSSTAT\":\"inKraft\",\"RECHTDATUM\":\"14.11.2022\",\"BEMSTATUS\":\"Null\",\"GEOLINK\":\"514\",\"BEZEICHNUNG\":\"Quellwasserfassungen
        Fornen, Stammling, Br\xF6nni, Beidel, R\xFCti, Cheeslih\xFCbel, Untere Br\xFCel,
        Hintere Br\xFCel und Obere Br\xFCel\",\"OEREBexport\":\"ja\",\"Shape\":\"Polygon\",\"SHAPE.STArea()\":\"42070.651999\",\"SHAPE.STLength()\":\"1377.565716\"}},{\"layerId\":93,\"layerName\":\"Gew\xE4sserschutzbereich
        Au\",\"displayFieldName\":\"TYP\",\"value\":\"Au\",\"attributes\":{\"OBJECTID_1\":\"45\",\"OBJECTID\":\"6\",\"TYP\":\"Au\",\"Shape\":\"Polygon\",\"SHAPE.STArea()\":\"418252121.725739\",\"SHAPE.STLength()\":\"942348.004738\"}},{\"layerId\":134,\"layerName\":\"Gefahrenhinweiskarte:
        Prozess permanente Rutschungen\",\"displayFieldName\":\"quelle\",\"value\":\"3\",\"attributes\":{\"OBJECTID\":\"1002\",\"quelle\":\"3\",\"Klasse\":\"permanenter
        Rutsch\",\"PERMARU_ID\":\"1002\",\"SHAPE\":\"Polygon\",\"SHAPE.STArea()\":\"154066.709084\",\"SHAPE.STLength()\":\"1734.082467\"}},{\"layerId\":147,\"layerName\":\"Kulturlandplan:
        zusammengefasste Legende (6 Kategorien)\",\"displayFieldName\":\"NameNummer\",\"value\":\"154659\",\"attributes\":{\"OBJECTID\":\"154659\",\"GDENR\":\"Oberkulm
        4140\",\"HNCode\":\"21\",\"HNBez\":\"Allgemeine Landwirtschaftszonen\",\"KTAAbk\":\"Landwirtschaftszonen\",\"KTCode\":\"2111\",\"KTAbk\":\"AL\",\"KTBez\":\"Allgemeine
        Landwirtschaftszone\",\"KTVerb\":\"Nutzungsplanfestlegung\",\"GDECode\":\"211101\",\"GDEBez\":\"Landwirtschaftszone
        I\",\"GDEAbk\":\"LWZI\",\"GDEZweck\":\"Null\",\"GDEVerb\":\"Nutzungsplanfestlegung\",\"AZmin\":\"Null\",\"AZmax\":\"Null\",\"BMZmin\":\"Null\",\"BMZmax\":\"Null\",\"GFZmin\":\"Null\",\"GFZmax\":\"Null\",\"UEZmin\":\"Null\",\"UEZmax\":\"Null\",\"GZ\":\"Null\",\"WNZ\":\"Null\",\"NameNummer\":\"Null\",\"ES\":\"keine_ES\",\"ES_aufgest\":\"nein\",\"Strasse\":\"Null\",\"Rechtsstatus\":\"inKraft\",\"RRBNr\":\"1994-000492\",\"Bemerkung\":\"Null\",\"GeschNr\":\"BVUARE.86.440\",\"UB\":\"Null\",\"KTLabel\":\"Null\",\"Geolink\":\"3111\",\"Geolink_ES\":\"Null\",\"Link\":\"https://oereblex.ag.ch/api/geolinks/3111.html\",\"OEREBexport\":\"ja\",\"OEREBexport_ES\":\"nein\",\"OEREBexport_GWR\":\"nein\",\"Shape\":\"Polygon\",\"Shape.STArea()\":\"1964426.408708\",\"Shape.STLength()\":\"28852.084518\"}},{\"layerId\":147,\"layerName\":\"Kulturlandplan:
        zusammengefasste Legende (6 Kategorien)\",\"displayFieldName\":\"NameNummer\",\"value\":\"28114\",\"attributes\":{\"OBJECTID\":\"28114\",\"GDENR\":\"Oberkulm
        4140\",\"HNCode\":\"44\",\"HNBez\":\"Wald\",\"KTAAbk\":\"Wald\",\"KTCode\":\"4491\",\"KTAbk\":\"Wa\",\"KTBez\":\"Wald\",\"KTVerb\":\"Orientierungsinhalt\",\"GDECode\":\"449101\",\"GDEBez\":\"Wald\",\"GDEAbk\":\"Wald\",\"GDEZweck\":\"Null\",\"GDEVerb\":\"orientierend\",\"AZmin\":\"Null\",\"AZmax\":\"Null\",\"BMZmin\":\"Null\",\"BMZmax\":\"Null\",\"GFZmin\":\"Null\",\"GFZmax\":\"Null\",\"UEZmin\":\"Null\",\"UEZmax\":\"Null\",\"GZ\":\"Null\",\"WNZ\":\"Null\",\"NameNummer\":\"Null\",\"ES\":\"keine_ES\",\"ES_aufgest\":\"nein\",\"Strasse\":\"nein\",\"Rechtsstatus\":\"inKraft\",\"RRBNr\":\"1994-000492\",\"Bemerkung\":\"Null\",\"GeschNr\":\"BVUARE.86.440\",\"UB\":\"Null\",\"KTLabel\":\"Null\",\"Geolink\":\"3111\",\"Geolink_ES\":\"Null\",\"Link\":\"https://oereblex.ag.ch/api/geolinks/3111.html\",\"OEREBexport\":\"nein\",\"OEREBexport_ES\":\"nein\",\"OEREBexport_GWR\":\"nein\",\"Shape\":\"Polygon\",\"Shape.STArea()\":\"67347.229953\",\"Shape.STLength()\":\"2011.774547\"}}]}"
    headers:
      Access-Control-Allow-Headers:
      - '*'
      Cache-Control:
      - must-revalidate,max-age=0,public
      Connection:
      - Keep-Alive
      Content-Encoding:
      - gzip
      Content-Length:
      - '1886'
      Content-Type:
      - application/json; charset=UTF-8
      Date:
      - Wed, 22 Jan 2025 10:59:56 GMT
      ETag:
      - '"776de557"'
      Keep-Alive:
      - timeout=5, max=100
      Set-Cookie:
      - AGS_ROLES="wHTy1P0sKwtYMcMhA2WNy9xVE9RNTUGZ5dGP4eL4RKNLyXb5UA9YkA=="; Version=1;
        Max-Age=60; Expires=Wed, 22 Jan 2025 11:00:56 GMT; Path=/geoportal/rest; HttpOnly
      - XWAF=1775142849.47873.0000; path=/; Httponly; Secure
      - 'TS014419e9=0100bce510bee79adef0d28e7f68dabc3cf98adf0d5052903f223d330ff5acbe04c1eef1a737b34d557c9c4e3007812ba7a6550d13682468e38aeba27d034ed0be2b7f5f38;
        Path=/; Domain=.www.ag.ch; '
      - TS01975bae=0100bce5105e17acbd3ebc8644283d5866420960805052903f223d330ff5acbe04c1eef1a7734944aa7a0d2807f56f8369ca216386f7adebc4769b3d5429ca4a60ef593d1f;
        path=/geoportal/rest
      Strict-Transport-Security:
      - max-age=16070400; includeSubDomains
      Vary:
      - Origin
      X-Content-Type-Options:
      - nosniff
    status:
      code: 200
      message: OK
version: 1
